 zlibwapi

 Timestamp is 64e12b4b (Sun Aug 20 08:51:23 2023)

 Preferred load address is 0000000180000000

 Start         Length     Name                   Class
 0001:00000000 000121f0H .text$mn                CODE
 0001:000121f0 00000036H .text$mn$00             CODE
 0001:00012226 00000092H .text$x                 CODE
 0002:00000000 00000250H .idata$5                DATA
 0002:00000250 00000038H .00cfg                  DATA
 0002:00000288 00000008H .CRT$XCA                DATA
 0002:00000290 00000008H .CRT$XCZ                DATA
 0002:00000298 00000008H .CRT$XIA                DATA
 0002:000002a0 00000008H .CRT$XIZ                DATA
 0002:000002a8 00000008H .CRT$XPA                DATA
 0002:000002b0 00000008H .CRT$XPZ                DATA
 0002:000002b8 00000008H .CRT$XTA                DATA
 0002:000002c0 00000010H .CRT$XTZ                DATA
 0002:000002c8 00000000H .gehcont$y              DATA
 0002:000002c8 00000000H .gfids$y                DATA
 0002:000002d0 00004d30H .rdata                  DATA
 0002:00005000 00000080H .rdata$CastGuardVftablesA DATA
 0002:00005080 00000080H .rdata$CastGuardVftablesC DATA
 0002:00005100 00000088H .rdata$voltmd           DATA
 0002:00005188 00000328H .rdata$zzzdbg           DATA
 0002:000054b0 00000008H .rtc$IAA                DATA
 0002:000054b8 00000008H .rtc$IZZ                DATA
 0002:000054c0 00000008H .rtc$TAA                DATA
 0002:000054c8 00000008H .rtc$TZZ                DATA
 0002:000054d0 000017d0H .xdata                  DATA
 0002:00006ca0 00000d50H .edata                  DATA
 0002:000079f0 000000a0H .idata$2                DATA
 0002:00007a90 00000018H .idata$3                DATA
 0002:00007aa8 00000250H .idata$4                DATA
 0002:00007cf8 0000052cH .idata$6                DATA
 0003:00000000 00000040H .data                   DATA
 0003:00000040 000000a8H .bss                    DATA
 0004:00000000 00001164H .pdata                  DATA
 0005:00000000 00000060H .rsrc$01                DATA
 0005:00000060 00000338H .rsrc$02                DATA

  Address         Publics by Value              Rva+Base               Lib:Object

 0000:00000000       __AbsoluteZero             0000000000000000     <absolute>
 0000:00000000       ___safe_se_handler_count   0000000000000000     <absolute>
 0000:00000000       ___safe_se_handler_table   0000000000000000     <absolute>
 0000:00000000       __arm64x_extra_rfe_table   0000000000000000     <absolute>
 0000:00000000       __arm64x_extra_rfe_table_size 0000000000000000     <absolute>
 0000:00000000       __arm64x_native_entrypoint 0000000000000000     <absolute>
 0000:00000000       __arm64x_redirection_metadata 0000000000000000     <absolute>
 0000:00000000       __arm64x_redirection_metadata_count 0000000000000000     <absolute>
 0000:00000000       __dynamic_value_reloc_table 0000000000000000     <absolute>
 0000:00000000       __enclave_config           0000000000000000     <absolute>
 0000:00000000       __guard_check_icall_a64n_fptr 0000000000000000     <absolute>
 0000:00000000       __guard_eh_cont_count      0000000000000000     <absolute>
 0000:00000000       __guard_eh_cont_table      0000000000000000     <absolute>
 0000:00000000       __guard_fids_count         0000000000000000     <absolute>
 0000:00000000       __guard_fids_table         0000000000000000     <absolute>
 0000:00000000       __guard_iat_count          0000000000000000     <absolute>
 0000:00000000       __guard_iat_table          0000000000000000     <absolute>
 0000:00000000       __guard_longjmp_count      0000000000000000     <absolute>
 0000:00000000       __guard_longjmp_table      0000000000000000     <absolute>
 0000:00000000       __hybrid_auxiliary_delayload_iat 0000000000000000     <absolute>
 0000:00000000       __hybrid_auxiliary_delayload_iat_copy 0000000000000000     <absolute>
 0000:00000000       __hybrid_auxiliary_iat     0000000000000000     <absolute>
 0000:00000000       __hybrid_auxiliary_iat_copy 0000000000000000     <absolute>
 0000:00000000       __hybrid_code_map          0000000000000000     <absolute>
 0000:00000000       __hybrid_code_map_count    0000000000000000     <absolute>
 0000:00000000       __x64_code_ranges_to_entry_points 0000000000000000     <absolute>
 0000:00000000       __x64_code_ranges_to_entry_points_count 0000000000000000     <absolute>
 0000:00000100       __guard_flags              0000000000000100     <absolute>
 0000:00000000       __ImageBase                0000000180000000     <linker-defined>
 0001:00000000       adler32_z                  0000000180001000 f   adler32.obj
 0001:000002e0       adler32                    00000001800012e0 f   adler32.obj
 0001:000003d0       adler32_combine            00000001800013d0 f   adler32.obj
 0001:000003e0       compress2                  00000001800013e0 f   compress.obj
 0001:000004e0       compress                   00000001800014e0 f   compress.obj
 0001:00000500       compressBound              0000000180001500 f   compress.obj
 0001:000005c0       get_crc_table              00000001800015c0 f   crc32.obj
 0001:00000650       crc32_z                    0000000180001650 f   crc32.obj
 0001:00000a10       crc32                      0000000180001a10 f   crc32.obj
 0001:00000a20       crc32_combine64            0000000180001a20 f   crc32.obj
 0001:00000a50       crc32_combine              0000000180001a50 f   crc32.obj
 0001:00000a60       crc32_combine_gen64        0000000180001a60 f   crc32.obj
 0001:00000a70       crc32_combine_gen          0000000180001a70 f   crc32.obj
 0001:00000a80       crc32_combine_op           0000000180001a80 f   crc32.obj
 0001:00000df0       deflateInit_               0000000180001df0 f   deflate.obj
 0001:00000e30       deflateInit2_              0000000180001e30 f   deflate.obj
 0001:00001120       deflateSetDictionary       0000000180002120 f   deflate.obj
 0001:00001310       deflateGetDictionary       0000000180002310 f   deflate.obj
 0001:00001390       deflateResetKeep           0000000180002390 f   deflate.obj
 0001:000014e0       deflateReset               00000001800024e0 f   deflate.obj
 0001:00001510       deflateSetHeader           0000000180002510 f   deflate.obj
 0001:00001550       deflatePending             0000000180002550 f   deflate.obj
 0001:000015a0       deflatePrime               00000001800025a0 f   deflate.obj
 0001:00001660       deflateParams              0000000180002660 f   deflate.obj
 0001:000017e0       deflateTune                00000001800027e0 f   deflate.obj
 0001:00001830       deflateBound               0000000180002830 f   deflate.obj
 0001:00001a30       deflate                    0000000180002a30 f   deflate.obj
 0001:00002390       deflateEnd                 0000000180003390 f   deflate.obj
 0001:00002440       deflateCopy                0000000180003440 f   deflate.obj
 0001:00003b40       gzclose                    0000000180004b40 f   gzclose.obj
 0001:00003b60       __local_stdio_printf_options 0000000180004b60 f i gzlib.obj
 0001:00003b70       vsnprintf                  0000000180004b70 f i gzlib.obj
 0001:00003be0       snprintf                   0000000180004be0 f i gzlib.obj
 0001:00003fc0       gzopen                     0000000180004fc0 f   gzlib.obj
 0001:00003fd0       gzdopen                    0000000180004fd0 f   gzlib.obj
 0001:00004060       gzopen_w                   0000000180005060 f   gzlib.obj
 0001:00004070       gzbuffer                   0000000180005070 f   gzlib.obj
 0001:000040b0       gzrewind                   00000001800050b0 f   gzlib.obj
 0001:00004110       gzseek64                   0000000180005110 f   gzlib.obj
 0001:00004260       gzseek                     0000000180005260 f   gzlib.obj
 0001:00004290       gztell64                   0000000180005290 f   gzlib.obj
 0001:000042d0       gztell                     00000001800052d0 f   gzlib.obj
 0001:000042f0       gzoffset64                 00000001800052f0 f   gzlib.obj
 0001:00004350       gzoffset                   0000000180005350 f   gzlib.obj
 0001:00004370       gzeof                      0000000180005370 f   gzlib.obj
 0001:00004390       gzerror                    0000000180005390 f   gzlib.obj
 0001:000043e0       gzclearerr                 00000001800053e0 f   gzlib.obj
 0001:00004420       gz_error                   0000000180005420 f   gzlib.obj
 0001:00004bf0       gzread                     0000000180005bf0 f   gzread.obj
 0001:00004c60       gzfread                    0000000180005c60 f   gzread.obj
 0001:00004ce0       gzgetc                     0000000180005ce0 f   gzread.obj
 0001:00004d60       gzgetc_                    0000000180005d60 f   gzread.obj
 0001:00004d70       gzungetc                   0000000180005d70 f   gzread.obj
 0001:00004eb0       gzgets                     0000000180005eb0 f   gzread.obj
 0001:00004ff0       gzdirect                   0000000180005ff0 f   gzread.obj
 0001:00005030       gzclose_r                  0000000180006030 f   gzread.obj
 0001:000055d0       gzwrite                    00000001800065d0 f   gzwrite.obj
 0001:00005620       gzfwrite                   0000000180006620 f   gzwrite.obj
 0001:000056a0       gzputc                     00000001800066a0 f   gzwrite.obj
 0001:00005770       gzputs                     0000000180006770 f   gzwrite.obj
 0001:00005800       gzvprintf                  0000000180006800 f   gzwrite.obj
 0001:00005990       gzprintf                   0000000180006990 f   gzwrite.obj
 0001:000059c0       gzflush                    00000001800069c0 f   gzwrite.obj
 0001:00005a30       gzsetparams                0000000180006a30 f   gzwrite.obj
 0001:00005af0       gzclose_w                  0000000180006af0 f   gzwrite.obj
 0001:00005bc0       inflateBackInit_           0000000180006bc0 f   infback.obj
 0001:00005d10       inflateBack                0000000180006d10 f   infback.obj
 0001:00006bd0       inflateBackEnd             0000000180007bd0 f   infback.obj
 0001:00006c20       inflate_fast               0000000180007c20 f   inffast.obj
 0001:00007160       inflateResetKeep           0000000180008160 f   inflate.obj
 0001:00007200       inflateReset               0000000180008200 f   inflate.obj
 0001:00007230       inflateReset2              0000000180008230 f   inflate.obj
 0001:000072d0       inflateInit2_              00000001800082d0 f   inflate.obj
 0001:000073d0       inflateInit_               00000001800083d0 f   inflate.obj
 0001:000073e0       inflatePrime               00000001800083e0 f   inflate.obj
 0001:00007590       inflate                    0000000180008590 f   inflate.obj
 0001:00008db0       inflateEnd                 0000000180009db0 f   inflate.obj
 0001:00008e10       inflateGetDictionary       0000000180009e10 f   inflate.obj
 0001:00008ea0       inflateSetDictionary       0000000180009ea0 f   inflate.obj
 0001:00008f60       inflateGetHeader           0000000180009f60 f   inflate.obj
 0001:00009010       inflateSync                000000018000a010 f   inflate.obj
 0001:00009160       inflateSyncPoint           000000018000a160 f   inflate.obj
 0001:000091a0       inflateCopy                000000018000a1a0 f   inflate.obj
 0001:00009350       inflateUndermine           000000018000a350 f   inflate.obj
 0001:00009380       inflateValidate            000000018000a380 f   inflate.obj
 0001:000093c0       inflateMark                000000018000a3c0 f   inflate.obj
 0001:00009430       inflateCodesUsed           000000018000a430 f   inflate.obj
 0001:00009470       inflate_table              000000018000a470 f   inftrees.obj
 0001:00009a30       call_zopen64               000000018000aa30 f   ioapi.obj
 0001:00009a50       call_zseek64               000000018000aa50 f   ioapi.obj
 0001:00009a80       call_ztell64               000000018000aa80 f   ioapi.obj
 0001:00009ac0       fill_zlib_filefunc64_32_def_from_filefunc32 000000018000aac0 f   ioapi.obj
 0001:00009cf0       fill_fopen64_filefunc      000000018000acf0 f   ioapi.obj
 0001:00009e20       win32_open64_file_func     000000018000ae20 f   iowin32.obj
 0001:00009ea0       win32_open64_file_funcA    000000018000aea0 f   iowin32.obj
 0001:00009f20       win32_open64_file_funcW    000000018000af20 f   iowin32.obj
 0001:00009fa0       win32_open_file_func       000000018000afa0 f   iowin32.obj
 0001:0000a020       win32_read_file_func       000000018000b020 f   iowin32.obj
 0001:0000a090       win32_write_file_func      000000018000b090 f   iowin32.obj
 0001:0000a170       win32_tell_file_func       000000018000b170 f   iowin32.obj
 0001:0000a1d0       win32_tell64_file_func     000000018000b1d0 f   iowin32.obj
 0001:0000a230       win32_seek_file_func       000000018000b230 f   iowin32.obj
 0001:0000a2b0       win32_seek64_file_func     000000018000b2b0 f   iowin32.obj
 0001:0000a330       win32_close_file_func      000000018000b330 f   iowin32.obj
 0001:0000a370       win32_error_file_func      000000018000b370 f   iowin32.obj
 0001:0000a380       fill_win32_filefunc        000000018000b380 f   iowin32.obj
 0001:0000a3e0       fill_win32_filefunc64      000000018000b3e0 f   iowin32.obj
 0001:0000a440       fill_win32_filefunc64A     000000018000b440 f   iowin32.obj
 0001:0000a4a0       fill_win32_filefunc64W     000000018000b4a0 f   iowin32.obj
 0001:0000a900       _tr_init                   000000018000b900 f   trees.obj
 0001:0000b8a0       _tr_stored_block           000000018000c8a0 f   trees.obj
 0001:0000b9b0       _tr_flush_bits             000000018000c9b0 f   trees.obj
 0001:0000b9c0       _tr_align                  000000018000c9c0 f   trees.obj
 0001:0000bf90       _tr_flush_block            000000018000cf90 f   trees.obj
 0001:0000c1c0       uncompress2                000000018000d1c0 f   uncompr.obj
 0001:0000c320       uncompress                 000000018000d320 f   uncompr.obj
 0001:0000c590       unzStringFileNameCompare   000000018000d590 f   unzip.obj
 0001:0000cdb0       unzOpen2                   000000018000ddb0 f   unzip.obj
 0001:0000ce00       unzOpen2_64                000000018000de00 f   unzip.obj
 0001:0000ce60       unzOpen                    000000018000de60 f   unzip.obj
 0001:0000ce70       unzOpen64                  000000018000de70 f   unzip.obj
 0001:0000ce80       unzClose                   000000018000de80 f   unzip.obj
 0001:0000ced0       unzGetGlobalInfo64         000000018000ded0 f   unzip.obj
 0001:0000cef0       unzGetGlobalInfo           000000018000def0 f   unzip.obj
 0001:0000d500       unzGetCurrentFileInfo64    000000018000e500 f   unzip.obj
 0001:0000d550       unzGetCurrentFileInfo      000000018000e550 f   unzip.obj
 0001:0000d650       unzGoToFirstFile           000000018000e650 f   unzip.obj
 0001:0000d6d0       unzGoToNextFile            000000018000e6d0 f   unzip.obj
 0001:0000d790       unzLocateFile              000000018000e790 f   unzip.obj
 0001:0000d980       unzGetFilePos64            000000018000e980 f   unzip.obj
 0001:0000d9c0       unzGetFilePos              000000018000e9c0 f   unzip.obj
 0001:0000d9f0       unzGoToFilePos64           000000018000e9f0 f   unzip.obj
 0001:0000da70       unzGoToFilePos             000000018000ea70 f   unzip.obj
 0001:0000dcd0       unzOpenCurrentFile3        000000018000ecd0 f   unzip.obj
 0001:0000df70       unzOpenCurrentFile         000000018000ef70 f   unzip.obj
 0001:0000df90       unzOpenCurrentFilePassword 000000018000ef90 f   unzip.obj
 0001:0000dfb0       unzOpenCurrentFile2        000000018000efb0 f   unzip.obj
 0001:0000dfd0       unzGetCurrentFileZStreamPos64 000000018000efd0 f   unzip.obj
 0001:0000dff0       unzReadCurrentFile         000000018000eff0 f   unzip.obj
 0001:0000e2c0       unztell                    000000018000f2c0 f   unzip.obj
 0001:0000e2e0       unztell64                  000000018000f2e0 f   unzip.obj
 0001:0000e310       unzeof                     000000018000f310 f   unzip.obj
 0001:0000e340       unzGetLocalExtrafield      000000018000f340 f   unzip.obj
 0001:0000e430       unzCloseCurrentFile        000000018000f430 f   unzip.obj
 0001:0000e4e0       unzGetGlobalComment        000000018000f4e0 f   unzip.obj
 0001:0000f4d0       zipOpen3                   00000001800104d0 f   zip.obj
 0001:0000f670       zipOpen2                   0000000180010670 f   zip.obj
 0001:0000f6c0       zipOpen2_64                00000001800106c0 f   zip.obj
 0001:0000f720       zipOpen                    0000000180010720 f   zip.obj
 0001:0000f730       zipOpen64                  0000000180010730 f   zip.obj
 0001:0000f9a0       zipOpenNewFileInZip4_64    00000001800109a0 f   zip.obj
 0001:0000ffa0       zipOpenNewFileInZip3       0000000180010fa0 f   zip.obj
 0001:00010050       zipOpenNewFileInZip3_64    0000000180011050 f   zip.obj
 0001:00010110       zipOpenNewFileInZip2       0000000180011110 f   zip.obj
 0001:000101a0       zipOpenNewFileInZip2_64    00000001800111a0 f   zip.obj
 0001:00010240       zipOpenNewFileInZip64      0000000180011240 f   zip.obj
 0001:000102d0       zipOpenNewFileInZip        00000001800112d0 f   zip.obj
 0001:00010440       zipWriteInFileInZip        0000000180011440 f   zip.obj
 0001:000105a0       zipCloseFileInZipRaw       00000001800115a0 f   zip.obj
 0001:000105b0       zipCloseFileInZipRaw64     00000001800115b0 f   zip.obj
 0001:00010a30       zipCloseFileInZip          0000000180011a30 f   zip.obj
 0001:00010db0       zipClose                   0000000180011db0 f   zip.obj
 0001:00010f20       zlibVersion                0000000180011f20 f   zutil.obj
 0001:00010f30       zlibCompileFlags           0000000180011f30 f   zutil.obj
 0001:00010f40       zError                     0000000180011f40 f   zutil.obj
 0001:00010f60       zcalloc                    0000000180011f60 f   zutil.obj
 0001:00010f70       zcfree                     0000000180011f70 f   zutil.obj
 0001:00010f7a       ReadFile                   0000000180011f7a f   kernel32:KERNEL32.dll
 0001:00010f80       WriteFile                  0000000180011f80 f   kernel32:KERNEL32.dll
 0001:00010f86       SetFilePointer             0000000180011f86 f   kernel32:KERNEL32.dll
 0001:00010f8c       CreateFileW                0000000180011f8c f   kernel32:KERNEL32.dll
 0001:00010f92       GetLastError               0000000180011f92 f   kernel32:KERNEL32.dll
 0001:00010f98       CreateFileA                0000000180011f98 f   kernel32:KERNEL32.dll
 0001:00010f9e       CloseHandle                0000000180011f9e f   kernel32:KERNEL32.dll
 0001:000112e0       _CRT_INIT                  00000001800122e0 f   MSVCRT:dll_dllmain.obj
 0001:000112e8       _DllMainCRTStartup         00000001800122e8 f   MSVCRT:dll_dllmain.obj
 0001:00011394       __security_init_cookie     0000000180012394 f   MSVCRT:gs_support.obj
 0001:00011440       DllMain                    0000000180012440 f   MSVCRT:dll_dllmain_stub.obj
 0001:00011464       ?__scrt_initialize_type_info@@YAXXZ 0000000180012464 f   MSVCRT:tncleanup.obj
 0001:00011474       ?__scrt_uninitialize_type_info@@YAXXZ 0000000180012474 f   MSVCRT:tncleanup.obj
 0001:00011480       __local_stdio_scanf_options 0000000180012480 f i MSVCRT:default_local_stdio_options.obj
 0001:00011488       __scrt_initialize_default_local_stdio_options 0000000180012488 f   MSVCRT:default_local_stdio_options.obj
 0001:000114a4       ?configure_argv@__scrt_narrow_argv_policy@@SAHXZ 00000001800124a4 f i MSVCRT:utility.obj
 0001:00011504       ?initialize_environment@__scrt_narrow_environment_policy@@SAHXZ 0000000180012504 f i MSVCRT:utility.obj
 0001:0001153c       NtCurrentTeb               000000018001253c f i MSVCRT:utility.obj
 0001:00011548       __scrt_acquire_startup_lock 0000000180012548 f   MSVCRT:utility.obj
 0001:00011584       __scrt_dllmain_after_initialize_c 0000000180012584 f   MSVCRT:utility.obj
 0001:000115b8       __scrt_dllmain_before_initialize_c 00000001800125b8 f   MSVCRT:utility.obj
 0001:000115d0       __scrt_dllmain_crt_thread_attach 00000001800125d0 f   MSVCRT:utility.obj
 0001:000115f8       __scrt_dllmain_crt_thread_detach 00000001800125f8 f   MSVCRT:utility.obj
 0001:00011610       __scrt_dllmain_exception_filter 0000000180012610 f   MSVCRT:utility.obj
 0001:00011670       __scrt_dllmain_uninitialize_c 0000000180012670 f   MSVCRT:utility.obj
 0001:000116a0       __scrt_dllmain_uninitialize_critical 00000001800126a0 f   MSVCRT:utility.obj
 0001:000116b4       __scrt_initialize_crt      00000001800126b4 f   MSVCRT:utility.obj
 0001:00011700       __scrt_initialize_onexit_tables 0000000180012700 f   MSVCRT:utility.obj
 0001:0001178c       __scrt_is_nonwritable_in_current_image 000000018001278c f   MSVCRT:utility.obj
 0001:00011824       __scrt_release_startup_lock 0000000180012824 f   MSVCRT:utility.obj
 0001:00011848       __scrt_uninitialize_crt    0000000180012848 f   MSVCRT:utility.obj
 0001:00011874       _onexit                    0000000180012874 f   MSVCRT:utility.obj
 0001:000118b0       at_quick_exit              00000001800128b0 f   MSVCRT:utility.obj
 0001:000118d0       atexit                     00000001800128d0 f   MSVCRT:utility.obj
 0001:000118e8       __scrt_get_dyn_tls_init_callback 00000001800128e8 f   MSVCRT:dyn_tls_init.obj
 0001:000118f0       __crt_debugger_hook        00000001800128f0 f   MSVCRT:utility_desktop.obj
 0001:000118f8       __scrt_fastfail            00000001800128f8 f   MSVCRT:utility_desktop.obj
 0001:00011a44       __scrt_get_show_window_mode 0000000180012a44 f   MSVCRT:utility_desktop.obj
 0001:00011a80       __scrt_initialize_mta      0000000180012a80 f   MSVCRT:utility_desktop.obj
 0001:00011a88       __scrt_initialize_winrt    0000000180012a88 f   MSVCRT:utility_desktop.obj
 0001:00011a8c       __scrt_is_managed_app      0000000180012a8c f   MSVCRT:utility_desktop.obj
 0001:00011ae0       __scrt_set_unhandled_exception_filter 0000000180012ae0 f   MSVCRT:utility_desktop.obj
 0001:00011af0       __scrt_exe_initialize_mta  0000000180012af0 f   MSVCRT:utility_desktop.obj
 0001:00011af0       __scrt_stub_for_initialize_mta 0000000180012af0 f   MSVCRT:utility_desktop.obj
 0001:00011af4       __scrt_unhandled_exception_filter 0000000180012af4 f   MSVCRT:utility_desktop.obj
 0001:00011b50       _RTC_Initialize            0000000180012b50 f   MSVCRT:initsect.obj
 0001:00011b8c       _RTC_Terminate             0000000180012b8c f   MSVCRT:initsect.obj
 0001:00011bc8       _guard_check_icall_nop     0000000180012bc8 f i MSVCRT:guard_support.obj
 0001:00011bcc       ReadNoFence64              0000000180012bcc f i MSVCRT:guard_support.obj
 0001:00011bd0       ReadPointerNoFence         0000000180012bd0 f i MSVCRT:guard_support.obj
 0001:00011bd4       __castguard_check_failure_debugbreak 0000000180012bd4 f i MSVCRT:guard_support.obj
 0001:00011bf0       __castguard_check_failure_fastfail 0000000180012bf0 f i MSVCRT:guard_support.obj
 0001:00011c14       __castguard_check_failure_nop 0000000180012c14 f i MSVCRT:guard_support.obj
 0001:00011c18       __castguard_check_failure_os_handled 0000000180012c18 f i MSVCRT:guard_support.obj
 0001:00011c74       __castguard_check_failure_user_handled 0000000180012c74 f i MSVCRT:guard_support.obj
 0001:00011ce8       __castguard_set_user_handler 0000000180012ce8 f i MSVCRT:guard_support.obj
 0001:00011cf4       __castguard_slow_path_check_debugbreak 0000000180012cf4 f i MSVCRT:guard_support.obj
 0001:00011d28       __castguard_slow_path_check_fastfail 0000000180012d28 f i MSVCRT:guard_support.obj
 0001:00011d64       __castguard_slow_path_check_nop 0000000180012d64 f i MSVCRT:guard_support.obj
 0001:00011d68       __castguard_slow_path_check_os_handled 0000000180012d68 f i MSVCRT:guard_support.obj
 0001:00011dbc       __castguard_slow_path_check_user_handled 0000000180012dbc f i MSVCRT:guard_support.obj
 0001:00011e28       _guard_icall_checks_enforced 0000000180012e28 f i MSVCRT:guard_support.obj
 0001:00011e40       _guard_rf_checks_enforced  0000000180012e40 f i MSVCRT:guard_support.obj
 0001:00011e44       __isa_available_init       0000000180012e44 f   MSVCRT:cpu_disp.obj
 0001:00011ff0       _get_startup_argv_mode     0000000180012ff0 f   MSVCRT:argv_mode.obj
 0001:00011ff8       __scrt_is_ucrt_dll_in_use  0000000180012ff8 f   MSVCRT:ucrt_detection.obj
 0001:00012010       __C_specific_handler       0000000180013010 f   vcruntime:VCRUNTIME140.dll
 0001:00012016       __std_type_info_destroy_list 0000000180013016 f   vcruntime:VCRUNTIME140.dll
 0001:0001201c       __current_exception        000000018001301c f   vcruntime:VCRUNTIME140.dll
 0001:00012022       __current_exception_context 0000000180013022 f   vcruntime:VCRUNTIME140.dll
 0001:00012028       memset                     0000000180013028 f   vcruntime:VCRUNTIME140.dll
 0001:0001202e       _lseeki64                  000000018001302e f   ucrt:api-ms-win-crt-stdio-l1-1-0.dll
 0001:00012034       _wopen                     0000000180013034 f   ucrt:api-ms-win-crt-stdio-l1-1-0.dll
 0001:0001203a       _open                      000000018001303a f   ucrt:api-ms-win-crt-stdio-l1-1-0.dll
 0001:00012040       wcstombs                   0000000180013040 f   ucrt:api-ms-win-crt-convert-l1-1-0.dll
 0001:00012046       __stdio_common_vsprintf    0000000180013046 f   ucrt:api-ms-win-crt-stdio-l1-1-0.dll
 0001:0001204c       free                       000000018001304c f   ucrt:api-ms-win-crt-heap-l1-1-0.dll
 0001:00012052       malloc                     0000000180013052 f   ucrt:api-ms-win-crt-heap-l1-1-0.dll
 0001:00012058       _read                      0000000180013058 f   ucrt:api-ms-win-crt-stdio-l1-1-0.dll
 0001:0001205e       _close                     000000018001305e f   ucrt:api-ms-win-crt-stdio-l1-1-0.dll
 0001:00012064       _errno                     0000000180013064 f   ucrt:api-ms-win-crt-runtime-l1-1-0.dll
 0001:0001206a       strerror                   000000018001306a f   ucrt:api-ms-win-crt-runtime-l1-1-0.dll
 0001:00012070       _write                     0000000180013070 f   ucrt:api-ms-win-crt-stdio-l1-1-0.dll
 0001:00012076       ftell                      0000000180013076 f   ucrt:api-ms-win-crt-stdio-l1-1-0.dll
 0001:0001207c       ferror                     000000018001307c f   ucrt:api-ms-win-crt-stdio-l1-1-0.dll
 0001:00012082       fopen                      0000000180013082 f   ucrt:api-ms-win-crt-stdio-l1-1-0.dll
 0001:00012088       fclose                     0000000180013088 f   ucrt:api-ms-win-crt-stdio-l1-1-0.dll
 0001:0001208e       fseek                      000000018001308e f   ucrt:api-ms-win-crt-stdio-l1-1-0.dll
 0001:00012094       fwrite                     0000000180013094 f   ucrt:api-ms-win-crt-stdio-l1-1-0.dll
 0001:0001209a       _ftelli64                  000000018001309a f   ucrt:api-ms-win-crt-stdio-l1-1-0.dll
 0001:000120a0       fread                      00000001800130a0 f   ucrt:api-ms-win-crt-stdio-l1-1-0.dll
 0001:000120a6       _fseeki64                  00000001800130a6 f   ucrt:api-ms-win-crt-stdio-l1-1-0.dll
 0001:000120ac       srand                      00000001800130ac f   ucrt:api-ms-win-crt-utility-l1-1-0.dll
 0001:000120b2       rand                       00000001800130b2 f   ucrt:api-ms-win-crt-utility-l1-1-0.dll
 0001:000120b8       _time64                    00000001800130b8 f   ucrt:api-ms-win-crt-time-l1-1-0.dll
 0001:000120be       _initterm                  00000001800130be f   ucrt:api-ms-win-crt-runtime-l1-1-0.dll
 0001:000120c4       _initterm_e                00000001800130c4 f   ucrt:api-ms-win-crt-runtime-l1-1-0.dll
 0001:000120ca       _seh_filter_dll            00000001800130ca f   ucrt:api-ms-win-crt-runtime-l1-1-0.dll
 0001:000120d0       _configure_narrow_argv     00000001800130d0 f   ucrt:api-ms-win-crt-runtime-l1-1-0.dll
 0001:000120d6       _initialize_narrow_environment 00000001800130d6 f   ucrt:api-ms-win-crt-runtime-l1-1-0.dll
 0001:000120dc       _initialize_onexit_table   00000001800130dc f   ucrt:api-ms-win-crt-runtime-l1-1-0.dll
 0001:000120e2       _register_onexit_function  00000001800130e2 f   ucrt:api-ms-win-crt-runtime-l1-1-0.dll
 0001:000120e8       _execute_onexit_table      00000001800130e8 f   ucrt:api-ms-win-crt-runtime-l1-1-0.dll
 0001:000120ee       _crt_atexit                00000001800130ee f   ucrt:api-ms-win-crt-runtime-l1-1-0.dll
 0001:000120f4       _crt_at_quick_exit         00000001800130f4 f   ucrt:api-ms-win-crt-runtime-l1-1-0.dll
 0001:000120fa       _cexit                     00000001800130fa f   ucrt:api-ms-win-crt-runtime-l1-1-0.dll
 0001:00012100       terminate                  0000000180013100 f   ucrt:api-ms-win-crt-runtime-l1-1-0.dll
 0001:00012106       QueryPerformanceCounter    0000000180013106 f   kernel32:KERNEL32.dll
 0001:0001210c       GetCurrentProcessId        000000018001310c f   kernel32:KERNEL32.dll
 0001:00012112       GetCurrentThreadId         0000000180013112 f   kernel32:KERNEL32.dll
 0001:00012118       GetSystemTimeAsFileTime    0000000180013118 f   kernel32:KERNEL32.dll
 0001:0001211e       DisableThreadLibraryCalls  000000018001311e f   kernel32:KERNEL32.dll
 0001:00012124       InitializeSListHead        0000000180013124 f   kernel32:KERNEL32.dll
 0001:0001212a       RtlCaptureContext          000000018001312a f   kernel32:KERNEL32.dll
 0001:00012130       RtlLookupFunctionEntry     0000000180013130 f   kernel32:KERNEL32.dll
 0001:00012136       RtlVirtualUnwind           0000000180013136 f   kernel32:KERNEL32.dll
 0001:0001213c       IsDebuggerPresent          000000018001313c f   kernel32:KERNEL32.dll
 0001:00012142       UnhandledExceptionFilter   0000000180013142 f   kernel32:KERNEL32.dll
 0001:00012148       SetUnhandledExceptionFilter 0000000180013148 f   kernel32:KERNEL32.dll
 0001:0001214e       GetStartupInfoW            000000018001314e f   kernel32:KERNEL32.dll
 0001:00012154       IsProcessorFeaturePresent  0000000180013154 f   kernel32:KERNEL32.dll
 0001:0001215a       GetModuleHandleW           000000018001315a f   kernel32:KERNEL32.dll
 0001:00012160       __acrt_initialize          0000000180013160 f   MSVCRT:ucrt_stubs.obj
 0001:00012160       __scrt_stub_for_acrt_initialize 0000000180013160 f   MSVCRT:ucrt_stubs.obj
 0001:00012160       __vcrt_initialize          0000000180013160 f   MSVCRT:ucrt_stubs.obj
 0001:00012164       __acrt_thread_attach       0000000180013164 f   MSVCRT:ucrt_stubs.obj
 0001:00012164       __scrt_stub_for_acrt_thread_attach 0000000180013164 f   MSVCRT:ucrt_stubs.obj
 0001:00012164       __vcrt_thread_attach       0000000180013164 f   MSVCRT:ucrt_stubs.obj
 0001:00012168       __acrt_thread_detach       0000000180013168 f   MSVCRT:ucrt_stubs.obj
 0001:00012168       __scrt_stub_for_acrt_thread_detach 0000000180013168 f   MSVCRT:ucrt_stubs.obj
 0001:00012168       __vcrt_thread_detach       0000000180013168 f   MSVCRT:ucrt_stubs.obj
 0001:0001216c       __acrt_uninitialize        000000018001316c f   MSVCRT:ucrt_stubs.obj
 0001:0001216c       __scrt_stub_for_acrt_uninitialize 000000018001316c f   MSVCRT:ucrt_stubs.obj
 0001:0001216c       __vcrt_uninitialize        000000018001316c f   MSVCRT:ucrt_stubs.obj
 0001:00012170       __acrt_uninitialize_critical 0000000180013170 f   MSVCRT:ucrt_stubs.obj
 0001:00012170       __scrt_stub_for_acrt_uninitialize_critical 0000000180013170 f   MSVCRT:ucrt_stubs.obj
 0001:00012170       __vcrt_uninitialize_critical 0000000180013170 f   MSVCRT:ucrt_stubs.obj
 0001:00012174       __scrt_stub_for_is_c_termination_complete 0000000180013174 f   MSVCRT:ucrt_stubs.obj
 0001:00012174       _is_c_termination_complete 0000000180013174 f   MSVCRT:ucrt_stubs.obj
 0001:00012190       __chkstk                   0000000180013190 f   MSVCRT:chkstk.obj
 0001:00012190       _alloca_probe              0000000180013190 f   MSVCRT:chkstk.obj
 0001:000121de       memchr                     00000001800131de f   vcruntime:VCRUNTIME140.dll
 0001:000121e4       memcpy                     00000001800131e4 f   vcruntime:VCRUNTIME140.dll
 0001:000121ea       memmove                    00000001800131ea f   vcruntime:VCRUNTIME140.dll
 0001:00012200       _guard_dispatch_icall_nop  0000000180013200 f   MSVCRT:guard_dispatch.obj
 0001:00012220       _guard_xfg_dispatch_icall_nop 0000000180013220 f   MSVCRT:guard_xfg_dispatch.obj
 0002:00000000       __imp_ReadFile             0000000180014000     kernel32:KERNEL32.dll
 0002:00000008       __imp_WriteFile            0000000180014008     kernel32:KERNEL32.dll
 0002:00000010       __imp_SetFilePointer       0000000180014010     kernel32:KERNEL32.dll
 0002:00000018       __imp_CreateFileW          0000000180014018     kernel32:KERNEL32.dll
 0002:00000020       __imp_GetLastError         0000000180014020     kernel32:KERNEL32.dll
 0002:00000028       __imp_CreateFileA          0000000180014028     kernel32:KERNEL32.dll
 0002:00000030       __imp_CloseHandle          0000000180014030     kernel32:KERNEL32.dll
 0002:00000038       __imp_GetCurrentProcessId  0000000180014038     kernel32:KERNEL32.dll
 0002:00000040       __imp_GetCurrentThreadId   0000000180014040     kernel32:KERNEL32.dll
 0002:00000048       __imp_GetSystemTimeAsFileTime 0000000180014048     kernel32:KERNEL32.dll
 0002:00000050       __imp_DisableThreadLibraryCalls 0000000180014050     kernel32:KERNEL32.dll
 0002:00000058       __imp_InitializeSListHead  0000000180014058     kernel32:KERNEL32.dll
 0002:00000060       __imp_RtlCaptureContext    0000000180014060     kernel32:KERNEL32.dll
 0002:00000068       __imp_RtlLookupFunctionEntry 0000000180014068     kernel32:KERNEL32.dll
 0002:00000070       __imp_RtlVirtualUnwind     0000000180014070     kernel32:KERNEL32.dll
 0002:00000078       __imp_GetModuleHandleW     0000000180014078     kernel32:KERNEL32.dll
 0002:00000080       __imp_IsProcessorFeaturePresent 0000000180014080     kernel32:KERNEL32.dll
 0002:00000088       __imp_GetStartupInfoW      0000000180014088     kernel32:KERNEL32.dll
 0002:00000090       __imp_SetUnhandledExceptionFilter 0000000180014090     kernel32:KERNEL32.dll
 0002:00000098       __imp_UnhandledExceptionFilter 0000000180014098     kernel32:KERNEL32.dll
 0002:000000a0       __imp_IsDebuggerPresent    00000001800140a0     kernel32:KERNEL32.dll
 0002:000000a8       __imp_QueryPerformanceCounter 00000001800140a8     kernel32:KERNEL32.dll
 0002:000000b0       \177KERNEL32_NULL_THUNK_DATA 00000001800140b0     kernel32:KERNEL32.dll
 0002:000000b8       __imp___current_exception_context 00000001800140b8     vcruntime:VCRUNTIME140.dll
 0002:000000c0       __imp___current_exception  00000001800140c0     vcruntime:VCRUNTIME140.dll
 0002:000000c8       __imp___std_type_info_destroy_list 00000001800140c8     vcruntime:VCRUNTIME140.dll
 0002:000000d0       __imp___C_specific_handler 00000001800140d0     vcruntime:VCRUNTIME140.dll
 0002:000000d8       __imp_memset               00000001800140d8     vcruntime:VCRUNTIME140.dll
 0002:000000e0       __imp_memcpy               00000001800140e0     vcruntime:VCRUNTIME140.dll
 0002:000000e8       __imp_memchr               00000001800140e8     vcruntime:VCRUNTIME140.dll
 0002:000000f0       __imp_memmove              00000001800140f0     vcruntime:VCRUNTIME140.dll
 0002:000000f8       \177VCRUNTIME140_NULL_THUNK_DATA 00000001800140f8     vcruntime:VCRUNTIME140.dll
 0002:00000100       __imp_wcstombs             0000000180014100     ucrt:api-ms-win-crt-convert-l1-1-0.dll
 0002:00000108       \177api-ms-win-crt-convert-l1-1-0_NULL_THUNK_DATA 0000000180014108     ucrt:api-ms-win-crt-convert-l1-1-0.dll
 0002:00000110       __imp_malloc               0000000180014110     ucrt:api-ms-win-crt-heap-l1-1-0.dll
 0002:00000118       __imp_free                 0000000180014118     ucrt:api-ms-win-crt-heap-l1-1-0.dll
 0002:00000120       \177api-ms-win-crt-heap-l1-1-0_NULL_THUNK_DATA 0000000180014120     ucrt:api-ms-win-crt-heap-l1-1-0.dll
 0002:00000128       __imp_terminate            0000000180014128     ucrt:api-ms-win-crt-runtime-l1-1-0.dll
 0002:00000130       __imp__initterm            0000000180014130     ucrt:api-ms-win-crt-runtime-l1-1-0.dll
 0002:00000138       __imp__initterm_e          0000000180014138     ucrt:api-ms-win-crt-runtime-l1-1-0.dll
 0002:00000140       __imp__seh_filter_dll      0000000180014140     ucrt:api-ms-win-crt-runtime-l1-1-0.dll
 0002:00000148       __imp__configure_narrow_argv 0000000180014148     ucrt:api-ms-win-crt-runtime-l1-1-0.dll
 0002:00000150       __imp__initialize_narrow_environment 0000000180014150     ucrt:api-ms-win-crt-runtime-l1-1-0.dll
 0002:00000158       __imp__initialize_onexit_table 0000000180014158     ucrt:api-ms-win-crt-runtime-l1-1-0.dll
 0002:00000160       __imp__register_onexit_function 0000000180014160     ucrt:api-ms-win-crt-runtime-l1-1-0.dll
 0002:00000168       __imp__execute_onexit_table 0000000180014168     ucrt:api-ms-win-crt-runtime-l1-1-0.dll
 0002:00000170       __imp__crt_atexit          0000000180014170     ucrt:api-ms-win-crt-runtime-l1-1-0.dll
 0002:00000178       __imp__crt_at_quick_exit   0000000180014178     ucrt:api-ms-win-crt-runtime-l1-1-0.dll
 0002:00000180       __imp__cexit               0000000180014180     ucrt:api-ms-win-crt-runtime-l1-1-0.dll
 0002:00000188       __imp_strerror             0000000180014188     ucrt:api-ms-win-crt-runtime-l1-1-0.dll
 0002:00000190       __imp__errno               0000000180014190     ucrt:api-ms-win-crt-runtime-l1-1-0.dll
 0002:00000198       \177api-ms-win-crt-runtime-l1-1-0_NULL_THUNK_DATA 0000000180014198     ucrt:api-ms-win-crt-runtime-l1-1-0.dll
 0002:000001a0       __imp_fwrite               00000001800141a0     ucrt:api-ms-win-crt-stdio-l1-1-0.dll
 0002:000001a8       __imp__fseeki64            00000001800141a8     ucrt:api-ms-win-crt-stdio-l1-1-0.dll
 0002:000001b0       __imp__open                00000001800141b0     ucrt:api-ms-win-crt-stdio-l1-1-0.dll
 0002:000001b8       __imp_fread                00000001800141b8     ucrt:api-ms-win-crt-stdio-l1-1-0.dll
 0002:000001c0       __imp_fclose               00000001800141c0     ucrt:api-ms-win-crt-stdio-l1-1-0.dll
 0002:000001c8       __imp_fopen                00000001800141c8     ucrt:api-ms-win-crt-stdio-l1-1-0.dll
 0002:000001d0       __imp_ferror               00000001800141d0     ucrt:api-ms-win-crt-stdio-l1-1-0.dll
 0002:000001d8       __imp_ftell                00000001800141d8     ucrt:api-ms-win-crt-stdio-l1-1-0.dll
 0002:000001e0       __imp__write               00000001800141e0     ucrt:api-ms-win-crt-stdio-l1-1-0.dll
 0002:000001e8       __imp__lseeki64            00000001800141e8     ucrt:api-ms-win-crt-stdio-l1-1-0.dll
 0002:000001f0       __imp__wopen               00000001800141f0     ucrt:api-ms-win-crt-stdio-l1-1-0.dll
 0002:000001f8       __imp__close               00000001800141f8     ucrt:api-ms-win-crt-stdio-l1-1-0.dll
 0002:00000200       __imp__read                0000000180014200     ucrt:api-ms-win-crt-stdio-l1-1-0.dll
 0002:00000208       __imp__ftelli64            0000000180014208     ucrt:api-ms-win-crt-stdio-l1-1-0.dll
 0002:00000210       __imp_fseek                0000000180014210     ucrt:api-ms-win-crt-stdio-l1-1-0.dll
 0002:00000218       __imp___stdio_common_vsprintf 0000000180014218     ucrt:api-ms-win-crt-stdio-l1-1-0.dll
 0002:00000220       \177api-ms-win-crt-stdio-l1-1-0_NULL_THUNK_DATA 0000000180014220     ucrt:api-ms-win-crt-stdio-l1-1-0.dll
 0002:00000228       __imp__time64              0000000180014228     ucrt:api-ms-win-crt-time-l1-1-0.dll
 0002:00000230       \177api-ms-win-crt-time-l1-1-0_NULL_THUNK_DATA 0000000180014230     ucrt:api-ms-win-crt-time-l1-1-0.dll
 0002:00000238       __imp_srand                0000000180014238     ucrt:api-ms-win-crt-utility-l1-1-0.dll
 0002:00000240       __imp_rand                 0000000180014240     ucrt:api-ms-win-crt-utility-l1-1-0.dll
 0002:00000248       \177api-ms-win-crt-utility-l1-1-0_NULL_THUNK_DATA 0000000180014248     ucrt:api-ms-win-crt-utility-l1-1-0.dll
 0002:00000250       __guard_check_icall_fptr   0000000180014250     MSVCRT:guard_support.obj
 0002:00000258       __guard_xfg_check_icall_fptr 0000000180014258     MSVCRT:guard_support.obj
 0002:00000260       __guard_dispatch_icall_fptr 0000000180014260     MSVCRT:guard_support.obj
 0002:00000268       __guard_xfg_dispatch_icall_fptr 0000000180014268     MSVCRT:guard_support.obj
 0002:00000270       __guard_xfg_table_dispatch_icall_fptr 0000000180014270     MSVCRT:guard_support.obj
 0002:00000278       __castguard_check_failure_os_handled_fptr 0000000180014278     MSVCRT:guard_support.obj
 0002:00000280       __guard_memcpy_fptr        0000000180014280     vcruntime:softmemtag.obj
 0002:00000288       __xc_a                     0000000180014288     MSVCRT:initializers.obj
 0002:00000290       __xc_z                     0000000180014290     MSVCRT:initializers.obj
 0002:00000298       __xi_a                     0000000180014298     MSVCRT:initializers.obj
 0002:000002a0       __xi_z                     00000001800142a0     MSVCRT:initializers.obj
 0002:000002a8       __xp_a                     00000001800142a8     MSVCRT:initializers.obj
 0002:000002b0       __xp_z                     00000001800142b0     MSVCRT:initializers.obj
 0002:000002b8       __xt_a                     00000001800142b8     MSVCRT:initializers.obj
 0002:000002c0       __xt_z                     00000001800142c0     MSVCRT:initializers.obj
 0002:000002d0       _pDefaultRawDllMain        00000001800142d0     MSVCRT:dll_dllmain.obj
 0002:000002d0       _pRawDllMain               00000001800142d0     MSVCRT:dll_dllmain.obj
 0002:000002e0       __xmm@ffffffffffffffffffffffffffffffff 00000001800142e0     MSVCRT:utility.obj
 0002:000002f0       ??_C@_0P@OMHLKMHN@1?43?40?41?9motley@ 00000001800142f0     compress.obj
 0002:00003e90       _length_code               0000000180017e90     trees.obj
 0002:00003f90       _dist_code                 0000000180017f90     trees.obj
 0002:00004960       unz_copyright              0000000180018960     unzip.obj
 0002:000049c0       z_errmsg                   00000001800189c0     zutil.obj
 0002:00004a10       ??_C@_02DKCKIIND@?$CFs@    0000000180018a10     gzlib.obj
 0002:00004a18       ??_C@_07EBNKNFJN@?$DMfd?3?$CFd?$DO@ 0000000180018a18     gzlib.obj
 0002:00004a20       ??_C@_0O@BNNCBLEN@out?5of?5memory@ 0000000180018a20     gzlib.obj
 0002:00004a2e       ??_C@_00CNPNBAHC@@         0000000180018a2e     gzlib.obj
 0002:00004a30       ??_C@_02LMMGGCAJ@?3?5@     0000000180018a30     gzlib.obj
 0002:00004a34       ??_C@_06DIJPEION@?$CFs?$CFs?$CFs@ 0000000180018a34     gzlib.obj
 0002:00004a40       ??_C@_0BH@CFIIDOJD@unexpected?5end?5of?5file@ 0000000180018a40     gzread.obj
 0002:00004a58       ??_C@_0CH@CPOLIEKA@internal?5error?3?5inflate?5stream?5@ 0000000180018a58     gzread.obj
 0002:00004a80       ??_C@_0BG@HCKBMIHF@compressed?5data?5error@ 0000000180018a80     gzread.obj
 0002:00004a98       ??_C@_0BP@HLDABFKK@request?5does?5not?5fit?5in?5an?5int@ 0000000180018a98     gzread.obj
 0002:00004ab8       ??_C@_0CB@EGGJDMIK@request?5does?5not?5fit?5in?5a?5size_@ 0000000180018ab8     gzread.obj
 0002:00004ae0       ??_C@_0BP@IIKIGMCC@out?5of?5room?5to?5push?5characters@ 0000000180018ae0     gzread.obj
 0002:00004b00       ??_C@_0CH@DEEGAHIB@internal?5error?3?5deflate?5stream?5@ 0000000180018b00     gzwrite.obj
 0002:00004b28       ??_C@_0CF@MLPJFDMM@requested?5length?5does?5not?5fit?5i@ 0000000180018b28     gzwrite.obj
 0002:00004b50       ??_C@_0CC@ENDIFONJ@string?5length?5does?5not?5fit?5in?5i@ 0000000180018b50     gzwrite.obj
 0002:00004b78       ??_C@_0BD@PJCBIDD@invalid?5block?5type@ 0000000180018b78     infback.obj
 0002:00004b90       ??_C@_0BN@LGAADGOK@invalid?5stored?5block?5lengths@ 0000000180018b90     infback.obj
 0002:00004bb0       ??_C@_0CE@GMIGFPBB@too?5many?5length?5or?5distance?5sym@ 0000000180018bb0     infback.obj
 0002:00004bd8       ??_C@_0BJ@HDEPPGOH@invalid?5code?5lengths?5set@ 0000000180018bd8     infback.obj
 0002:00004bf8       ??_C@_0BK@BMMPFBBH@invalid?5bit?5length?5repeat@ 0000000180018bf8     infback.obj
 0002:00004c18       ??_C@_0CF@DGDMADCD@invalid?5code?5?9?9?5missing?5end?9of?9@ 0000000180018c18     infback.obj
 0002:00004c40       ??_C@_0BM@IIMGAINC@invalid?5literal?1lengths?5set@ 0000000180018c40     infback.obj
 0002:00004c60       ??_C@_0BG@GMDFCBGP@invalid?5distances?5set@ 0000000180018c60     infback.obj
 0002:00004c78       ??_C@_0BM@FFFLPBBC@invalid?5literal?1length?5code@ 0000000180018c78     infback.obj
 0002:00004c98       ??_C@_0BG@LBKINIKP@invalid?5distance?5code@ 0000000180018c98     infback.obj
 0002:00004cb0       ??_C@_0BO@ECPMAOGG@invalid?5distance?5too?5far?5back@ 0000000180018cb0     infback.obj
 0002:00004cd0       ??_C@_0BH@LIBMMIGA@incorrect?5header?5check@ 0000000180018cd0     inflate.obj
 0002:00004ce8       ??_C@_0BL@IHKGDAEE@unknown?5compression?5method@ 0000000180018ce8     inflate.obj
 0002:00004d08       ??_C@_0BE@EMOGCLGO@invalid?5window?5size@ 0000000180018d08     inflate.obj
 0002:00004d20       ??_C@_0BJ@BLBBCOMO@unknown?5header?5flags?5set@ 0000000180018d20     inflate.obj
 0002:00004d40       ??_C@_0BE@GONKLEPM@header?5crc?5mismatch@ 0000000180018d40     inflate.obj
 0002:00004d58       ??_C@_0BF@MEIGEHBE@incorrect?5data?5check@ 0000000180018d58     inflate.obj
 0002:00004d70       ??_C@_0BH@FGKKJGOC@incorrect?5length?5check@ 0000000180018d70     inflate.obj
 0002:00004d88       ??_C@_02JDPG@rb@           0000000180018d88     ioapi.obj
 0002:00004d8c       ??_C@_03HMFOOINA@r?$CLb@   0000000180018d8c     ioapi.obj
 0002:00004d90       ??_C@_02GMLFBBN@wb@        0000000180018d90     ioapi.obj
 0002:00004d94       ??_C@_01JOAMLHOP@?9@       0000000180018d94     zip.obj
 0002:00004d98       ??_C@_0BA@MOKMMFOD@need?5dictionary@ 0000000180018d98     zutil.obj
 0002:00004da8       ??_C@_0L@FNAOCBOG@stream?5end@ 0000000180018da8     zutil.obj
 0002:00004db8       ??_C@_0L@KIJFAKBJ@file?5error@ 0000000180018db8     zutil.obj
 0002:00004dc8       ??_C@_0N@MKKNPMJD@stream?5error@ 0000000180018dc8     zutil.obj
 0002:00004dd8       ??_C@_0L@HAHMBNLP@data?5error@ 0000000180018dd8     zutil.obj
 0002:00004de8       ??_C@_0BE@OGGJBMCE@insufficient?5memory@ 0000000180018de8     zutil.obj
 0002:00004e00       ??_C@_0N@DFPGLBGC@buffer?5error@ 0000000180018e00     zutil.obj
 0002:00004e10       ??_C@_0BF@CJFPCCEG@incompatible?5version@ 0000000180018e10     zutil.obj
 0002:00004e30       _load_config_used          0000000180018e30     MSVCRT:loadcfg.obj
 0002:00005000       __CastGuardVftablesStart   0000000180019000     MSVCRT:guard_support.obj
 0002:00005080       __CastGuardVftablesEnd     0000000180019080     MSVCRT:guard_support.obj
 0002:00005100       __volatile_metadata        0000000180019100     <linker-defined>
 0002:000054b0       __rtc_iaa                  00000001800194b0     MSVCRT:initsect.obj
 0002:000054b8       __rtc_izz                  00000001800194b8     MSVCRT:initsect.obj
 0002:000054c0       __rtc_taa                  00000001800194c0     MSVCRT:initsect.obj
 0002:000054c8       __rtc_tzz                  00000001800194c8     MSVCRT:initsect.obj
 0002:000079f0       __IMPORT_DESCRIPTOR_KERNEL32 000000018001b9f0     kernel32:KERNEL32.dll
 0002:00007a04       __IMPORT_DESCRIPTOR_VCRUNTIME140 000000018001ba04     vcruntime:VCRUNTIME140.dll
 0002:00007a18       __IMPORT_DESCRIPTOR_api-ms-win-crt-stdio-l1-1-0 000000018001ba18     ucrt:api-ms-win-crt-stdio-l1-1-0.dll
 0002:00007a2c       __IMPORT_DESCRIPTOR_api-ms-win-crt-convert-l1-1-0 000000018001ba2c     ucrt:api-ms-win-crt-convert-l1-1-0.dll
 0002:00007a40       __IMPORT_DESCRIPTOR_api-ms-win-crt-heap-l1-1-0 000000018001ba40     ucrt:api-ms-win-crt-heap-l1-1-0.dll
 0002:00007a54       __IMPORT_DESCRIPTOR_api-ms-win-crt-runtime-l1-1-0 000000018001ba54     ucrt:api-ms-win-crt-runtime-l1-1-0.dll
 0002:00007a68       __IMPORT_DESCRIPTOR_api-ms-win-crt-utility-l1-1-0 000000018001ba68     ucrt:api-ms-win-crt-utility-l1-1-0.dll
 0002:00007a7c       __IMPORT_DESCRIPTOR_api-ms-win-crt-time-l1-1-0 000000018001ba7c     ucrt:api-ms-win-crt-time-l1-1-0.dll
 0002:00007a90       __NULL_IMPORT_DESCRIPTOR   000000018001ba90     kernel32:KERNEL32.dll
 0003:00000000       __scrt_native_dllmain_reason 000000018001d000     MSVCRT:utility.obj
 0003:00000008       __security_cookie_complement 000000018001d008     MSVCRT:gs_cookie.obj
 0003:00000010       __security_cookie          000000018001d010     MSVCRT:gs_cookie.obj
 0003:00000018       __isa_available            000000018001d018     MSVCRT:cpu_disp.obj
 0003:0000001c       __isa_enabled              000000018001d01c     MSVCRT:cpu_disp.obj
 0003:00000020       __memset_fast_string_threshold 000000018001d020     MSVCRT:cpu_disp.obj
 0003:00000028       __memset_nt_threshold      000000018001d028     MSVCRT:cpu_disp.obj
 0003:00000030       __scrt_ucrt_dll_is_in_use  000000018001d030     MSVCRT:ucrt_stubs.obj
 0003:00000050       ?__type_info_root_node@@3U__type_info_node@@A 000000018001d050     MSVCRT:tncleanup.obj
 0003:00000060       ?_OptionsStorage@?1??__local_stdio_printf_options@@9@4_KA 000000018001d060     MSVCRT:default_local_stdio_options.obj
 0003:00000068       ?_OptionsStorage@?1??__local_stdio_scanf_options@@9@4_KA 000000018001d068     MSVCRT:default_local_stdio_options.obj
 0003:00000070       __scrt_current_native_startup_state 000000018001d070     MSVCRT:utility.obj
 0003:00000078       __scrt_native_startup_lock 000000018001d078     MSVCRT:utility.obj
 0003:000000b8       __scrt_debugger_hook_flag  000000018001d0b8     MSVCRT:utility_desktop.obj
 0003:000000c0       __castguard_check_failure_user_handled_fptr 000000018001d0c0     MSVCRT:guard_support.obj
 0003:000000c8       __favor                    000000018001d0c8     MSVCRT:cpu_disp.obj
 0003:000000d0       __dyn_tls_init_callback    000000018001d0d0     <common>
 0003:000000d8       ?_OptionsStorage@?1??__local_stdio_printf_options@@9@9 000000018001d0d8     <common>
 0003:000000e0       ?_OptionsStorage@?1??__local_stdio_scanf_options@@9@9 000000018001d0e0     <common>

 entry point at        0001:000112e8

 Static symbols

 0000:fffde000       .debug$S                   0000000180000000     zlibwapi.exp
 0000:fffde000       .debug$S                   0000000180000000     ucrt:api-ms-win-crt-convert-l1-1-0.dll
 0000:fffde000       .debug$S                   0000000180000000     ucrt:api-ms-win-crt-heap-l1-1-0.dll
 0000:fffde000       .debug$S                   0000000180000000     ucrt:api-ms-win-crt-heap-l1-1-0.dll
 0000:fffde000       .debug$S                   0000000180000000     ucrt:api-ms-win-crt-runtime-l1-1-0.dll
 0000:fffde000       .debug$S                   0000000180000000     ucrt:api-ms-win-crt-runtime-l1-1-0.dll
 0000:fffde000       .debug$S                   0000000180000000     ucrt:api-ms-win-crt-runtime-l1-1-0.dll
 0000:fffde000       .debug$S                   0000000180000000     ucrt:api-ms-win-crt-runtime-l1-1-0.dll
 0000:fffde000       .debug$S                   0000000180000000     ucrt:api-ms-win-crt-runtime-l1-1-0.dll
 0000:fffde000       .debug$S                   0000000180000000     ucrt:api-ms-win-crt-runtime-l1-1-0.dll
 0000:fffde000       .debug$S                   0000000180000000     ucrt:api-ms-win-crt-runtime-l1-1-0.dll
 0000:fffde000       .debug$S                   0000000180000000     ucrt:api-ms-win-crt-runtime-l1-1-0.dll
 0000:fffde000       .debug$S                   0000000180000000     ucrt:api-ms-win-crt-runtime-l1-1-0.dll
 0000:fffde000       .debug$S                   0000000180000000     ucrt:api-ms-win-crt-runtime-l1-1-0.dll
 0000:fffde000       .debug$S                   0000000180000000     ucrt:api-ms-win-crt-runtime-l1-1-0.dll
 0000:fffde000       .debug$S                   0000000180000000     ucrt:api-ms-win-crt-runtime-l1-1-0.dll
 0000:fffde000       .debug$S                   0000000180000000     ucrt:api-ms-win-crt-runtime-l1-1-0.dll
 0000:fffde000       .debug$S                   0000000180000000     ucrt:api-ms-win-crt-runtime-l1-1-0.dll
 0000:fffde000       .debug$S                   0000000180000000     ucrt:api-ms-win-crt-stdio-l1-1-0.dll
 0000:fffde000       .debug$S                   0000000180000000     ucrt:api-ms-win-crt-stdio-l1-1-0.dll
 0000:fffde000       .debug$S                   0000000180000000     ucrt:api-ms-win-crt-stdio-l1-1-0.dll
 0000:fffde000       .debug$S                   0000000180000000     ucrt:api-ms-win-crt-stdio-l1-1-0.dll
 0000:fffde000       .debug$S                   0000000180000000     ucrt:api-ms-win-crt-stdio-l1-1-0.dll
 0000:fffde000       .debug$S                   0000000180000000     ucrt:api-ms-win-crt-stdio-l1-1-0.dll
 0000:fffde000       .debug$S                   0000000180000000     ucrt:api-ms-win-crt-stdio-l1-1-0.dll
 0000:fffde000       .debug$S                   0000000180000000     ucrt:api-ms-win-crt-stdio-l1-1-0.dll
 0000:fffde000       .debug$S                   0000000180000000     ucrt:api-ms-win-crt-stdio-l1-1-0.dll
 0000:fffde000       .debug$S                   0000000180000000     ucrt:api-ms-win-crt-stdio-l1-1-0.dll
 0000:fffde000       .debug$S                   0000000180000000     ucrt:api-ms-win-crt-stdio-l1-1-0.dll
 0000:fffde000       .debug$S                   0000000180000000     ucrt:api-ms-win-crt-stdio-l1-1-0.dll
 0000:fffde000       .debug$S                   0000000180000000     ucrt:api-ms-win-crt-stdio-l1-1-0.dll
 0000:fffde000       .debug$S                   0000000180000000     ucrt:api-ms-win-crt-stdio-l1-1-0.dll
 0000:fffde000       .debug$S                   0000000180000000     ucrt:api-ms-win-crt-stdio-l1-1-0.dll
 0000:fffde000       .debug$S                   0000000180000000     ucrt:api-ms-win-crt-stdio-l1-1-0.dll
 0000:fffde000       .debug$S                   0000000180000000     ucrt:api-ms-win-crt-time-l1-1-0.dll
 0000:fffde000       .debug$S                   0000000180000000     ucrt:api-ms-win-crt-utility-l1-1-0.dll
 0000:fffde000       .debug$S                   0000000180000000     ucrt:api-ms-win-crt-utility-l1-1-0.dll
 0000:fffde000       .debug$S                   0000000180000000     kernel32:KERNEL32.dll
 0000:fffde000       .debug$S                   0000000180000000     kernel32:KERNEL32.dll
 0000:fffde000       .debug$S                   0000000180000000     kernel32:KERNEL32.dll
 0000:fffde000       .debug$S                   0000000180000000     kernel32:KERNEL32.dll
 0000:fffde000       .debug$S                   0000000180000000     kernel32:KERNEL32.dll
 0000:fffde000       .debug$S                   0000000180000000     kernel32:KERNEL32.dll
 0000:fffde000       .debug$S                   0000000180000000     kernel32:KERNEL32.dll
 0000:fffde000       .debug$S                   0000000180000000     kernel32:KERNEL32.dll
 0000:fffde000       .debug$S                   0000000180000000     kernel32:KERNEL32.dll
 0000:fffde000       .debug$S                   0000000180000000     kernel32:KERNEL32.dll
 0000:fffde000       .debug$S                   0000000180000000     kernel32:KERNEL32.dll
 0000:fffde000       .debug$S                   0000000180000000     kernel32:KERNEL32.dll
 0000:fffde000       .debug$S                   0000000180000000     kernel32:KERNEL32.dll
 0000:fffde000       .debug$S                   0000000180000000     kernel32:KERNEL32.dll
 0000:fffde000       .debug$S                   0000000180000000     kernel32:KERNEL32.dll
 0000:fffde000       .debug$S                   0000000180000000     kernel32:KERNEL32.dll
 0000:fffde000       .debug$S                   0000000180000000     kernel32:KERNEL32.dll
 0000:fffde000       .debug$S                   0000000180000000     kernel32:KERNEL32.dll
 0000:fffde000       .debug$S                   0000000180000000     kernel32:KERNEL32.dll
 0000:fffde000       .debug$S                   0000000180000000     kernel32:KERNEL32.dll
 0000:fffde000       .debug$S                   0000000180000000     kernel32:KERNEL32.dll
 0000:fffde000       .debug$S                   0000000180000000     kernel32:KERNEL32.dll
 0000:00000000       _volmd                     0000000180000000     MSVCRT:cpu_disp.obj
 0002:fffec000       __guard_ehcont_?dllmain_dispatch@@YAHQEAUHINSTANCE__@@KQEAX@Z 0000000180000000     MSVCRT:dll_dllmain.obj
 0002:fffec000       __guard_fids_?dllmain_dispatch@@YAHQEAUHINSTANCE__@@KQEAX@Z 0000000180000000     MSVCRT:dll_dllmain.obj
 0002:fffec000       __guard_fids__             0000000180000000     MSVCRT:guard_support.obj
 0002:fffec000       __guard_fids__             0000000180000000     MSVCRT:guard_support.obj
 0002:fffec000       __guard_fids__guard_icall_checks_enforced 0000000180000000     MSVCRT:guard_support.obj
 0000:00000000       _volmd                     0000000180000000     MSVCRT:guard_support.obj
 0000:00000000       _volmd                     0000000180000000     MSVCRT:guard_support.obj
 0000:00000000       _volmd                     0000000180000000     MSVCRT:guard_support.obj
 0000:00000000       _volmd                     0000000180000000     MSVCRT:guard_support.obj
 0000:00000000       _volmd                     0000000180000000     MSVCRT:guard_support.obj
 0000:00000000       _volmd                     0000000180000000     MSVCRT:guard_support.obj
 0000:00000000       _volmd                     0000000180000000     MSVCRT:guard_support.obj
 0000:00000000       _volmd                     0000000180000000     MSVCRT:guard_support.obj
 0000:00000000       _volmd                     0000000180000000     MSVCRT:guard_support.obj
 0000:00000000       _volmd                     0000000180000000     MSVCRT:guard_support.obj
 0002:fffec000       __guard_ehcont___scrt_is_nonwritable_in_current_image 0000000180000000     MSVCRT:utility.obj
 0000:00000000       _volmd                     0000000180000000     MSVCRT:utility.obj
 0000:00000000       _volmd                     0000000180000000     MSVCRT:utility.obj
 0000:00000000       _volmd                     0000000180000000     MSVCRT:utility.obj
 0002:fffec000       __guard_fids___scrt_set_unhandled_exception_filter 0000000180000000     MSVCRT:utility_desktop.obj
 0000:00000000       _volmd                     0000000180000000     MSVCRT:utility_desktop.obj
 0002:fffec000       __guard_fids__             0000000180000000     vcruntime:softmemtag.obj
 0000:fffde000       .debug$S                   0000000180000000     vcruntime:VCRUNTIME140.dll
 0000:fffde000       .debug$S                   0000000180000000     vcruntime:VCRUNTIME140.dll
 0000:fffde000       .debug$S                   0000000180000000     vcruntime:VCRUNTIME140.dll
 0000:fffde000       .debug$S                   0000000180000000     vcruntime:VCRUNTIME140.dll
 0000:fffde000       .debug$S                   0000000180000000     vcruntime:VCRUNTIME140.dll
 0000:fffde000       .debug$S                   0000000180000000     vcruntime:VCRUNTIME140.dll
 0000:fffde000       .debug$S                   0000000180000000     vcruntime:VCRUNTIME140.dll
 0000:fffde000       .debug$S                   0000000180000000     vcruntime:VCRUNTIME140.dll
 0001:000002f0       adler32_combine_           00000001800012f0 f   adler32.obj
 0001:00000520       byte_swap                  0000000180001520 f   crc32.obj
 0001:00000530       multmodp                   0000000180001530 f   crc32.obj
 0001:00000570       x2nmodp                    0000000180001570 f   crc32.obj
 0001:000005d0       crc_word                   00000001800015d0 f   crc32.obj
 0001:00000610       crc_word_big               0000000180001610 f   crc32.obj
 0001:00000aa0       slide_hash                 0000000180001aa0 f   deflate.obj
 0001:00000b20       read_buf                   0000000180001b20 f   deflate.obj
 0001:00000bc0       fill_window                0000000180001bc0 f   deflate.obj
 0001:000010c0       deflateStateCheck          00000001800020c0 f   deflate.obj
 0001:00001430       lm_init                    0000000180002430 f   deflate.obj
 0001:00001980       putShortMSB                0000000180002980 f   deflate.obj
 0001:000019b0       flush_pending              00000001800029b0 f   deflate.obj
 0001:00002630       longest_match              0000000180003630 f   deflate.obj
 0001:000027f0       deflate_stored             00000001800037f0 f   deflate.obj
 0001:00002c30       deflate_fast               0000000180003c30 f   deflate.obj
 0001:00003090       deflate_slow               0000000180004090 f   deflate.obj
 0001:00003600       deflate_rle                0000000180004600 f   deflate.obj
 0001:00003950       deflate_huff               0000000180004950 f   deflate.obj
 0001:00003c40       gz_reset                   0000000180004c40 f   gzlib.obj
 0001:00003c90       gz_open                    0000000180004c90 f   gzlib.obj
 0001:00003f40       $LN55                      0000000180004f40     gzlib.obj
 0001:00003f6c       $LN54                      0000000180004f6c     gzlib.obj
 0001:00004530       gz_load                    0000000180005530 f   gzread.obj
 0001:000045e0       gz_avail                   00000001800055e0 f   gzread.obj
 0001:00004670       gz_look                    0000000180005670 f   gzread.obj
 0001:00004830       gz_decomp                  0000000180005830 f   gzread.obj
 0001:00004950       gz_fetch                   0000000180005950 f   gzread.obj
 0001:00004a00       gz_skip                    0000000180005a00 f   gzread.obj
 0001:00004a80       gz_read                    0000000180005a80 f   gzread.obj
 0001:000050e0       gz_init                    00000001800060e0 f   gzwrite.obj
 0001:00005200       gz_comp                    0000000180006200 f   gzwrite.obj
 0001:000053c0       gz_zero                    00000001800063c0 f   gzwrite.obj
 0001:00005470       gz_write                   0000000180006470 f   gzwrite.obj
 0001:00005ce0       fixedtables                0000000180006ce0 f   infback.obj
 0001:00006b84       $LN481                     0000000180007b84     infback.obj
 0001:00007120       inflateStateCheck          0000000180008120 f   inflate.obj
 0001:00007450       fixedtables                0000000180008450 f   inflate.obj
 0001:00007480       updatewindow               0000000180008480 f   inflate.obj
 0001:00008d2c       $LN820                     0000000180009d2c     inflate.obj
 0001:00008fa0       syncsearch                 0000000180009fa0 f   inflate.obj
 0001:00009b10       fopen_file_func            000000018000ab10 f   ioapi.obj
 0001:00009b60       fopen64_file_func          000000018000ab60 f   ioapi.obj
 0001:00009bb0       fread_file_func            000000018000abb0 f   ioapi.obj
 0001:00009bd0       fwrite_file_func           000000018000abd0 f   ioapi.obj
 0001:00009bf0       ftell_file_func            000000018000abf0 f   ioapi.obj
 0001:00009c00       ftell64_file_func          000000018000ac00 f   ioapi.obj
 0001:00009c10       fseek_file_func            000000018000ac10 f   ioapi.obj
 0001:00009c70       fseek64_file_func          000000018000ac70 f   ioapi.obj
 0001:00009cd0       fclose_file_func           000000018000acd0 f   ioapi.obj
 0001:00009ce0       ferror_file_func           000000018000ace0 f   ioapi.obj
 0001:00009d50       win32_translate_open_mode  000000018000ad50 f   iowin32.obj
 0001:00009db0       win32_build_iowin          000000018000adb0 f   iowin32.obj
 0001:0000a100       MySetFilePointerEx         000000018000b100 f   iowin32.obj
 0001:0000a500       bi_reverse                 000000018000b500 f   trees.obj
 0001:0000a520       bi_flush                   000000018000b520 f   trees.obj
 0001:0000a5a0       bi_windup                  000000018000b5a0 f   trees.obj
 0001:0000a600       gen_codes                  000000018000b600 f   trees.obj
 0001:0000a720       tr_static_init             000000018000b720 f   trees.obj
 0001:0000a730       init_block                 000000018000b730 f   trees.obj
 0001:0000a970       pqdownheap                 000000018000b970 f   trees.obj
 0001:0000aa60       gen_bitlen                 000000018000ba60 f   trees.obj
 0001:0000ac70       build_tree                 000000018000bc70 f   trees.obj
 0001:0000aeb0       scan_tree                  000000018000beb0 f   trees.obj
 0001:0000afc0       send_tree                  000000018000bfc0 f   trees.obj
 0001:0000b530       build_bl_tree              000000018000c530 f   trees.obj
 0001:0000b600       send_all_trees             000000018000c600 f   trees.obj
 0001:0000bab0       compress_block             000000018000cab0 f   trees.obj
 0001:0000bf10       detect_data_type           000000018000cf10 f   trees.obj
 0001:0000c340       unz64local_getShort        000000018000d340 f   unzip.obj
 0001:0000c3c0       unz64local_getLong         000000018000d3c0 f   unzip.obj
 0001:0000c450       unz64local_getLong64       000000018000d450 f   unzip.obj
 0001:0000c520       strcmpcasenosensitive_internal 000000018000d520 f   unzip.obj
 0001:0000c5d0       unz64local_SearchCentralDir 000000018000d5d0 f   unzip.obj
 0001:0000c730       unz64local_SearchCentralDir64 000000018000d730 f   unzip.obj
 0001:0000c950       unzOpenInternal            000000018000d950 f   unzip.obj
 0001:0000cf10       unz64local_DosDateToTmuDate 000000018000df10 f   unzip.obj
 0001:0000cf70       unz64local_GetCurrentFileInfoInternal 000000018000df70 f   unzip.obj
 0001:0000dab0       unz64local_CheckCurrentFileCoherencyHeader 000000018000eab0 f   unzip.obj
 0001:0000e590       time                       000000018000f590 f   zip.obj
 0001:0000e5a0       decrypt_byte               000000018000f5a0 f   zip.obj
 0001:0000e5c0       update_keys                000000018000f5c0 f   zip.obj
 0001:0000e610       init_keys                  000000018000f610 f   zip.obj
 0001:0000e680       crypthead                  000000018000f680 f   zip.obj
 0001:0000e7d0       allocate_new_datablock     000000018000f7d0 f   zip.obj
 0001:0000e800       free_datablock             000000018000f800 f   zip.obj
 0001:0000e830       init_linkedlist            000000018000f830 f   zip.obj
 0001:0000e840       free_linkedlist            000000018000f840 f   zip.obj
 0001:0000e860       add_data_in_datablock      000000018000f860 f   zip.obj
 0001:0000e940       zip64local_putValue        000000018000f940 f   zip.obj
 0001:0000e9c0       zip64local_putValue_inmemory 000000018000f9c0 f   zip.obj
 0001:0000ea00       zip64local_TmzDateToDosDate 000000018000fa00 f   zip.obj
 0001:0000ea50       zip64local_getByte         000000018000fa50 f   zip.obj
 0001:0000eac0       zip64local_getShort        000000018000fac0 f   zip.obj
 0001:0000eb40       zip64local_getLong         000000018000fb40 f   zip.obj
 0001:0000ec10       zip64local_getLong64       000000018000fc10 f   zip.obj
 0001:0000ed90       zip64local_SearchCentralDir 000000018000fd90 f   zip.obj
 0001:0000ef00       zip64local_SearchCentralDir64 000000018000ff00 f   zip.obj
 0001:0000f120       LoadCentralDirectoryRecord 0000000180010120 f   zip.obj
 0001:0000f740       Write_LocalFileHeader      0000000180010740 f   zip.obj
 0001:00010360       zip64FlushWriteBuffer      0000000180011360 f   zip.obj
 0001:00010a40       Write_Zip64EndOfCentralDirectoryLocator 0000000180011a40 f   zip.obj
 0001:00010ac0       Write_Zip64EndOfCentralDirectoryRecord 0000000180011ac0 f   zip.obj
 0001:00010bf0       Write_EndOfCentralDirectoryRecord 0000000180011bf0 f   zip.obj
 0001:00010d20       Write_GlobalComment        0000000180011d20 f   zip.obj
 0001:00010fa4       ?dllmain_crt_dispatch@@YAHQEAUHINSTANCE__@@KQEAX@Z 0000000180011fa4 f   MSVCRT:dll_dllmain.obj
 0001:00010ff4       ?dllmain_crt_process_attach@@YAHQEAUHINSTANCE__@@QEAX@Z 0000000180011ff4 f   MSVCRT:dll_dllmain.obj
 0001:0001110c       ?dllmain_crt_process_detach@@YAH_N@Z 000000018001210c f   MSVCRT:dll_dllmain.obj
 0001:00011190       ?dllmain_dispatch@@YAHQEAUHINSTANCE__@@KQEAX@Z 0000000180012190 f   MSVCRT:dll_dllmain.obj
 0001:000112c4       ?dllmain_raw@@YAHQEAUHINSTANCE__@@KQEAX@Z 00000001800122c4 f   MSVCRT:dll_dllmain.obj
 0001:00011328       __get_entropy              0000000180012328 f   MSVCRT:gs_support.obj
 0001:000114b8       ?find_pe_section@@YAPEAU_IMAGE_SECTION_HEADER@@QEAE_K@Z 00000001800124b8 f   MSVCRT:utility.obj
 0001:0001150c       ?is_potentially_valid_image_base@@YA_NQEAX@Z 000000018001250c f   MSVCRT:utility.obj
 0001:00011c54       __castguard_check_failure_os_handled_wrapper 0000000180012c54 f   MSVCRT:guard_support.obj
 0001:00011cac       __castguard_check_failure_user_handled_wrapper 0000000180012cac f   MSVCRT:guard_support.obj
 0001:00011cc8       __castguard_compat_check   0000000180012cc8 f   MSVCRT:guard_support.obj
 0001:00011e0c       __castguard_slow_path_compat_check 0000000180012e0c f   MSVCRT:guard_support.obj
 0001:00012180       $$000000                   0000000180013180     MSVCRT:chkstk.obj
 0001:000121f0       $$000000                   00000001800131f0     MSVCRT:guard_dispatch.obj
 0001:00012210       $$000000                   0000000180013210     MSVCRT:guard_xfg_dispatch.obj
 0001:00012226       ?fin$0@?0??dllmain_crt_process_attach@@YAHQEAUHINSTANCE__@@QEAX@Z@4HA 0000000180013226 f   MSVCRT:dll_dllmain.obj
 0001:0001223d       ?fin$0@?0??dllmain_crt_process_detach@@YAH_N@Z@4HA 000000018001323d f   MSVCRT:dll_dllmain.obj
 0001:00012256       ?fin$1@?0??dllmain_crt_process_detach@@YAH_N@Z@4HA 0000000180013256 f   MSVCRT:dll_dllmain.obj
 0001:0001226a       ?filt$0@?0??dllmain_dispatch@@YAHQEAUHINSTANCE__@@KQEAX@Z@4HA 000000018001326a f   MSVCRT:dll_dllmain.obj
 0001:000122a0       __scrt_is_nonwritable_in_current_image$filt$0 00000001800132a0 f   MSVCRT:utility.obj
 0002:00000300       crc_table                  0000000180014300     crc32.obj
 0002:00000700       crc_big_table              0000000180014700     crc32.obj
 0002:00000b00       crc_braid_table            0000000180014b00     crc32.obj
 0002:00001b00       crc_braid_big_table        0000000180015b00     crc32.obj
 0002:00002b00       x2n_table                  0000000180016b00     crc32.obj
 0002:00002b80       ?my_version@?1??deflateInit2_@@9@9 0000000180016b80     deflate.obj
 0002:00002b90       configuration_table        0000000180016b90     deflate.obj
 0002:00002c30       ?lenfix@?1??fixedtables@@9@9 0000000180016c30     infback.obj
 0002:00003430       ?distfix@?1??fixedtables@@9@9 0000000180017430     infback.obj
 0002:000034b0       ?order@?1??inflateBack@@9@9 00000001800174b0     infback.obj
 0002:000034e0       ?lenfix@?1??fixedtables@@9@9 00000001800174e0     inflate.obj
 0002:00003ce0       ?distfix@?1??fixedtables@@9@9 0000000180017ce0     inflate.obj
 0002:00003d60       ?order@?1??inflate@@9@9    0000000180017d60     inflate.obj
 0002:00003d90       ?dext@?1??inflate_table@@9@9 0000000180017d90     inftrees.obj
 0002:00003dd0       ?lext@?1??inflate_table@@9@9 0000000180017dd0     inftrees.obj
 0002:00003e10       ?lbase@?1??inflate_table@@9@9 0000000180017e10     inftrees.obj
 0002:00003e50       ?dbase@?1??inflate_table@@9@9 0000000180017e50     inftrees.obj
 0002:00004190       static_dtree               0000000180018190     trees.obj
 0002:00004210       extra_blbits               0000000180018210     trees.obj
 0002:00004260       extra_lbits                0000000180018260     trees.obj
 0002:000042e0       base_dist                  00000001800182e0     trees.obj
 0002:00004360       base_length                0000000180018360     trees.obj
 0002:000043d8       static_l_desc              00000001800183d8     trees.obj
 0002:000043f8       static_bl_desc             00000001800183f8     trees.obj
 0002:00004420       extra_dbits                0000000180018420     trees.obj
 0002:000044a0       static_ltree               00000001800184a0     trees.obj
 0002:00004920       static_d_desc              0000000180018920     trees.obj
 0002:00004940       bl_order                   0000000180018940     trees.obj
 0002:000054d0       $unwind$adler32_combine_   00000001800194d0     adler32.obj
 0002:000054d8       $unwind$compress2          00000001800194d8     compress.obj
 0002:000054f0       $unwind$compress           00000001800194f0     compress.obj
 0002:000054f8       $unwind$x2nmodp            00000001800194f8     crc32.obj
 0002:00005500       $chain$0$x2nmodp           0000000180019500     crc32.obj
 0002:00005514       $chain$1$x2nmodp           0000000180019514     crc32.obj
 0002:00005524       $unwind$crc32_z            0000000180019524     crc32.obj
 0002:00005530       $chain$3$crc32_z           0000000180019530     crc32.obj
 0002:00005550       $chain$5$crc32_z           0000000180019550     crc32.obj
 0002:00005568       $chain$6$crc32_z           0000000180019568     crc32.obj
 0002:00005578       $chain$7$crc32_z           0000000180019578     crc32.obj
 0002:00005588       $unwind$crc32_combine64    0000000180019588     crc32.obj
 0002:00005594       $unwind$crc32_combine_op   0000000180019594     crc32.obj
 0002:0000559c       $unwind$slide_hash         000000018001959c     deflate.obj
 0002:000055a4       $unwind$read_buf           00000001800195a4     deflate.obj
 0002:000055b8       $unwind$fill_window        00000001800195b8     deflate.obj
 0002:000055c8       $unwind$deflateInit_       00000001800195c8     deflate.obj
 0002:000055d0       $unwind$deflateInit2_      00000001800195d0     deflate.obj
 0002:000055e4       $chain$0$deflateInit2_     00000001800195e4     deflate.obj
 0002:000055f8       $chain$1$deflateInit2_     00000001800195f8     deflate.obj
 0002:0000560c       $chain$2$deflateInit2_     000000018001960c     deflate.obj
 0002:0000561c       $chain$4$deflateInit2_     000000018001961c     deflate.obj
 0002:00005634       $chain$5$deflateInit2_     0000000180019634     deflate.obj
 0002:00005648       $chain$6$deflateInit2_     0000000180019648     deflate.obj
 0002:00005658       $unwind$deflateSetDictionary 0000000180019658     deflate.obj
 0002:00005668       $chain$2$deflateSetDictionary 0000000180019668     deflate.obj
 0002:00005684       $chain$3$deflateSetDictionary 0000000180019684     deflate.obj
 0002:00005694       $unwind$deflateGetDictionary 0000000180019694     deflate.obj
 0002:000056a0       $unwind$deflateResetKeep   00000001800196a0     deflate.obj
 0002:000056ac       $unwind$lm_init            00000001800196ac     deflate.obj
 0002:000056b8       $unwind$deflateReset       00000001800196b8     deflate.obj
 0002:000056c4       $unwind$deflateSetHeader   00000001800196c4     deflate.obj
 0002:000056cc       $unwind$deflatePending     00000001800196cc     deflate.obj
 0002:000056d4       $unwind$deflatePrime       00000001800196d4     deflate.obj
 0002:000056e0       $unwind$deflateParams      00000001800196e0     deflate.obj
 0002:000056fc       $unwind$deflateTune        00000001800196fc     deflate.obj
 0002:00005704       $unwind$deflateBound       0000000180019704     deflate.obj
 0002:0000570c       $unwind$flush_pending      000000018001970c     deflate.obj
 0002:0000571c       $chain$0$flush_pending     000000018001971c     deflate.obj
 0002:00005730       $chain$1$flush_pending     0000000180019730     deflate.obj
 0002:00005740       $unwind$deflate            0000000180019740     deflate.obj
 0002:0000574c       $chain$5$deflate           000000018001974c     deflate.obj
 0002:00005774       $chain$7$deflate           0000000180019774     deflate.obj
 0002:0000579c       $chain$8$deflate           000000018001979c     deflate.obj
 0002:000057b0       $chain$9$deflate           00000001800197b0     deflate.obj
 0002:000057c0       $unwind$deflateEnd         00000001800197c0     deflate.obj
 0002:000057d4       $unwind$deflateCopy        00000001800197d4     deflate.obj
 0002:000057dc       $chain$1$deflateCopy       00000001800197dc     deflate.obj
 0002:000057f4       $chain$3$deflateCopy       00000001800197f4     deflate.obj
 0002:0000580c       $chain$4$deflateCopy       000000018001980c     deflate.obj
 0002:0000581c       $unwind$longest_match      000000018001981c     deflate.obj
 0002:00005838       $unwind$deflate_stored     0000000180019838     deflate.obj
 0002:00005848       $chain$0$deflate_stored    0000000180019848     deflate.obj
 0002:0000585c       $chain$2$deflate_stored    000000018001985c     deflate.obj
 0002:00005874       $chain$3$deflate_stored    0000000180019874     deflate.obj
 0002:00005888       $chain$4$deflate_stored    0000000180019888     deflate.obj
 0002:0000589c       $unwind$deflate_fast       000000018001989c     deflate.obj
 0002:000058b8       $unwind$deflate_slow       00000001800198b8     deflate.obj
 0002:000058d4       $unwind$deflate_rle        00000001800198d4     deflate.obj
 0002:000058f0       $unwind$deflate_huff       00000001800198f0     deflate.obj
 0002:00005900       $unwind$vsnprintf          0000000180019900     gzlib.obj
 0002:00005914       $unwind$snprintf           0000000180019914     gzlib.obj
 0002:00005924       $unwind$gz_reset           0000000180019924     gzlib.obj
 0002:00005930       $unwind$gz_open            0000000180019930     gzlib.obj
 0002:00005948       $chain$0$gz_open           0000000180019948     gzlib.obj
 0002:0000595c       $chain$1$gz_open           000000018001995c     gzlib.obj
 0002:0000596c       $chain$2$gz_open           000000018001996c     gzlib.obj
 0002:00005980       $chain$3$gz_open           0000000180019980     gzlib.obj
 0002:00005990       $unwind$gzdopen            0000000180019990     gzlib.obj
 0002:000059a0       $unwind$gzrewind           00000001800199a0     gzlib.obj
 0002:000059a8       $unwind$gzseek64           00000001800199a8     gzlib.obj
 0002:000059bc       $unwind$gzseek             00000001800199bc     gzlib.obj
 0002:000059c4       $unwind$gztell             00000001800199c4     gzlib.obj
 0002:000059cc       $unwind$gzoffset64         00000001800199cc     gzlib.obj
 0002:000059d4       $unwind$gzoffset           00000001800199d4     gzlib.obj
 0002:000059dc       $unwind$gz_error           00000001800199dc     gzlib.obj
 0002:000059f0       $unwind$gz_load            00000001800199f0     gzread.obj
 0002:00005a08       $unwind$gz_avail           0000000180019a08     gzread.obj
 0002:00005a10       $unwind$gz_look            0000000180019a10     gzread.obj
 0002:00005a20       $unwind$gz_decomp          0000000180019a20     gzread.obj
 0002:00005a34       $unwind$gz_fetch           0000000180019a34     gzread.obj
 0002:00005a3c       $unwind$gz_skip            0000000180019a3c     gzread.obj
 0002:00005a48       $unwind$gz_read            0000000180019a48     gzread.obj
 0002:00005a64       $unwind$gzread             0000000180019a64     gzread.obj
 0002:00005a6c       $unwind$gzfread            0000000180019a6c     gzread.obj
 0002:00005a74       $unwind$gzgetc             0000000180019a74     gzread.obj
 0002:00005a7c       $unwind$gzungetc           0000000180019a7c     gzread.obj
 0002:00005a88       $unwind$gzgets             0000000180019a88     gzread.obj
 0002:00005aa4       $unwind$gzdirect           0000000180019aa4     gzread.obj
 0002:00005aac       $unwind$gzclose_r          0000000180019aac     gzread.obj
 0002:00005ab4       $chain$1$gzclose_r         0000000180019ab4     gzread.obj
 0002:00005acc       $chain$2$gzclose_r         0000000180019acc     gzread.obj
 0002:00005adc       $unwind$gz_init            0000000180019adc     gzwrite.obj
 0002:00005af0       $unwind$gz_comp            0000000180019af0     gzwrite.obj
 0002:00005b08       $unwind$gz_zero            0000000180019b08     gzwrite.obj
 0002:00005b1c       $unwind$gz_write           0000000180019b1c     gzwrite.obj
 0002:00005b38       $unwind$gzwrite            0000000180019b38     gzwrite.obj
 0002:00005b40       $unwind$gzfwrite           0000000180019b40     gzwrite.obj
 0002:00005b48       $unwind$gzputc             0000000180019b48     gzwrite.obj
 0002:00005b54       $unwind$gzputs             0000000180019b54     gzwrite.obj
 0002:00005b5c       $chain$0$gzputs            0000000180019b5c     gzwrite.obj
[...]
 0002:00006848       $unwind$zipOpenNewFileInZip64 000000018001a848     zip.obj
 0002:00006850       $unwind$zipOpenNewFileInZip 000000018001a850     zip.obj
 0002:00006858       $unwind$zip64FlushWriteBuffer 000000018001a858     zip.obj
 0002:00006864       $chain$0$zip64FlushWriteBuffer 000000018001a864     zip.obj
 0002:00006878       $chain$2$zip64FlushWriteBuffer 000000018001a878     zip.obj
 0002:00006890       $chain$3$zip64FlushWriteBuffer 000000018001a890     zip.obj
 0002:000068a0       $chain$4$zip64FlushWriteBuffer 000000018001a8a0     zip.obj
 0002:000068b0       $unwind$zipWriteInFileInZip 000000018001a8b0     zip.obj
 0002:000068c4       $chain$0$zipWriteInFileInZip 000000018001a8c4     zip.obj
 0002:000068d8       $chain$2$zipWriteInFileInZip 000000018001a8d8     zip.obj
 0002:000068ec       $chain$3$zipWriteInFileInZip 000000018001a8ec     zip.obj
 0002:000068fc       $unwind$zipCloseFileInZipRaw64 000000018001a8fc     zip.obj
 0002:0000690c       $chain$2$zipCloseFileInZipRaw64 000000018001a90c     zip.obj
 0002:00006928       $chain$4$zipCloseFileInZipRaw64 000000018001a928     zip.obj
 0002:00006944       $chain$5$zipCloseFileInZipRaw64 000000018001a944     zip.obj
 0002:00006954       $unwind$Write_Zip64EndOfCentralDirectoryLocator 000000018001a954     zip.obj
 0002:00006960       $unwind$Write_Zip64EndOfCentralDirectoryRecord 000000018001a960     zip.obj
 0002:00006970       $unwind$Write_EndOfCentralDirectoryRecord 000000018001a970     zip.obj
 0002:0000697c       $chain$0$Write_EndOfCentralDirectoryRecord 000000018001a97c     zip.obj
 0002:00006990       $chain$2$Write_EndOfCentralDirectoryRecord 000000018001a990     zip.obj
 0002:000069a8       $chain$3$Write_EndOfCentralDirectoryRecord 000000018001a9a8     zip.obj
 0002:000069b8       $chain$4$Write_EndOfCentralDirectoryRecord 000000018001a9b8     zip.obj
 0002:000069c8       $unwind$Write_GlobalComment 000000018001a9c8     zip.obj
 0002:000069e0       $unwind$zipClose           000000018001a9e0     zip.obj
 0002:000069f4       $chain$1$zipClose          000000018001a9f4     zip.obj
 0002:00006a08       $chain$2$zipClose          000000018001aa08     zip.obj
 0002:00006a1c       $chain$3$zipClose          000000018001aa1c     zip.obj
 0002:00006a2c       $chain$4$zipClose          000000018001aa2c     zip.obj
 0002:00006a3c       $unwind$?dllmain_crt_process_attach@@YAHQEAUHINSTANCE__@@QEAX@Z 000000018001aa3c     MSVCRT:dll_dllmain.obj
 0002:00006a78       $unwind$?fin$0@?0??dllmain_crt_process_attach@@YAHQEAUHINSTANCE__@@QEAX@Z@4HA 000000018001aa78     MSVCRT:dll_dllmain.obj
 0002:00006a80       $unwind$?dllmain_crt_process_detach@@YAH_N@Z 000000018001aa80     MSVCRT:dll_dllmain.obj
 0002:00006ad4       $unwind$?fin$0@?0??dllmain_crt_process_detach@@YAH_N@Z@4HA 000000018001aad4     MSVCRT:dll_dllmain.obj
 0002:00006adc       $unwind$?fin$1@?0??dllmain_crt_process_detach@@YAH_N@Z@4HA 000000018001aadc     MSVCRT:dll_dllmain.obj
 0002:00006ae4       $unwind$?dllmain_crt_dispatch@@YAHQEAUHINSTANCE__@@KQEAX@Z 000000018001aae4     MSVCRT:dll_dllmain.obj
 0002:00006aec       $unwind$?dllmain_dispatch@@YAHQEAUHINSTANCE__@@KQEAX@Z 000000018001aaec     MSVCRT:dll_dllmain.obj
 0002:00006b14       $unwind$?filt$0@?0??dllmain_dispatch@@YAHQEAUHINSTANCE__@@KQEAX@Z@4HA 000000018001ab14     MSVCRT:dll_dllmain.obj
 0002:00006b1c       $unwind$_DllMainCRTStartup 000000018001ab1c     MSVCRT:dll_dllmain.obj
 0002:00006b2c       $unwind$__security_init_cookie 000000018001ab2c     MSVCRT:gs_support.obj
 0002:00006b38       $unwind$__get_entropy      000000018001ab38     MSVCRT:gs_support.obj
 0002:00006b40       $unwind$DllMain            000000018001ab40     MSVCRT:dll_dllmain_stub.obj
 0002:00006b48       $unwind$__scrt_initialize_default_local_stdio_options 000000018001ab48     MSVCRT:default_local_stdio_options.obj
 0002:00006b50       $unwind$atexit             000000018001ab50     MSVCRT:utility.obj
 0002:00006b58       $unwind$_onexit            000000018001ab58     MSVCRT:utility.obj
 0002:00006b60       $unwind$__scrt_is_nonwritable_in_current_image 000000018001ab60     MSVCRT:utility.obj
 0002:00006b80       $unwind$__scrt_is_nonwritable_in_current_image$filt$0 000000018001ab80     MSVCRT:utility.obj
 0002:00006b88       $unwind$__scrt_acquire_startup_lock 000000018001ab88     MSVCRT:utility.obj
 0002:00006b90       $unwind$__scrt_release_startup_lock 000000018001ab90     MSVCRT:utility.obj
 0002:00006b98       $unwind$__scrt_initialize_crt 000000018001ab98     MSVCRT:utility.obj
 0002:00006ba0       $unwind$__scrt_uninitialize_crt 000000018001aba0     MSVCRT:utility.obj
 0002:00006ba8       $unwind$__scrt_initialize_onexit_tables 000000018001aba8     MSVCRT:utility.obj
 0002:00006bb0       $unwind$__scrt_dllmain_exception_filter 000000018001abb0     MSVCRT:utility.obj
 0002:00006bc4       $unwind$__scrt_dllmain_before_initialize_c 000000018001abc4     MSVCRT:utility.obj
 0002:00006bcc       $unwind$__scrt_dllmain_after_initialize_c 000000018001abcc     MSVCRT:utility.obj
 0002:00006bd4       $unwind$__scrt_dllmain_uninitialize_c 000000018001abd4     MSVCRT:utility.obj
 0002:00006bdc       $unwind$__scrt_dllmain_uninitialize_critical 000000018001abdc     MSVCRT:utility.obj
 0002:00006be4       $unwind$__scrt_dllmain_crt_thread_attach 000000018001abe4     MSVCRT:utility.obj
 0002:00006bec       $unwind$__scrt_dllmain_crt_thread_detach 000000018001abec     MSVCRT:utility.obj
 0002:00006bf4       $unwind$?configure_argv@__scrt_narrow_argv_policy@@SAHXZ 000000018001abf4     MSVCRT:utility.obj
 0002:00006bfc       $unwind$__scrt_get_show_window_mode 000000018001abfc     MSVCRT:utility_desktop.obj
 0002:00006c04       $unwind$__scrt_is_managed_app 000000018001ac04     MSVCRT:utility_desktop.obj
 0002:00006c0c       $unwind$__scrt_fastfail    000000018001ac0c     MSVCRT:utility_desktop.obj
 0002:00006c1c       $unwind$__scrt_unhandled_exception_filter 000000018001ac1c     MSVCRT:utility_desktop.obj
 0002:00006c28       $unwind$_RTC_Initialize    000000018001ac28     MSVCRT:initsect.obj
 0002:00006c34       $unwind$_RTC_Terminate     000000018001ac34     MSVCRT:initsect.obj
 0002:00006c40       $unwind$__castguard_check_failure_os_handled_wrapper 000000018001ac40     MSVCRT:guard_support.obj
 0002:00006c48       $unwind$__castguard_check_failure_user_handled_wrapper 000000018001ac48     MSVCRT:guard_support.obj
 0002:00006c50       $unwind$__castguard_check_failure_os_handled 000000018001ac50     MSVCRT:guard_support.obj
 0002:00006c58       $unwind$__castguard_check_failure_user_handled 000000018001ac58     MSVCRT:guard_support.obj
 0002:00006c60       $unwind$__castguard_slow_path_check_os_handled 000000018001ac60     MSVCRT:guard_support.obj
 0002:00006c68       $unwind$__castguard_slow_path_check_user_handled 000000018001ac68     MSVCRT:guard_support.obj
 0002:00006c70       $unwind$__isa_available_init 000000018001ac70     MSVCRT:cpu_disp.obj
 0002:00006c80       $xdatasym                  000000018001ac80     MSVCRT:guard_dispatch.obj
 0002:00006c88       $xdatasym                  000000018001ac88     MSVCRT:guard_xfg_dispatch.obj
 0002:00006c90       $xdatasym                  000000018001ac90     MSVCRT:chkstk.obj
 0002:00006ca0       .edata                     000000018001aca0     zlibwapi.exp
 0002:00006cc8       rgpv                       000000018001acc8     zlibwapi.exp
 0002:00006f90       rgszName                   000000018001af90     zlibwapi.exp
 0002:000071a0       rgwOrd                     000000018001b1a0     zlibwapi.exp
 0002:000072a8       szName                     000000018001b2a8     zlibwapi.exp
 0002:000072b5       $N00001                    000000018001b2b5     zlibwapi.exp
 0002:000072bd       $N00140                    000000018001b2bd     zlibwapi.exp
 0002:000072cd       $N00174                    000000018001b2cd     zlibwapi.exp
 0002:000072d7       $N00002                    000000018001b2d7     zlibwapi.exp
 0002:000072e0       $N00039                    000000018001b2e0     zlibwapi.exp
 0002:000072ea       $N00046                    000000018001b2ea     zlibwapi.exp
 0002:000072f8       $N00003                    000000018001b2f8     zlibwapi.exp
 0002:000072fe       $N00142                    000000018001b2fe     zlibwapi.exp
 0002:0000730c       $N00176                    000000018001b30c     zlibwapi.exp
 0002:0000731e       $N00177                    000000018001b31e     zlibwapi.exp
 0002:00007332       $N00178                    000000018001b332     zlibwapi.exp
 0002:00007343       $N00175                    000000018001b343     zlibwapi.exp
 0002:0000734b       $N00004                    000000018001b34b     zlibwapi.exp
 0002:00007353       $N00047                    000000018001b353     zlibwapi.exp
 0002:00007360       $N00005                    000000018001b360     zlibwapi.exp
 0002:0000736c       $N00006                    000000018001b36c     zlibwapi.exp
 0002:00007377       $N00173                    000000018001b377     zlibwapi.exp
 0002:0000738c       $N00007                    000000018001b38c     zlibwapi.exp
 0002:0000739a       $N00008                    000000018001b39a     zlibwapi.exp
 0002:000073a7       $N00009                    000000018001b3a7     zlibwapi.exp
 0002:000073b5       $N00052                    000000018001b3b5     zlibwapi.exp
 0002:000073c4       $N00051                    000000018001b3c4     zlibwapi.exp
 0002:000073d1       $N00010                    000000018001b3d1     zlibwapi.exp
 0002:000073de       $N00164                    000000018001b3de     zlibwapi.exp
 0002:000073ef       $N00011                    000000018001b3ef     zlibwapi.exp
 0002:00007404       $N00144                    000000018001b404     zlibwapi.exp
 0002:00007415       $N00145                    000000018001b415     zlibwapi.exp
 0002:00007421       $N00110                    000000018001b421     zlibwapi.exp
 0002:00007435       $N00111                    000000018001b435     zlibwapi.exp
 0002:0000744b       $N00112                    000000018001b44b     zlibwapi.exp
 0002:00007462       $N00113                    000000018001b462     zlibwapi.exp
 0002:00007479       $N00038                    000000018001b479     zlibwapi.exp
 0002:00007487       $N00146                    000000018001b487     zlibwapi.exp
 0002:00007490       $N00048                    000000018001b490     zlibwapi.exp
 0002:0000749b       $N00012                    000000018001b49b     zlibwapi.exp
 0002:000074a3       $N00147                    000000018001b4a3     zlibwapi.exp
 0002:000074ad       $N00148                    000000018001b4ad     zlibwapi.exp
 0002:000074b7       $N00149                    000000018001b4b7     zlibwapi.exp
 0002:000074c0       $N00013                    000000018001b4c0     zlibwapi.exp
 0002:000074c8       $N00034                    000000018001b4c8     zlibwapi.exp
 0002:000074ce       $N00014                    000000018001b4ce     zlibwapi.exp
 0002:000074d6       $N00015                    000000018001b4d6     zlibwapi.exp
 0002:000074de       $N00171                    000000018001b4de     zlibwapi.exp
 0002:000074e6       $N00172                    000000018001b4e6     zlibwapi.exp
 0002:000074ef       $N00030                    000000018001b4ef     zlibwapi.exp
 0002:000074f6       $N00161                    000000018001b4f6     zlibwapi.exp
 0002:000074fe       $N00041                    000000018001b4fe     zlibwapi.exp
 0002:00007505       $N00150                    000000018001b505     zlibwapi.exp
 0002:0000750e       $N00016                    000000018001b50e     zlibwapi.exp
 0002:00007515       $N00165                    000000018001b515     zlibwapi.exp
 0002:0000751e       $N00028                    000000018001b51e     zlibwapi.exp
 0002:00007527       $N00029                    000000018001b527     zlibwapi.exp
 0002:0000752e       $N00040                    000000018001b52e     zlibwapi.exp
 0002:00007535       $N00017                    000000018001b535     zlibwapi.exp
 0002:0000753c       $N00032                    000000018001b53c     zlibwapi.exp
 0002:00007545       $N00031                    000000018001b545     zlibwapi.exp
 0002:0000754c       $N00035                    000000018001b54c     zlibwapi.exp
 0002:00007558       $N00033                    000000018001b558     zlibwapi.exp
 0002:0000755f       $N00049                    000000018001b55f     zlibwapi.exp
 0002:00007568       $N00167                    000000018001b568     zlibwapi.exp
 0002:00007572       $N00018                    000000018001b572     zlibwapi.exp
 0002:0000757a       $N00019                    000000018001b57a     zlibwapi.exp
 0002:00007582       $N00044                    000000018001b582     zlibwapi.exp
 0002:0000758e       $N00045                    000000018001b58e     zlibwapi.exp
 0002:0000759d       $N00043                    000000018001b59d     zlibwapi.exp
 0002:000075ae       $N00168                    000000018001b5ae     zlibwapi.exp
 0002:000075bf       $N00042                    000000018001b5bf     zlibwapi.exp
 0002:000075cb       $N00020                    000000018001b5cb     zlibwapi.exp
 0002:000075d6       $N00166                    000000018001b5d6     zlibwapi.exp
 0002:000075eb       $N00156                    000000018001b5eb     zlibwapi.exp
 0002:000075fc       $N00021                    000000018001b5fc     zlibwapi.exp
 0002:0000760a       $N00022                    000000018001b60a     zlibwapi.exp
 0002:00007617       $N00157                    000000018001b617     zlibwapi.exp
 0002:00007623       $N00158                    000000018001b623     zlibwapi.exp
 0002:00007630       $N00023                    000000018001b630     zlibwapi.exp
 0002:0000763d       $N00159                    000000018001b63d     zlibwapi.exp
 0002:0000764b       $N00163                    000000018001b64b     zlibwapi.exp
 0002:0000765c       $N00024                    000000018001b65c     zlibwapi.exp
 0002:00007671       $N00025                    000000018001b671     zlibwapi.exp
 0002:0000767d       $N00037                    000000018001b67d     zlibwapi.exp
 0002:0000768e       $N00160                    000000018001b68e     zlibwapi.exp
 0002:0000769f       $N00169                    000000018001b69f     zlibwapi.exp
 0002:000076af       $N00026                    000000018001b6af     zlibwapi.exp
 0002:000076ba       $N00170                    000000018001b6ba     zlibwapi.exp
 0002:000076c6       $N00062                    000000018001b6c6     zlibwapi.exp
 0002:000076cf       $N00072                    000000018001b6cf     zlibwapi.exp
 0002:000076e3       $N00064                    000000018001b6e3     zlibwapi.exp
 0002:000076f9       $N00124                    000000018001b6f9     zlibwapi.exp
 0002:00007711       $N00125                    000000018001b711     zlibwapi.exp
 0002:0000772f       $N00100                    000000018001b72f     zlibwapi.exp
 0002:0000773d       $N00127                    000000018001b73d     zlibwapi.exp
 0002:0000774d       $N00073                    000000018001b74d     zlibwapi.exp
 0002:00007761       $N00063                    000000018001b761     zlibwapi.exp
 0002:00007772       $N00122                    000000018001b772     zlibwapi.exp
 0002:00007785       $N00076                    000000018001b785     zlibwapi.exp
 0002:0000779b       $N00101                    000000018001b79b     zlibwapi.exp
 0002:000077aa       $N00128                    000000018001b7aa     zlibwapi.exp
 0002:000077bb       $N00065                    000000018001b7bb     zlibwapi.exp
 0002:000077cc       $N00066                    000000018001b7cc     zlibwapi.exp
 0002:000077dc       $N00075                    000000018001b7dc     zlibwapi.exp
 0002:000077ea       $N00061                    000000018001b7ea     zlibwapi.exp
 0002:000077f2       $N00077                    000000018001b7f2     zlibwapi.exp
 0002:000077fb       $N00121                    000000018001b7fb     zlibwapi.exp
 0002:00007807       $N00120                    000000018001b807     zlibwapi.exp
 0002:00007811       $N00067                    000000018001b811     zlibwapi.exp
 0002:00007824       $N00078                    000000018001b824     zlibwapi.exp
 0002:00007838       $N00069                    000000018001b838     zlibwapi.exp
 0002:0000784c       $N00079                    000000018001b84c     zlibwapi.exp
 0002:00007867       $N00068                    000000018001b867     zlibwapi.exp
 0002:0000787a       $N00074                    000000018001b87a     zlibwapi.exp
 0002:00007893       $N00071                    000000018001b893     zlibwapi.exp
 0002:0000789a       $N00070                    000000018001b89a     zlibwapi.exp
 0002:000078a2       $N00126                    000000018001b8a2     zlibwapi.exp
 0002:000078ac       $N00036                    000000018001b8ac     zlibwapi.exp
 0002:000078b3       $N00084                    000000018001b8b3     zlibwapi.exp
 0002:000078bc       $N00083                    000000018001b8bc     zlibwapi.exp
 0002:000078ce       $N00087                    000000018001b8ce     zlibwapi.exp
 0002:000078e3       $N00136                    000000018001b8e3     zlibwapi.exp
 0002:000078fa       $N00080                    000000018001b8fa     zlibwapi.exp
 0002:00007902       $N00088                    000000018001b902     zlibwapi.exp
 0002:0000790b       $N00131                    000000018001b90b     zlibwapi.exp
 0002:00007917       $N00130                    000000018001b917     zlibwapi.exp
 0002:00007921       $N00081                    000000018001b921     zlibwapi.exp
 0002:00007935       $N00086                    000000018001b935     zlibwapi.exp
 0002:0000794a       $N00133                    000000018001b94a     zlibwapi.exp
 0002:00007962       $N00089                    000000018001b962     zlibwapi.exp
 0002:00007977       $N00134                    000000018001b977     zlibwapi.exp
 0002:0000798f       $N00135                    000000018001b98f     zlibwapi.exp
 0002:000079a7       $N00132                    000000018001b9a7     zlibwapi.exp
 0002:000079bd       $N00082                    000000018001b9bd     zlibwapi.exp
 0002:000079d1       $N00050                    000000018001b9d1     zlibwapi.exp
 0002:000079e2       $N00027                    000000018001b9e2     zlibwapi.exp
 0002:00007d5c       .idata$6                   000000018001bd5c     kernel32:KERNEL32.dll
 0002:00007de0       .idata$6                   000000018001bde0     vcruntime:VCRUNTIME140.dll
 0002:00007fdc       .idata$6                   000000018001bfdc     ucrt:api-ms-win-crt-stdio-l1-1-0.dll
 0002:00007ffc       .idata$6                   000000018001bffc     ucrt:api-ms-win-crt-convert-l1-1-0.dll
 0002:0000801e       .idata$6                   000000018001c01e     ucrt:api-ms-win-crt-heap-l1-1-0.dll
 0002:0000803e       .idata$6                   000000018001c03e     ucrt:api-ms-win-crt-runtime-l1-1-0.dll
 0002:00008060       .idata$6                   000000018001c060     ucrt:api-ms-win-crt-utility-l1-1-0.dll
 0002:00008082       .idata$6                   000000018001c082     ucrt:api-ms-win-crt-time-l1-1-0.dll
 0003:00000040       ?__proc_attached@@3HA      000000018001d040     MSVCRT:dll_dllmain.obj
 0003:00000080       ?is_initialized_as_dll@@3_NA 000000018001d080     MSVCRT:utility.obj
 0003:00000081       ?module_local_atexit_table_initialized@@3_NA 000000018001d081     MSVCRT:utility.obj
 0003:00000088       ?module_local_atexit_table@@3U_onexit_table_t@@A 000000018001d088     MSVCRT:utility.obj
 0003:000000a0       ?module_local_at_quick_exit_table@@3U_onexit_table_t@@A 000000018001d0a0     MSVCRT:utility.obj
 0003:000000cc       ?calls@?1??crypthead@@9@9  000000018001d0cc     zip.obj
 0005:00000060       $R000000                   0000000180020060     zlib.res
