 zlibwapi

 Timestamp is 64c5fb9b (Sun Jul 30 17:56:43 2023)

 Preferred load address is 10000000

 Start         Length     Name                   Class
 0001:00000000 0005dcadH .text$mn                CODE
 0001:0005dcad 000001d7H .text$x                 CODE
 0002:00000000 00000154H .idata$5                DATA
 0002:00000154 0000000cH .00cfg                  DATA
 0002:00000160 00000004H .CRT$XCA                DATA
 0002:00000164 00000004H .CRT$XCZ                DATA
 0002:00000168 00000004H .CRT$XIA                DATA
 0002:0000016c 00000010H .CRT$XIC                DATA
 0002:0000017c 00000004H .CRT$XIZ                DATA
 0002:00000180 00000004H .CRT$XPA                DATA
 0002:00000184 00000008H .CRT$XPX                DATA
 0002:0000018c 00000004H .CRT$XPXA               DATA
 0002:00000190 00000004H .CRT$XPZ                DATA
 0002:00000194 00000004H .CRT$XTA                DATA
 0002:00000198 00000008H .CRT$XTZ                DATA
 0002:0000019c 00000000H .gfids$y                DATA
 0002:000001a0 0000c8e0H .rdata                  DATA
 0002:0000ca80 00000040H .rdata$CastGuardVftablesA DATA
 0002:0000cac0 00000040H .rdata$CastGuardVftablesC DATA
 0002:0000cb00 000002a0H .rdata$r                DATA
 0002:0000cda0 000004c0H .rdata$voltmd           DATA
 0002:0000d260 00000390H .rdata$zzzdbg           DATA
 0002:0000d5f0 00000004H .rtc$IAA                DATA
 0002:0000d5f4 00000004H .rtc$IZZ                DATA
 0002:0000d5f8 00000004H .rtc$TAA                DATA
 0002:0000d5fc 00000004H .rtc$TZZ                DATA
 0002:0000d600 00000c30H .xdata$x                DATA
 0002:0000e230 00000d50H .edata                  DATA
 0002:0000ef80 00000014H .idata$2                DATA
 0002:0000ef94 00000014H .idata$3                DATA
 0002:0000efa8 00000154H .idata$4                DATA
 0002:0000f0fc 0000062cH .idata$6                DATA
 0003:00000000 000008b0H .data                   DATA
 0003:000008b0 00000058H .data$r                 DATA
 0003:00000908 000000b8H .data$rs                DATA
 0003:000009c0 000012e0H .bss                    DATA
 0004:00000000 00000060H .rsrc$01                DATA
 0004:00000060 00000340H .rsrc$02                DATA

  Address         Publics by Value              Rva+Base       Lib:Object

 0000:00000000       ___AbsoluteZero            00000000     <absolute>
 0000:00000000       ___arm64x_extra_rfe_table  00000000     <absolute>
 0000:00000000       ___arm64x_extra_rfe_table_size 00000000     <absolute>
 0000:00000000       ___arm64x_native_entrypoint 00000000     <absolute>
 0000:00000000       ___arm64x_redirection_metadata 00000000     <absolute>
 0000:00000000       ___arm64x_redirection_metadata_count 00000000     <absolute>
 0000:00000000       ___dynamic_value_reloc_table 00000000     <absolute>
 0000:00000000       ___enclave_config          00000000     <absolute>
 0000:00000000       ___guard_check_icall_a64n_fptr 00000000     <absolute>
 0000:00000000       ___guard_eh_cont_count     00000000     <absolute>
 0000:00000000       ___guard_eh_cont_table     00000000     <absolute>
 0000:00000000       ___guard_fids_count        00000000     <absolute>
 0000:00000000       ___guard_fids_table        00000000     <absolute>
 0000:00000000       ___guard_iat_count         00000000     <absolute>
 0000:00000000       ___guard_iat_table         00000000     <absolute>
 0000:00000000       ___guard_longjmp_count     00000000     <absolute>
 0000:00000000       ___guard_longjmp_table     00000000     <absolute>
 0000:00000000       ___hybrid_auxiliary_delayload_iat 00000000     <absolute>
 0000:00000000       ___hybrid_auxiliary_delayload_iat_copy 00000000     <absolute>
 0000:00000000       ___hybrid_auxiliary_iat    00000000     <absolute>
 0000:00000000       ___hybrid_auxiliary_iat_copy 00000000     <absolute>
 0000:00000000       ___hybrid_code_map         00000000     <absolute>
 0000:00000000       ___hybrid_code_map_count   00000000     <absolute>
 0000:00000000       ___safe_se_handler_count   00000000     <absolute>
 0000:00000000       ___safe_se_handler_table   00000000     <absolute>
 0000:00000000       ___x64_code_ranges_to_entry_points 00000000     <absolute>
 0000:00000000       ___x64_code_ranges_to_entry_points_count 00000000     <absolute>
 0000:00000000       __except_list              00000000     <absolute>
 0000:00000100       ___guard_flags             00000100     <absolute>
 0000:00000000       ___ImageBase               10000000     <linker-defined>
 0001:00000000       _adler32_z@12              10001000 f   adler32.obj
 0001:00000280       _adler32@12                10001280 f   adler32.obj
 0001:000003c0       _adler32_combine@12        100013c0 f   adler32.obj
 0001:000003e0       _compress2@20              100013e0 f   compress.obj
 0001:000004c0       _compress@16               100014c0 f   compress.obj
 0001:000004e0       _compressBound@4           100014e0 f   compress.obj
 0001:000005b0       _get_crc_table@0           100015b0 f   crc32.obj
 0001:00000650       _crc32_z@12                10001650 f   crc32.obj
 0001:00000970       _crc32@12                  10001970 f   crc32.obj
 0001:00000980       _crc32_combine64@16        10001980 f   crc32.obj
 0001:000009b0       _crc32_combine@12          100019b0 f   crc32.obj
 0001:000009d0       _crc32_combine_gen64@8     100019d0 f   crc32.obj
 0001:000009f0       _crc32_combine_gen@4       100019f0 f   crc32.obj
 0001:00000a10       _crc32_combine_op@12       10001a10 f   crc32.obj
 0001:00000cd0       _deflateInit_@16           10001cd0 f   deflate.obj
 0001:00000cf0       _deflateInit2_@32          10001cf0 f   deflate.obj
 0001:00000f90       _deflateSetDictionary@12   10001f90 f   deflate.obj
 0001:00001130       _deflateGetDictionary@12   10002130 f   deflate.obj
 0001:00001190       _deflateResetKeep@4        10002190 f   deflate.obj
 0001:000012e0       _deflateReset@4            100022e0 f   deflate.obj
 0001:00001310       _deflateSetHeader@8        10002310 f   deflate.obj
 0001:00001340       _deflatePending@12         10002340 f   deflate.obj
 0001:00001380       _deflatePrime@12           10002380 f   deflate.obj
 0001:00001420       _deflateParams@12          10002420 f   deflate.obj
 0001:00001570       _deflateTune@20            10002570 f   deflate.obj
 0001:000015c0       _deflateBound@8            100025c0 f   deflate.obj
 0001:00001770       _deflate@8                 10002770 f   deflate.obj
 0001:000020a0       _deflateEnd@4              100030a0 f   deflate.obj
 0001:00002150       _deflateCopy@8             10003150 f   deflate.obj
 0001:000033f0       _gzclose@4                 100043f0 f   gzclose.obj
 0001:00003420       ___local_stdio_printf_options 10004420 f i gzlib.obj
 0001:00003430       _vsnprintf                 10004430 f i gzlib.obj
 0001:00003470       _snprintf                  10004470 f i gzlib.obj
 0001:00003820       _gzopen@8                  10004820 f   gzlib.obj
 0001:00003840       _gzdopen@8                 10004840 f   gzlib.obj
 0001:000038a0       _gzopen_w@8                100048a0 f   gzlib.obj
 0001:000038c0       _gzbuffer@8                100048c0 f   gzlib.obj
 0001:00003910       _gzrewind@4                10004910 f   gzlib.obj
 0001:00003970       _gzseek64@16               10004970 f   gzlib.obj
 0001:00003b20       _gzseek@12                 10004b20 f   gzlib.obj
 0001:00003b60       _gztell64@4                10004b60 f   gzlib.obj
 0001:00003bc0       _gztell@4                  10004bc0 f   gzlib.obj
 0001:00003bf0       _gzoffset64@4              10004bf0 f   gzlib.obj
 0001:00003c40       _gzoffset@4                10004c40 f   gzlib.obj
 0001:00003c70       _gzeof@4                   10004c70 f   gzlib.obj
 0001:00003ca0       _gzerror@8                 10004ca0 f   gzlib.obj
 0001:00003cf0       _gzclearerr@4              10004cf0 f   gzlib.obj
 0001:00003d40       _gz_error                  10004d40 f   gzlib.obj
 0001:00004410       _gzread@12                 10005410 f   gzread.obj
 0001:00004480       _gzfread@16                10005480 f   gzread.obj
 0001:00004500       _gzgetc@4                  10005500 f   gzread.obj
 0001:00004570       _gzgetc_@4                 10005570 f   gzread.obj
 0001:00004580       _gzungetc@8                10005580 f   gzread.obj
 0001:00004680       _gzgets@12                 10005680 f   gzread.obj
 0001:000047a0       _gzdirect@4                100057a0 f   gzread.obj
 0001:000047e0       _gzclose_r@4               100057e0 f   gzread.obj
 0001:00004c70       _gzwrite@12                10005c70 f   gzwrite.obj
 0001:00004cc0       _gzfwrite@16               10005cc0 f   gzwrite.obj
 0001:00004d30       _gzputc@8                  10005d30 f   gzwrite.obj
 0001:00004df0       _gzputs@8                  10005df0 f   gzwrite.obj
 0001:00004e60       _gzvprintf                 10005e60 f   gzwrite.obj
 0001:00004f90       _gzprintf                  10005f90 f   gzwrite.obj
 0001:00004fb0       _gzflush@8                 10005fb0 f   gzwrite.obj
 0001:00005020       _gzsetparams@12            10006020 f   gzwrite.obj
 0001:000050e0       _gzclose_w@4               100060e0 f   gzwrite.obj
 0001:000051b0       _inflateBackInit_@20       100061b0 f   infback.obj
 0001:000052c0       _inflateBack@20            100062c0 f   infback.obj
 0001:00006040       _inflateBackEnd@4          10007040 f   infback.obj
 0001:00006080       _inflate_fast              10007080 f   inffast.obj
 0001:000064f0       _inflateResetKeep@4        100074f0 f   inflate.obj
 0001:000065a0       _inflateReset@4            100075a0 f   inflate.obj
 0001:000065e0       _inflateReset2@8           100075e0 f   inflate.obj
 0001:00006670       _inflateInit2_@16          10007670 f   inflate.obj
 0001:00006740       _inflateInit_@12           10007740 f   inflate.obj
 0001:00006760       _inflatePrime@12           10007760 f   inflate.obj
 0001:00006900       _inflate@8                 10007900 f   inflate.obj
 0001:00008070       _inflateEnd@4              10009070 f   inflate.obj
 0001:000080d0       _inflateGetDictionary@12   100090d0 f   inflate.obj
 0001:00008140       _inflateSetDictionary@12   10009140 f   inflate.obj
 0001:000081e0       _inflateGetHeader@8        100091e0 f   inflate.obj
 0001:000082a0       _inflateSync@4             100092a0 f   inflate.obj
 0001:000083c0       _inflateSyncPoint@4        100093c0 f   inflate.obj
 0001:00008400       _inflateCopy@8             10009400 f   inflate.obj
 0001:00008560       _inflateUndermine@8        10009560 f   inflate.obj
 0001:00008590       _inflateValidate@8         10009590 f   inflate.obj
 0001:000085d0       _inflateMark@4             100095d0 f   inflate.obj
 0001:00008640       _inflateCodesUsed@4        10009640 f   inflate.obj
 0001:00008670       _inflate_table             10009670 f   inftrees.obj
 0001:00008b50       _call_zopen64              10009b50 f   ioapi.obj
 0001:00008b70       _call_zseek64              10009b70 f   ioapi.obj
 0001:00008bc0       _call_ztell64              10009bc0 f   ioapi.obj
 0001:00008bf0       _fill_zlib_filefunc64_32_def_from_filefunc32 10009bf0 f   ioapi.obj
 0001:00008e00       _fill_fopen64_filefunc     10009e00 f   ioapi.obj
 0001:00008ef0       _win32_open64_file_func    10009ef0 f   iowin32.obj
 0001:00008f50       _win32_open64_file_funcA   10009f50 f   iowin32.obj
 0001:00008fb0       _win32_open64_file_funcW   10009fb0 f   iowin32.obj
 0001:00009010       _win32_open_file_func      1000a010 f   iowin32.obj
 0001:00009070       _win32_read_file_func      1000a070 f   iowin32.obj
 0001:000090c0       _win32_write_file_func     1000a0c0 f   iowin32.obj
 0001:00009170       _win32_tell_file_func      1000a170 f   iowin32.obj
 0001:000091c0       _win32_tell64_file_func    1000a1c0 f   iowin32.obj
 0001:00009220       _win32_seek_file_func      1000a220 f   iowin32.obj
 0001:00009290       _win32_seek64_file_func    1000a290 f   iowin32.obj
 0001:00009310       _win32_close_file_func     1000a310 f   iowin32.obj
 0001:00009340       _win32_error_file_func     1000a340 f   iowin32.obj
 0001:00009360       _fill_win32_filefunc       1000a360 f   iowin32.obj
 0001:000093a0       _fill_win32_filefunc64     1000a3a0 f   iowin32.obj
 0001:000093e0       _fill_win32_filefunc64A    1000a3e0 f   iowin32.obj
 0001:00009420       _fill_win32_filefunc64W    1000a420 f   iowin32.obj
 0001:00009670       __tr_init                  1000a670 f   trees.obj
 0001:0000a550       __tr_stored_block          1000b550 f   trees.obj
 0001:0000a650       __tr_flush_bits            1000b650 f   trees.obj
 0001:0000a660       __tr_align                 1000b660 f   trees.obj
 0001:0000abf0       __tr_flush_block           1000bbf0 f   trees.obj
 0001:0000ae10       _uncompress2@16            1000be10 f   uncompr.obj
 0001:0000af40       _uncompress@16             1000bf40 f   uncompr.obj
 0001:0000b2c0       _unzStringFileNameCompare@12 1000c2c0 f   unzip.obj
 0001:0000bbb0       _unzOpen2@8                1000cbb0 f   unzip.obj
 0001:0000bc00       _unzOpen2_64@8             1000cc00 f   unzip.obj
 0001:0000bc60       _unzOpen@4                 1000cc60 f   unzip.obj
 0001:0000bc80       _unzOpen64@4               1000cc80 f   unzip.obj
 0001:0000bca0       _unzClose@4                1000cca0 f   unzip.obj
 0001:0000bce0       _unzGetGlobalInfo64@8      1000cce0 f   unzip.obj
 0001:0000bd10       _unzGetGlobalInfo@8        1000cd10 f   unzip.obj
 0001:0000c390       _unzGetCurrentFileInfo64@32 1000d390 f   unzip.obj
 0001:0000c3c0       _unzGetCurrentFileInfo@32  1000d3c0 f   unzip.obj
 0001:0000c480       _unzGoToFirstFile@4        1000d480 f   unzip.obj
 0001:0000c4f0       _unzGoToNextFile@4         1000d4f0 f   unzip.obj
 0001:0000c5a0       _unzLocateFile@12          1000d5a0 f   unzip.obj
 0001:0000c750       _unzGetFilePos64@8         1000d750 f   unzip.obj
 0001:0000c7a0       _unzGetFilePos@8           1000d7a0 f   unzip.obj
 0001:0000c7d0       _unzGoToFilePos64@8        1000d7d0 f   unzip.obj
 0001:0000c840       _unzGoToFilePos@8          1000d840 f   unzip.obj
 0001:0000cae0       _unzOpenCurrentFile3@20    1000dae0 f   unzip.obj
 0001:0000cd70       _unzOpenCurrentFile@4      1000dd70 f   unzip.obj
 0001:0000cd90       _unzOpenCurrentFilePassword@8 1000dd90 f   unzip.obj
 0001:0000cdb0       _unzOpenCurrentFile2@16    1000ddb0 f   unzip.obj
 0001:0000cdd0       _unzGetCurrentFileZStreamPos64@4 1000ddd0 f   unzip.obj
 0001:0000ce10       _unzReadCurrentFile@12     1000de10 f   unzip.obj
 0001:0000d0e0       _unztell@4                 1000e0e0 f   unzip.obj
 0001:0000d110       _unztell64@4               1000e110 f   unzip.obj
 0001:0000d140       _unzeof@4                  1000e140 f   unzip.obj
 0001:0000d180       _unzGetLocalExtrafield@12  1000e180 f   unzip.obj
 0001:0000d250       _unzCloseCurrentFile@4     1000e250 f   unzip.obj
 0001:0000d2e0       _unzGetGlobalComment@12    1000e2e0 f   unzip.obj
 0001:0000e3c0       _zipOpen3@16               1000f3c0 f   zip.obj
 0001:0000e530       _zipOpen2@16               1000f530 f   zip.obj
 0001:0000e580       _zipOpen2_64@16            1000f580 f   zip.obj
 0001:0000e5e0       _zipOpen@8                 1000f5e0 f   zip.obj
 0001:0000e600       _zipOpen64@8               1000f600 f   zip.obj
 0001:0000e860       _zipOpenNewFileInZip4_64@76 1000f860 f   zip.obj
 0001:0000edb0       _zipOpenNewFileInZip3@64   1000fdb0 f   zip.obj
 0001:0000ee00       _zipOpenNewFileInZip3_64@68 1000fe00 f   zip.obj
 0001:0000ee50       _zipOpenNewFileInZip2@44   1000fe50 f   zip.obj
 0001:0000ee90       _zipOpenNewFileInZip2_64@48 1000fe90 f   zip.obj
 0001:0000eed0       _zipOpenNewFileInZip64@44  1000fed0 f   zip.obj
 0001:0000ef10       _zipOpenNewFileInZip@40    1000ff10 f   zip.obj
 0001:0000f010       _zipWriteInFileInZip@12    10010010 f   zip.obj
 0001:0000f120       _zipCloseFileInZipRaw@12   10010120 f   zip.obj
 0001:0000f140       _zipCloseFileInZipRaw64@16 10010140 f   zip.obj
 0001:0000f690       _zipCloseFileInZip@4       10010690 f   zip.obj
 0001:0000f9f0       _zipClose@8                100109f0 f   zip.obj
 0001:0000fb80       _zlibVersion@0             10010b80 f   zutil.obj
 0001:0000fb90       _zlibCompileFlags@0        10010b90 f   zutil.obj
 0001:0000fba0       _zError@4                  10010ba0 f   zutil.obj
 0001:0000fbc0       _zcalloc                   10010bc0 f   zutil.obj
 0001:0000fbe0       _zcfree                    10010be0 f   zutil.obj
 0001:0000fbf0       _ReadFile@20               10010bf0 f   kernel32:KERNEL32.dll
 0001:0000fbf6       _WriteFile@20              10010bf6 f   kernel32:KERNEL32.dll
 0001:0000fbfc       _SetFilePointer@16         10010bfc f   kernel32:KERNEL32.dll
 0001:0000fc02       _CreateFileW@28            10010c02 f   kernel32:KERNEL32.dll
 0001:0000fc08       _GetLastError@0            10010c08 f   kernel32:KERNEL32.dll
 0001:0000fc0e       _CreateFileA@28            10010c0e f   kernel32:KERNEL32.dll
 0001:0000fc14       _CloseHandle@4             10010c14 f   kernel32:KERNEL32.dll
 0001:0000ff5a       __CRT_INIT@12              10010f5a f   LIBCMT:dll_dllmain.obj
 0001:0000ff63       __DllMainCRTStartup@12     10010f63 f   LIBCMT:dll_dllmain.obj
 0001:0000ffd3       ___security_init_cookie    10010fd3 f   LIBCMT:gs_support.obj
 0001:0001001e       _DllMain@12                1001101e f   LIBCMT:dll_dllmain_stub.obj
 0001:00010024       ?__scrt_initialize_type_info@@YAXXZ 10011024 f   LIBCMT:tncleanup.obj
 0001:00010030       ?__scrt_uninitialize_type_info@@YAXXZ 10011030 f   LIBCMT:tncleanup.obj
 0001:0001003c       ___local_stdio_scanf_options 1001103c f i LIBCMT:default_local_stdio_options.obj
 0001:00010042       ___scrt_initialize_default_local_stdio_options 10011042 f   LIBCMT:default_local_stdio_options.obj
 0001:0001005f       ?configure_argv@__scrt_narrow_argv_policy@@SAHXZ 1001105f f i LIBCMT:utility.obj
 0001:000100b0       ?initialize_environment@__scrt_narrow_environment_policy@@SAHXZ 100110b0 f i LIBCMT:utility.obj
 0001:000100e8       _NtCurrentTeb              100110e8 f i LIBCMT:utility.obj
 0001:000100ef       ___scrt_acquire_startup_lock 100110ef f   LIBCMT:utility.obj
 0001:00010121       ___scrt_dllmain_after_initialize_c 10011121 f   LIBCMT:utility.obj
 0001:0001014c       ___scrt_dllmain_before_initialize_c 1001114c f   LIBCMT:utility.obj
 0001:0001015a       ___scrt_dllmain_crt_thread_attach 1001115a f   LIBCMT:utility.obj
 0001:00010179       ___scrt_dllmain_crt_thread_detach 10011179 f   LIBCMT:utility.obj
 0001:00010186       ___scrt_dllmain_exception_filter 10011186 f   LIBCMT:utility.obj
 0001:000101ba       ___scrt_dllmain_uninitialize_c 100111ba f   LIBCMT:utility.obj
 0001:000101dd       ___scrt_dllmain_uninitialize_critical 100111dd f   LIBCMT:utility.obj
 0001:000101ea       ___scrt_initialize_crt     100111ea f   LIBCMT:utility.obj
 0001:00010223       ___scrt_initialize_onexit_tables 10011223 f   LIBCMT:utility.obj
 0001:000102aa       ___scrt_is_nonwritable_in_current_image 100112aa f   LIBCMT:utility.obj
 0001:0001033e       ___scrt_release_startup_lock 1001133e f   LIBCMT:utility.obj
 0001:0001035b       ___scrt_uninitialize_crt   1001135b f   LIBCMT:utility.obj
 0001:00010383       __onexit                   10011383 f   LIBCMT:utility.obj
 0001:000103b0       _at_quick_exit             100113b0 f   LIBCMT:utility.obj
 0001:000103d3       _atexit                    100113d3 f   LIBCMT:utility.obj
 0001:000103e8       ___scrt_get_dyn_tls_init_callback 100113e8 f   LIBCMT:dyn_tls_init.obj
 0001:000103ee       ___scrt_fastfail           100113ee f   LIBCMT:utility_desktop.obj
 0001:00010509       ___scrt_get_show_window_mode 10011509 f   LIBCMT:utility_desktop.obj
 0001:0001053a       ___scrt_initialize_mta     1001153a f   LIBCMT:utility_desktop.obj
 0001:0001053f       ___scrt_initialize_winrt   1001153f f   LIBCMT:utility_desktop.obj
 0001:00010542       ___scrt_is_managed_app     10011542 f   LIBCMT:utility_desktop.obj
 0001:00010584       ___scrt_set_unhandled_exception_filter 10011584 f   LIBCMT:utility_desktop.obj
 0001:00010590       ___scrt_exe_initialize_mta 10011590 f   LIBCMT:utility_desktop.obj
 0001:00010590       ___scrt_stub_for_initialize_mta 10011590 f   LIBCMT:utility_desktop.obj
 0001:00010593       ___scrt_unhandled_exception_filter@4 10011593 f   LIBCMT:utility_desktop.obj
 0001:000105e9       __crt_debugger_hook        100115e9 f   LIBCMT:utility_desktop.obj
 0001:000105f1       __RTC_Initialize           100115f1 f   LIBCMT:initsect.obj
 0001:0001061d       __RTC_Terminate            1001161d f   LIBCMT:initsect.obj
 0001:00010650       __SEH_prolog4              10011650 f   LIBCMT:sehprolg4.obj
 0001:000106a0       __SEH_epilog4              100116a0 f   LIBCMT:sehprolg4.obj
 0001:000106b4       @_guard_check_icall_nop@4  100116b4 f i LIBCMT:guard_support.obj
 0001:000106b7       _ReadNoFence               100116b7 f i LIBCMT:guard_support.obj
 0001:000106c1       _ReadPointerNoFence        100116c1 f i LIBCMT:guard_support.obj
 0001:000106cb       __InlineInterlockedExchangePointer 100116cb f i LIBCMT:guard_support.obj
 0001:000106d8       ___castguard_check_failure_debugbreak 100116d8 f i LIBCMT:guard_support.obj
 0001:000106f3       ___castguard_check_failure_fastfail 100116f3 f i LIBCMT:guard_support.obj
 0001:00010712       ___castguard_check_failure_nop 10011712 f i LIBCMT:guard_support.obj
 0001:00010715       ___castguard_check_failure_os_handled 10011715 f i LIBCMT:guard_support.obj
 0001:00010756       ___castguard_check_failure_user_handled 10011756 f i LIBCMT:guard_support.obj
 0001:000107c4       ___castguard_set_user_handler 100117c4 f i LIBCMT:guard_support.obj
 0001:000107d3       ___castguard_slow_path_check_debugbreak 100117d3 f i LIBCMT:guard_support.obj
 0001:00010800       ___castguard_slow_path_check_fastfail 10011800 f i LIBCMT:guard_support.obj
 0001:00010831       ___castguard_slow_path_check_nop 10011831 f i LIBCMT:guard_support.obj
 0001:00010834       ___castguard_slow_path_check_os_handled 10011834 f i LIBCMT:guard_support.obj
 0001:00010875       ___castguard_slow_path_check_user_handled 10011875 f i LIBCMT:guard_support.obj
 0001:000108d6       __guard_icall_checks_enforced 100118d6 f i LIBCMT:guard_support.obj
 0001:000108e8       ___isa_available_init      100118e8 f   LIBCMT:cpu_disp.obj
 0001:00010abc       __get_startup_argv_mode    10011abc f   LIBCMT:argv_mode.obj
 0001:00010ac0       ___scrt_is_ucrt_dll_in_use 10011ac0 f   LIBCMT:ucrt_detection.obj
 0001:00010acc       @__security_check_cookie@4 10011acc f   LIBCMT:secchk.obj
 0001:00010ada       ___raise_securityfailure   10011ada f   LIBCMT:gs_report.obj
 0001:00010b02       ___report_gsfailure        10011b02 f   LIBCMT:gs_report.obj
 0001:00010bfc       ___report_rangecheckfailure 10011bfc f   LIBCMT:gs_report.obj
 0001:00010c08       ___report_securityfailure  10011c08 f   LIBCMT:gs_report.obj
 0001:00010cd7       ___report_securityfailureEx 10011cd7 f   LIBCMT:gs_report.obj
 0001:00010e30       __except_handler4          10011e30 f   libvcruntime:chandler4.obj
 0001:00010f9c       ??$?RD@__crt_internal_free_policy@@QBEXQBD@Z 10011f9c f i libvcruntime:std_type_info.obj
 0001:00010fac       ??$?RX@__crt_internal_free_policy@@QBEXQBX@Z 10011fac f i libvcruntime:std_type_info.obj
 0001:00010fbc       ??$__crt_interlocked_compare_exchange_pointer@$$CBDPAD$$T@@YAPBDPDSBDQAD$$T@Z 10011fbc f i libvcruntime:std_type_info.obj
 0001:00010fce       ??$__crt_interlocked_read_pointer@$$CBD@@YAPBDPDSBD@Z 10011fce f i libvcruntime:std_type_info.obj
 0001:00010fd9       ??0?$__crt_unique_heap_ptr@DU__crt_internal_free_policy@@@@QAE@QAD@Z 10011fd9 f i libvcruntime:std_type_info.obj
 0001:00010fe7       ??0?$__crt_unique_heap_ptr@XU__crt_internal_free_policy@@@@QAE@QAX@Z 10011fe7 f i libvcruntime:std_type_info.obj
 0001:00010ff5       ??1?$__crt_unique_heap_ptr@DU__crt_internal_free_policy@@@@QAE@XZ 10011ff5 f i libvcruntime:std_type_info.obj
 0001:00011005       ??1?$__crt_unique_heap_ptr@XU__crt_internal_free_policy@@@@QAE@XZ 10012005 f i libvcruntime:std_type_info.obj
 0001:00011015       ??B?$__crt_unique_heap_ptr@DU__crt_internal_free_policy@@@@QBE_NXZ 10012015 f i libvcruntime:std_type_info.obj
 0001:0001101c       ??B?$__crt_unique_heap_ptr@XU__crt_internal_free_policy@@@@QBE_NXZ 1001201c f i libvcruntime:std_type_info.obj
 0001:00011043       ?__crt_interlocked_read_32@@YAHPDH@Z 10012043 f i libvcruntime:std_type_info.obj
 0001:0001104e       ?detach@?$__crt_unique_heap_ptr@XU__crt_internal_free_policy@@@@QAEPAXXZ 1001204e f i libvcruntime:std_type_info.obj
 0001:00011054       ?get@?$__crt_unique_heap_ptr@DU__crt_internal_free_policy@@@@QBEPADXZ 10012054 f i libvcruntime:std_type_info.obj
 0001:00011057       ?get@?$__crt_unique_heap_ptr@XU__crt_internal_free_policy@@@@QBEPAXXZ 10012057 f i libvcruntime:std_type_info.obj
 0001:0001105a       ?is_valid@?$__crt_unique_heap_ptr@DU__crt_internal_free_policy@@@@QBE_NXZ 1001205a f i libvcruntime:std_type_info.obj
 0001:00011061       ?is_valid@?$__crt_unique_heap_ptr@XU__crt_internal_free_policy@@@@QBE_NXZ 10012061 f i libvcruntime:std_type_info.obj
 0001:00011068       ?release@?$__crt_unique_heap_ptr@DU__crt_internal_free_policy@@@@QAEXXZ 10012068 f i libvcruntime:std_type_info.obj
 0001:00011078       ?release@?$__crt_unique_heap_ptr@XU__crt_internal_free_policy@@@@QAEXXZ 10012078 f i libvcruntime:std_type_info.obj
 0001:00011088       ___std_type_info_compare   10012088 f   libvcruntime:std_type_info.obj
 0001:000110c4       ___std_type_info_destroy_list 100120c4 f   libvcruntime:std_type_info.obj
 0001:000110e7       ___std_type_info_hash      100120e7 f   libvcruntime:std_type_info.obj
 0001:0001110d       ___std_type_info_name      1001210d f   libvcruntime:std_type_info.obj
 0001:000111d3       ___vcrt_initialize         100121d3 f   libvcruntime:initialization.obj
 0001:000111f2       ___vcrt_thread_attach      100121f2 f   libvcruntime:initialization.obj
 0001:000111fd       ___vcrt_thread_detach      100121fd f   libvcruntime:initialization.obj
 0001:00011208       ___vcrt_uninitialize       10012208 f   libvcruntime:initialization.obj
 0001:0001121f       ___vcrt_uninitialize_critical 1001221f f   libvcruntime:initialization.obj
 0001:0001122a       ___DestructExceptionObject 1001222a f   libvcruntime:ehhelpers.obj
 0001:000112cb       ?_CallMemberFunction0@@YGXQAX0@Z 100122cb f i libvcruntime:ehhelpers.obj
 0001:00011330       ?raw_name@type_info@@QBEPBDXZ 10012330 f i libvcruntime:ehhelpers.obj
 0001:00011334       __IsExceptionObjectToBeDestroyed 10012334 f   libvcruntime:ehhelpers.obj
 0001:0001135a       __SetWinRTOutOfMemoryExceptionCallback 1001235a f   libvcruntime:ehhelpers.obj
 0001:00011367       ___AdjustPointer           10012367 f   libvcruntime:ehhelpers.obj
 0001:0001138c       ___FrameUnwindFilter       1001238c f   libvcruntime:ehhelpers.obj
 0001:000113e2       ___GetPlatformExceptionInfo 100123e2 f   libvcruntime:ehhelpers.obj
 0001:0001142e       ___current_exception       1001242e f   libvcruntime:ehhelpers.obj
 0001:00011437       ___current_exception_context 10012437 f   libvcruntime:ehhelpers.obj
 0001:00011440       ___processing_throw        10012440 f   libvcruntime:ehhelpers.obj
 0001:00011449       ___std_terminate           10012449 f   libvcruntime:ehhelpers.obj
 0001:0001144e       __is_exception_typeof      1001244e f   libvcruntime:ehhelpers.obj
 0001:00011500       _memset                    10012500 f   libvcruntime:memset.obj
 0001:00011660       __local_unwind4            10012660 f   libvcruntime:exsup4.obj
 0001:00011750       __seh_longjmp_unwind4@4    10012750 f   libvcruntime:exsup4.obj
 0001:00011780       @_EH4_CallFilterFunc@8     10012780 f   libvcruntime:exsup4.obj
 0001:000117a0       @_EH4_TransferToHandler@8  100127a0 f   libvcruntime:exsup4.obj
 0001:000117c0       @_EH4_GlobalUnwind2@8      100127c0 f   libvcruntime:exsup4.obj
 0001:000117e0       @_EH4_LocalUnwind@16       100127e0 f   libvcruntime:exsup4.obj
 0001:00011802       ___except_validate_context_record 10012802 f   libvcruntime:jbcxrval.obj
 0001:00011832       ___except_validate_jump_buffer 10012832 f   libvcruntime:jbcxrval.obj
 0001:0001185f       ___except_validate_jump_buffer_common 1001285f f i libvcruntime:jbcxrval.obj
 0001:00011898       ??$?0$00@DName@@QAE@PBDU?$StringLifeSelector@$00@@@Z 10012898 f i libvcruntime:undname.obj
 0001:000118cb       ??$?0$00@pcharNode@@QAE@PBDHU?$StringLifeSelector@$00@@@Z 100128cb f i libvcruntime:undname.obj
 0001:000118e6       ??$?0$01@DName@@QAE@PBDU?$StringLifeSelector@$01@@@Z 100128e6 f i libvcruntime:undname.obj
 0001:00011919       ??$?0$01@pcharNode@@QAE@PBDHU?$StringLifeSelector@$01@@@Z 10012919 f i libvcruntime:undname.obj
 0001:00011959       ??$?0$0A@@DName@@QAE@PBDU?$StringLifeSelector@$0A@@@@Z 10012959 f i libvcruntime:undname.obj
 0001:0001198c       ??$?0$0A@@pcharNode@@QAE@PBDHU?$StringLifeSelector@$0A@@@@Z 1001298c f i libvcruntime:undname.obj
 0001:000119cc       ??$?0_K$0A@@?$optional@_K@std@@QAE@$$QA_K@Z 100129cc f i libvcruntime:undname.obj
 0001:000119e6       ??$?0_K@?$_Optional_construct_base@_K@std@@QAE@Uin_place_t@1@$$QA_K@Z 100129e6 f i libvcruntime:undname.obj
 0001:00011a00       ??$?0_K@?$_Optional_destruct_base@_K$00@std@@QAE@Uin_place_t@1@$$QA_K@Z 10012a00 f i libvcruntime:undname.obj
 0001:00011a1a       ??$append@VDNameNode@@@DName@@AAEXPBVDNameNode@@@Z 10012a1a f i libvcruntime:undname.obj
 0001:00011a5b       ??$append@VDNameStatusNode@@@DName@@AAEXPBVDNameStatusNode@@@Z 10012a5b f i libvcruntime:undname.obj
 0001:00011a9c       ??$append@VcharNode@@@DName@@AAEXPBVcharNode@@@Z 10012a9c f i libvcruntime:undname.obj
 0001:00011add       ??$append@VpDNameNode@@@DName@@AAEXPBVpDNameNode@@@Z 10012add f i libvcruntime:undname.obj
 0001:00011b1e       ??$append@VpcharNode@@@DName@@AAEXPBVpcharNode@@@Z 10012b1e f i libvcruntime:undname.obj
 0001:00011b5f       ??$doPchar@$00@DName@@AAEXPBDH@Z 10012b5f f i libvcruntime:undname.obj
 0001:00011bca       ??$doPchar@$01@DName@@AAEXPBDH@Z 10012bca f i libvcruntime:undname.obj
 0001:00011c3b       ??$doPchar@$0A@@DName@@AAEXPBDH@Z 10012c3b f i libvcruntime:undname.obj
 0001:00011cac       ??$forward@_K@std@@YA$$QA_KAA_K@Z 10012cac f i libvcruntime:undname.obj
 0001:00011d70       ??$size@D$04@std@@YAIAAY04$$CBD@Z 10012d70 f i libvcruntime:undname.obj
 0001:00011d74       ??0?$_Optional_construct_base@_K@std@@QAE@XZ 10012d74 f i libvcruntime:undname.obj
 0001:00011d7b       ??0?$_Optional_destruct_base@_K$00@std@@QAE@XZ 10012d7b f i libvcruntime:undname.obj
 0001:00011d82       ??0?$optional@_K@std@@QAE@XZ 10012d82 f i libvcruntime:undname.obj
 0001:00011d89       ??0Block@_HeapManager@@QAE@XZ 10012d89 f i libvcruntime:undname.obj
 0001:00011d8f       ??0DName@@QAE@AAPBDD@Z     10012d8f f   libvcruntime:undname.obj
 0001:00011e0f       ??0DName@@QAE@ABUStringLiteral@@@Z 10012e0f f   libvcruntime:undname.obj
 0001:00011e36       ??0DName@@QAE@ABV0@@Z      10012e36 f i libvcruntime:undname.obj
 0001:00011e4c       ??0DName@@QAE@D@Z          10012e4c f   libvcruntime:undname.obj
 0001:00011e68       ??0DName@@QAE@PAV0@@Z      10012e68 f   libvcruntime:undname.obj
 0001:00011eb1       ??0DName@@QAE@W4DNameStatus@@@Z 10012eb1 f   libvcruntime:undname.obj
 0001:00011ef1       ??0DName@@QAE@XZ           10012ef1 f i libvcruntime:undname.obj
 0001:00011efb       ??0DName@@QAE@_J@Z         10012efb f   libvcruntime:undname.obj
 0001:00011f85       ??0DName@@QAE@_K@Z         10012f85 f   libvcruntime:undname.obj
 0001:00011fe9       ??0DNameNode@@IAE@XZ       10012fe9 f i libvcruntime:undname.obj
 0001:00011ff2       ??0Replicator@@QAE@XZ      10012ff2 f i libvcruntime:undname.obj
 0001:00012001       ??0UnDecorator@@QAE@PBDP6APADJ@ZK@Z 10013001 f i libvcruntime:undname.obj
 0001:0001204d       ??0_Nontrivial_dummy_type@std@@QAE@XZ 1001304d f i libvcruntime:undname.obj
 0001:00012050       ??0charNode@@QAE@D@Z       10013050 f i libvcruntime:undname.obj
 0001:00012065       ??0pDNameNode@@QAE@PAVDName@@@Z 10013065 f   libvcruntime:undname.obj
 0001:0001208d       ??0pairNode@@QAE@PBVDNameNode@@0@Z 1001308d f i libvcruntime:undname.obj
 0001:000120b3       ??2@YAPAXIAAV_HeapManager@@H@Z 100130b3 f   libvcruntime:undname.obj
 0001:000120d2       ??4DName@@QAEAAV0@ABUStringLiteral@@@Z 100130d2 f   libvcruntime:undname.obj
 0001:000120f3       ??4DName@@QAEAAV0@ABV0@@Z  100130f3 f   libvcruntime:undname.obj
 0001:00012109       ??4DName@@QAEAAV0@D@Z      10013109 f i libvcruntime:undname.obj
 0001:00012125       ??4DName@@QAEAAV0@PAV0@@Z  10013125 f   libvcruntime:undname.obj
 0001:00012168       ??4DName@@QAEAAV0@W4DNameStatus@@@Z 10013168 f   libvcruntime:undname.obj
 0001:0001219a       ??AReplicator@@QBE?AVDName@@H@Z 1001319a f   libvcruntime:undname.obj
 0001:000121d6       ??B?$optional@_K@std@@QBE_NXZ 100131d6 f i libvcruntime:undname.obj
 0001:000121da       ??D?$_Optional_construct_base@_K@std@@QGAEAA_KXZ 100131da f i libvcruntime:undname.obj
 0001:000121dd       ??H@YA?AVDName@@ABUStringLiteral@@ABV0@@Z 100131dd f i libvcruntime:undname.obj
 0001:000121ff       ??H@YA?AVDName@@DABV0@@Z   100131ff f i libvcruntime:undname.obj
 0001:0001222a       ??H@YA?AVDName@@W4DNameStatus@@ABV0@@Z 1001322a f i libvcruntime:undname.obj
 0001:0001224c       ??HDName@@QBE?AV0@ABUStringLiteral@@@Z 1001324c f   libvcruntime:undname.obj
 0001:0001226e       ??HDName@@QBE?AV0@ABV0@@Z  1001326e f   libvcruntime:undname.obj
 0001:00012290       ??HDName@@QBE?AV0@D@Z      10013290 f   libvcruntime:undname.obj
 0001:000122b2       ??HDName@@QBE?AV0@PAV0@@Z  100132b2 f   libvcruntime:undname.obj
 0001:000122d4       ??HDName@@QBE?AV0@W4DNameStatus@@@Z 100132d4 f   libvcruntime:undname.obj
 0001:000122f6       ??HStringLiteral@@QBE?AU0@H@Z 100132f6 f i libvcruntime:undname.obj
 0001:00012310       ??YDName@@QAEAAV0@ABUStringLiteral@@@Z 10013310 f   libvcruntime:undname.obj
 0001:00012368       ??YDName@@QAEAAV0@ABV0@@Z  10013368 f   libvcruntime:undname.obj
 0001:000123bf       ??YDName@@QAEAAV0@D@Z      100133bf f   libvcruntime:undname.obj
 0001:00012414       ??YDName@@QAEAAV0@PAV0@@Z  10013414 f   libvcruntime:undname.obj
 0001:00012478       ??YDName@@QAEAAV0@W4DNameStatus@@@Z 10013478 f   libvcruntime:undname.obj
 0001:000124b8       ??YReplicator@@QAEAAV0@ABVDName@@@Z 100134b8 f   libvcruntime:undname.obj
 0001:000124f8       ??_5DName@@QAEAAV0@ABV0@@Z 100134f8 f   libvcruntime:undname.obj
 0001:00012517       ??__K_l@@YA?AUStringLiteral@@PBDI@Z 10013517 f i libvcruntime:undname.obj
 0001:00012522       ?Constructor@_HeapManager@@QAEXP6APAXI@ZP6AXPAX@Z@Z 10013522 f i libvcruntime:undname.obj
 0001:0001253f       ?Destructor@_HeapManager@@QAEXXZ 1001353f f i libvcruntime:undname.obj
 0001:00012583       ?UScore@UnDecorator@@SA?AUStringLiteral@@W4Tokens@@@Z 10013583 f   libvcruntime:undname.obj
 0001:000125aa       ?composeDeclaration@UnDecorator@@CA?AVDName@@ABV2@@Z 100135aa f i libvcruntime:undname.obj
 0001:000132a2       ?doAccessSpecifiers@UnDecorator@@SAHXZ 100142a2 f i libvcruntime:undname.obj
 0001:000132b0       ?doAllocationLanguage@UnDecorator@@SAHXZ 100142b0 f i libvcruntime:undname.obj
 0001:000132be       ?doAllocationModel@UnDecorator@@SAHXZ 100142be f i libvcruntime:undname.obj
 0001:000132cc       ?doEcsu@UnDecorator@@SAHXZ 100142cc f i libvcruntime:undname.obj
 0001:000132da       ?doEllipsis@UnDecorator@@SAHXZ 100142da f i libvcruntime:undname.obj
 0001:000132e8       ?doFunctionReturns@UnDecorator@@SAHXZ 100142e8 f i libvcruntime:undname.obj
 0001:000132f6       ?doMSKeywords@UnDecorator@@SAHXZ 100142f6 f i libvcruntime:undname.obj
 0001:00013303       ?doMemberTypes@UnDecorator@@SAHXZ 10014303 f i libvcruntime:undname.obj
 0001:00013311       ?doNameOnly@UnDecorator@@SAHXZ 10014311 f i libvcruntime:undname.obj
 0001:0001331c       ?doNoIdentCharCheck@UnDecorator@@SAHXZ 1001431c f i libvcruntime:undname.obj
 0001:00013327       ?doPchar@DName@@AAEXD@Z    10014327 f   libvcruntime:undname.obj
 0001:0001335f       ?doPtr64@UnDecorator@@SAHXZ 1001435f f i libvcruntime:undname.obj
 0001:0001336d       ?doRestrictionSpec@UnDecorator@@SAHXZ 1001436d f i libvcruntime:undname.obj
 0001:0001337b       ?doThisTypes@UnDecorator@@SAHXZ 1001437b f i libvcruntime:undname.obj
 0001:0001338d       ?doThrowTypes@UnDecorator@@SAHXZ 1001438d f i libvcruntime:undname.obj
 0001:0001339b       ?doTypeOnly@UnDecorator@@SAHXZ 1001439b f i libvcruntime:undname.obj
 0001:000133a6       ?doUnderScore@UnDecorator@@SAHXZ 100143a6 f i libvcruntime:undname.obj
 0001:000133b1       ?getAddressOf@UnDecorator@@CA?AVDName@@XZ 100143b1 f   libvcruntime:undname.obj
 0001:00013419       ?getArgumentList@UnDecorator@@CA?AVDName@@XZ 10014419 f   libvcruntime:undname.obj
 0001:00013583       ?getArgumentTypes@UnDecorator@@CA?AVDName@@XZ 10014583 f   libvcruntime:undname.obj
 0001:0001368b       ?getArrayAccess@UnDecorator@@CA?AVDName@@XZ 1001468b f   libvcruntime:undname.obj
 0001:000136ff       ?getArrayObject@UnDecorator@@CA?AVDName@@XZ 100146ff f   libvcruntime:undname.obj
 0001:0001378a       ?getArrayType@UnDecorator@@CA?AVDName@@ABV2@@Z 1001478a f i libvcruntime:undname.obj
 0001:00013927       ?getBasedType@UnDecorator@@CA?AVDName@@XZ 10014927 f   libvcruntime:undname.obj
 0001:000139d6       ?getBasicDataType@UnDecorator@@CA?AVDName@@ABV2@@Z 100149d6 f   libvcruntime:undname.obj
 0001:00013f32       ?getCHPEName@UnDecorator@@QAEPADPADH@Z 10014f32 f i libvcruntime:undname.obj
 0001:0001400f       ?getCallIndex@UnDecorator@@CA?AVDName@@XZ 1001500f f i libvcruntime:undname.obj
 0001:00014023       ?getCallingConvention@UnDecorator@@CA?AVDName@@XZ 10015023 f   libvcruntime:undname.obj
 0001:000140f8       ?getDataIndirectType@UnDecorator@@CA?AVDName@@ABV2@W4IndirectionKind@@0H@Z 100150f8 f   libvcruntime:undname.obj
 0001:000148aa       ?getDataIndirectType@UnDecorator@@CA?AVDName@@XZ 100158aa f i libvcruntime:undname.obj
 0001:000148d8       ?getDataType@UnDecorator@@CA?AVDName@@PAV2@@Z 100158d8 f   libvcruntime:undname.obj
 0001:000149af       ?getDecoratedName@UnDecorator@@CA?AVDName@@XZ 100159af f   libvcruntime:undname.obj
 0001:00014c03       ?getDimension@UnDecorator@@CA?AVDName@@_N@Z 10015c03 f   libvcruntime:undname.obj
 0001:00014d0a       ?getDispatchTarget@UnDecorator@@CA?AVDName@@XZ 10015d0a f   libvcruntime:undname.obj
 0001:00014d5b       ?getDisplacement@UnDecorator@@CA?AVDName@@XZ 10015d5b f i libvcruntime:undname.obj
 0001:00014d6f       ?getECSUDataType@UnDecorator@@CA?AVDName@@XZ 10015d6f f   libvcruntime:undname.obj
 0001:00014f19       ?getECSUName@UnDecorator@@CA?AVDName@@XZ 10015f19 f i libvcruntime:undname.obj
 0001:00014f2a       ?getEnumType@UnDecorator@@CA?AVDName@@XZ 10015f2a f i libvcruntime:undname.obj
 0001:0001504a       ?getExtendedDataIndirectType@UnDecorator@@CA?AVDName@@AAW4IndirectionKind@@AA_NH@Z 1001604a f   libvcruntime:undname.obj
 0001:000151f6       ?getExternalDataType@UnDecorator@@CA?AVDName@@ABV2@@Z 100161f6 f i libvcruntime:undname.obj
 0001:0001525b       ?getFloatingPoint@UnDecorator@@CA?AVDName@@H@Z 1001625b f   libvcruntime:undname.obj
 0001:00015319       ?getFunctionIndirectType@UnDecorator@@CA?AVDName@@ABV2@@Z 10016319 f   libvcruntime:undname.obj
 0001:000156c3       ?getGuardNumber@UnDecorator@@CA?AVDName@@XZ 100166c3 f i libvcruntime:undname.obj
 0001:000156d7       ?getLastChar@DName@@QBEDXZ 100166d7 f i libvcruntime:undname.obj
 0001:000156f7       ?getLastChar@DNameStatusNode@@UBEDXZ 100166f7 f i libvcruntime:undname.obj
 0001:00015703       ?getLastChar@charNode@@UBEDXZ 10016703 f i libvcruntime:undname.obj
 0001:00015707       ?getLastChar@pDNameNode@@UBEDXZ 10016707 f i libvcruntime:undname.obj
 0001:00015715       ?getLastChar@pairNode@@UBEDXZ 10016715 f i libvcruntime:undname.obj
 0001:0001574a       ?getLastChar@pcharNode@@UBEDXZ 1001674a f i libvcruntime:undname.obj
 0001:0001575c       ?getLexicalFrame@UnDecorator@@CA?AVDName@@XZ 1001675c f i libvcruntime:undname.obj
 0001:0001578d       ?getMemberAccess@UnDecorator@@CA?AVDName@@XZ 1001678d f   libvcruntime:undname.obj
 0001:000157fd       ?getMemoryWithBuffer@_HeapManager@@QAEPAXI@Z 100167fd f   libvcruntime:undname.obj
 0001:00015867       ?getMemoryWithoutBuffer@_HeapManager@@QAEPAXI@Z 10016867 f   libvcruntime:undname.obj
 0001:00015887       ?getNoexcept@UnDecorator@@CA?AVDName@@XZ 10016887 f   libvcruntime:undname.obj
 0001:000158cf       ?getNumberOfDimensions@UnDecorator@@CAHXZ 100168cf f   libvcruntime:undname.obj
 0001:00015931       ?getOperatorName@UnDecorator@@CA?AVDName@@_NPA_N@Z 10016931 f i libvcruntime:undname.obj
 0001:0001615b       ?getPointerToMember@UnDecorator@@CA?AVDName@@XZ 1001715b f   libvcruntime:undname.obj
 0001:00016217       ?getPointerType@UnDecorator@@CA?AVDName@@ABV2@0@Z 10017217 f i libvcruntime:undname.obj
 0001:00016232       ?getPointerTypeArray@UnDecorator@@CA?AVDName@@ABV2@0@Z 10017232 f i libvcruntime:undname.obj
 0001:0001624d       ?getPrimaryDataType@UnDecorator@@CA?AVDName@@ABV2@@Z 1001724d f   libvcruntime:undname.obj
 0001:0001649b       ?getPtrRefDataType@UnDecorator@@CA?AVDName@@ABV2@H@Z 1001749b f   libvcruntime:undname.obj
 0001:00016608       ?getPtrRefType@UnDecorator@@CA?AVDName@@ABV2@0W4IndirectionKind@@@Z 10017608 f   libvcruntime:undname.obj
 0001:00016719       ?getReferenceType@UnDecorator@@CA?AVDName@@ABV2@0W4IndirectionKind@@@Z 10017719 f i libvcruntime:undname.obj
 0001:00016735       ?getRestrictionSpec@UnDecorator@@CA?AVDName@@XZ 10017735 f   libvcruntime:undname.obj
 0001:0001684e       ?getReturnType@UnDecorator@@CA?AVDName@@PAV2@@Z 1001784e f   libvcruntime:undname.obj
 0001:0001687d       ?getScope@UnDecorator@@CA?AVDName@@XZ 1001787d f   libvcruntime:undname.obj
 0001:00016c3b       ?getScopedName@UnDecorator@@CA?AVDName@@XZ 10017c3b f   libvcruntime:undname.obj
 0001:00016d2e       ?getSignedDimension@UnDecorator@@CA?AVDName@@XZ 10017d2e f   libvcruntime:undname.obj
 0001:00016d7f       ?getStorageConvention@UnDecorator@@CA?AVDName@@XZ 10017d7f f i libvcruntime:undname.obj
 0001:00016d90       ?getString@DName@@QBEPADPAD0@Z 10017d90 f i libvcruntime:undname.obj
 0001:00016dbd       ?getString@DName@@QBEPADPADH@Z 10017dbd f i libvcruntime:undname.obj
 0001:00016e12       ?getString@DNameStatusNode@@UBEPADPAD0@Z 10017e12 f i libvcruntime:undname.obj
 0001:00016e59       ?getString@charNode@@UBEPADPAD0@Z 10017e59 f i libvcruntime:undname.obj
 0001:00016e6e       ?getString@pDNameNode@@UBEPADPAD0@Z 10017e6e f i libvcruntime:undname.obj
 0001:00016e85       ?getString@pairNode@@UBEPADPAD0@Z 10017e85 f i libvcruntime:undname.obj
 0001:00016ecb       ?getString@pcharNode@@UBEPADPAD0@Z 10017ecb f i libvcruntime:undname.obj
 0001:00016ee6       ?getStringEncoding@UnDecorator@@CA?AVDName@@W4PrefixKind@@H@Z 10017ee6 f   libvcruntime:undname.obj
 0001:00016f79       ?getStringHelper@@YAPADPADPBD1H@Z 10017f79 f i libvcruntime:undname.obj
 0001:00016fa3       ?getStringObject@UnDecorator@@CA?AVDName@@XZ 10017fa3 f   libvcruntime:undname.obj
 0001:00016fee       ?getSymbolName@UnDecorator@@CA?AVDName@@XZ 10017fee f i libvcruntime:undname.obj
 0001:00017036       ?getTemplateArgumentList@UnDecorator@@CA?AVDName@@XZ 10018036 f   libvcruntime:undname.obj
 0001:000171e6       ?getTemplateName@UnDecorator@@CA?AVDName@@_N@Z 100181e6 f   libvcruntime:undname.obj
 0001:00017346       ?getTemplateNonTypeArgument@UnDecorator@@CA?AVDName@@XZ 10018346 f   libvcruntime:undname.obj
 0001:0001770e       ?getTemplateTypeArgument@UnDecorator@@CA?AVDName@@XZ 1001870e f   libvcruntime:undname.obj
 0001:0001781f       ?getThisType@UnDecorator@@CA?AVDName@@XZ 1001881f f i libvcruntime:undname.obj
 0001:0001784e       ?getThrowTypes@UnDecorator@@CA?AVDName@@XZ 1001884e f   libvcruntime:undname.obj
 0001:0001786d       ?getTypeEncoding@UnDecorator@@CAHXZ 1001886d f i libvcruntime:undname.obj
 0001:00017bad       ?getUndecoratedName@UnDecorator@@QAEPADPADH@Z 10018bad f i libvcruntime:undname.obj
 0001:00017ccc       ?getUnionObject@UnDecorator@@CA?AVDName@@XZ 10018ccc f   libvcruntime:undname.obj
 0001:00017d73       ?getVCallThunkType@UnDecorator@@CA?AVDName@@XZ 10018d73 f i libvcruntime:undname.obj
 0001:00017dbd       ?getValue@UnDecorator@@CA?AV?$optional@_K@std@@XZ 10018dbd f   libvcruntime:undname.obj
 0001:00017e14       ?getValueObject@UnDecorator@@CA?AVDName@@XZ 10018e14 f   libvcruntime:undname.obj
 0001:00017f0e       ?getVbTableType@UnDecorator@@CA?AVDName@@ABV2@@Z 10018f0e f i libvcruntime:undname.obj
 0001:00017f23       ?getVdispMapType@UnDecorator@@CA?AVDName@@ABV2@@Z 10018f23 f i libvcruntime:undname.obj
 0001:00017f84       ?getVfTableType@UnDecorator@@CA?AVDName@@ABV2@@Z 10018f84 f i libvcruntime:undname.obj
 0001:000180d8       ?getZName@UnDecorator@@CA?AVDName@@_N0@Z 100190d8 f   libvcruntime:undname.obj
 0001:000182f1       ?get_current_character_and_increment_buffer@UnDecorator@@CADXZ 100192f1 f i libvcruntime:undname.obj
 0001:00018305       ?haveTemplateParameters@UnDecorator@@SAHXZ 10019305 f i libvcruntime:undname.obj
 0001:00018310       ?increment_buffer@UnDecorator@@CA_NI@Z 10019310 f i libvcruntime:undname.obj
 0001:00018338       ?increment_buffer_no_check@UnDecorator@@CAXI@Z 10019338 f i libvcruntime:undname.obj
 0001:00018346       ?increment_buffer_no_check@UnDecorator@@CAXXZ 10019346 f i libvcruntime:undname.obj
 0001:0001834d       ?isArray@DName@@QBEHXZ     1001934d f i libvcruntime:undname.obj
 0001:00018357       ?isComArray@DName@@QBEHXZ  10019357 f i libvcruntime:undname.obj
 0001:00018361       ?isEmpty@DName@@QBEHXZ     10019361 f i libvcruntime:undname.obj
 0001:00018369       ?isFull@Replicator@@QBEHXZ 10019369 f i libvcruntime:undname.obj
 0001:00018372       ?isNoTE@DName@@QBEHXZ      10019372 f i libvcruntime:undname.obj
 0001:0001837c       ?isPinPtr@DName@@QBEHXZ    1001937c f i libvcruntime:undname.obj
 0001:00018386       ?isPtrRef@DName@@QBEHXZ    10019386 f i libvcruntime:undname.obj
 0001:00018390       ?isUDC@DName@@QBEHXZ       10019390 f i libvcruntime:undname.obj
 0001:000183a1       ?isUDTThunk@DName@@QBEHXZ  100193a1 f i libvcruntime:undname.obj
 0001:000183b2       ?isVCallThunk@DName@@QBEHXZ 100193b2 f i libvcruntime:undname.obj
 0001:000183bc       ?isValid@DName@@QBEHXZ     100193bc f i libvcruntime:undname.obj
 0001:000183c6       ?length@DName@@QBEHXZ      100193c6 f i libvcruntime:undname.obj
 0001:000183e5       ?length@DNameStatusNode@@UBEHXZ 100193e5 f i libvcruntime:undname.obj
 0001:000183e9       ?length@charNode@@UBEHXZ   100193e9 f i libvcruntime:undname.obj
 0001:000183ed       ?length@pDNameNode@@UBEHXZ 100193ed f i libvcruntime:undname.obj
 0001:000183fb       ?length@pairNode@@UBEHXZ   100193fb f i libvcruntime:undname.obj
 0001:00018444       ?length@pcharNode@@UBEHXZ  10019444 f i libvcruntime:undname.obj
 0001:00018448       ?make@DNameStatusNode@@SAPBV1@W4DNameStatus@@@Z 10019448 f i libvcruntime:undname.obj
 0001:00018464       ?parseDecoratedName@UnDecorator@@CA?AVDName@@XZ 10019464 f   libvcruntime:undname.obj
 0001:0001855f       ?raw_length@DNameStatusNode@@UBEHXZ 1001955f f i libvcruntime:undname.obj
 0001:00018563       ?raw_length@charNode@@UBEHXZ 10019563 f i libvcruntime:undname.obj
 0001:00018567       ?raw_length@pDNameNode@@UBEHXZ 10019567 f i libvcruntime:undname.obj
 0001:0001856b       ?raw_length@pairNode@@UBEHXZ 1001956b f i libvcruntime:undname.obj
 0001:0001856f       ?raw_length@pcharNode@@UBEHXZ 1001956f f i libvcruntime:undname.obj
 0001:00018573       ?setIsArray@DName@@QAEXXZ  10019573 f i libvcruntime:undname.obj
 0001:0001857b       ?setIsComArray@DName@@QAEXXZ 1001957b f i libvcruntime:undname.obj
 0001:00018583       ?setIsNoTE@DName@@QAEXXZ   10019583 f i libvcruntime:undname.obj
 0001:0001858b       ?setIsPinPtr@DName@@QAEXXZ 1001958b f i libvcruntime:undname.obj
 0001:00018593       ?setIsUDC@DName@@QAEXXZ    10019593 f i libvcruntime:undname.obj
 0001:000185a0       ?setIsVCallThunk@DName@@QAEXXZ 100195a0 f i libvcruntime:undname.obj
 0001:000185a8       ?setPtrRef@DName@@QAEAAV1@XZ 100195a8 f i libvcruntime:undname.obj
 0001:000185b2       ?status@DName@@QBE?AW4DNameStatus@@XZ 100195b2 f i libvcruntime:undname.obj
 0001:0001861e       ___unDName                 1001961e f   libvcruntime:undname.obj
 0001:00018641       ___unDNameEx               10019641 f   libvcruntime:undname.obj
 0001:000186e0       __vsprintf_s_l             100196e0 f i libvcruntime:undname.obj
 0001:0001870d       _sprintf_s                 1001970d f i libvcruntime:undname.obj
 0001:00018729       _unDNameGenerateCHPE       10019729 f   libvcruntime:undname.obj
 0001:000187c6       ??$?RU__vcrt_ptd@@@__crt_internal_free_policy@@QBEXQBU__vcrt_ptd@@@Z 100197c6 f i libvcruntime:per_thread_data.obj
 0001:000187d6       ??0?$__crt_unique_heap_ptr@U__vcrt_ptd@@U__crt_internal_free_policy@@@@QAE@QAU__vcrt_ptd@@@Z 100197d6 f i libvcruntime:per_thread_data.obj
 0001:000187f3       ??1?$__crt_unique_heap_ptr@U__vcrt_ptd@@U__crt_internal_free_policy@@@@QAE@XZ 100197f3 f i libvcruntime:per_thread_data.obj
 0001:0001880c       ??B?$__crt_unique_heap_ptr@U__vcrt_ptd@@U__crt_internal_free_policy@@@@QBE_NXZ 1001980c f i libvcruntime:per_thread_data.obj
 0001:00018813       ?detach@?$__crt_unique_heap_ptr@U__vcrt_ptd@@U__crt_internal_free_policy@@@@QAEPAU__vcrt_ptd@@XZ 10019813 f i libvcruntime:per_thread_data.obj
 0001:00018819       ?get@?$__crt_unique_heap_ptr@U__vcrt_ptd@@U__crt_internal_free_policy@@@@QBEPAU__vcrt_ptd@@XZ 10019819 f i libvcruntime:per_thread_data.obj
 0001:0001881c       ?is_valid@?$__crt_unique_heap_ptr@U__vcrt_ptd@@U__crt_internal_free_policy@@@@QBE_NXZ 1001981c f i libvcruntime:per_thread_data.obj
 0001:00018823       ?release@?$__crt_unique_heap_ptr@U__vcrt_ptd@@U__crt_internal_free_policy@@@@QAEXXZ 10019823 f i libvcruntime:per_thread_data.obj
 0001:0001884d       ___vcrt_freefls@4          1001984d f   libvcruntime:per_thread_data.obj
 0001:00018869       ___vcrt_freeptd            10019869 f   libvcruntime:per_thread_data.obj
 0001:0001889f       ___vcrt_getptd             1001989f f   libvcruntime:per_thread_data.obj
 0001:000188ad       ___vcrt_getptd_noexit      100198ad f   libvcruntime:per_thread_data.obj
 0001:0001893f       ___vcrt_getptd_noinit      1001993f f   libvcruntime:per_thread_data.obj
 0001:00018976       ___vcrt_initialize_ptd     10019976 f   libvcruntime:per_thread_data.obj
 0001:000189a9       ___vcrt_uninitialize_ptd   100199a9 f   libvcruntime:per_thread_data.obj
 0001:000189c4       ___vcrt_initialize_locks   100199c4 f   libvcruntime:locks.obj
 0001:00018a00       ___vcrt_lock               10019a00 f   libvcruntime:locks.obj
 0001:00018a15       ___vcrt_uninitialize_locks 10019a15 f   libvcruntime:locks.obj
 0001:00018a44       ___vcrt_unlock             10019a44 f   libvcruntime:locks.obj
 0001:00018a60       __global_unwind2           10019a60 f   libvcruntime:exsup.obj
 0001:00018ae0       __local_unwind2            10019ae0 f   libvcruntime:exsup.obj
 0001:00018b80       __abnormal_termination     10019b80 f   libvcruntime:exsup.obj
 0001:00018bb0       __NLG_Notify1              10019bb0 f   libvcruntime:exsup.obj
 0001:00018bc0       __NLG_Notify               10019bc0 f   libvcruntime:exsup.obj
 0001:00018bd7       __NLG_Dispatch             10019bd7     libvcruntime:exsup.obj
 0001:00018bd7       __NLG_Dispatch2            10019bd7     libvcruntime:exsup.obj
 0001:00018be0       __NLG_Call                 10019be0 f   libvcruntime:exsup.obj
 0001:00018be2       __NLG_Return2              10019be2     libvcruntime:exsup.obj
 0001:00018be3       ??$__crt_interlocked_exchange_pointer@$$A6AXXZP6AXXZ@@YAP6AXXZPDS6AXXZQ6AXXZ@Z 10019be3 f i libvcruntime:purevirt.obj
 0001:00018bf0       ??$__crt_interlocked_read_pointer@$$A6AXXZ@@YAP6AXXZPDS6AXXZ@Z 10019bf0 f i libvcruntime:purevirt.obj
 0001:00018bfb       __get_purecall_handler     10019bfb f   libvcruntime:purevirt.obj
 0001:00018c02       __purecall                 10019c02 f   libvcruntime:purevirt.obj
 0001:00018c1e       __set_purecall_handler     10019c1e f   libvcruntime:purevirt.obj
 0001:00018c2d       ??$?0AAViterator@TryBlockMap@__FrameHandler3@@AAV012@$0A@@?$pair@Viterator@TryBlockMap@__FrameHandler3@@V123@@std@@QAE@AAViterator@TryBlockMap@__FrameHandler3@@0@Z 10019c2d f i libvcruntime:trnsctrl.obj
 0001:00018c51       ??$forward@AAViterator@TryBlockMap@__FrameHandler3@@@std@@YAAAViterator@TryBlockMap@__FrameHandler3@@AAV123@@Z 10019c51 f i libvcruntime:trnsctrl.obj
 0001:00018c59       ??0iterator@TryBlockMap@__FrameHandler3@@QAE@AAV12@I@Z 10019c59 f i libvcruntime:trnsctrl.obj
 0001:00018c6d       ?GetRangeOfTrysToCheck@__FrameHandler3@@SA?AU?$pair@Viterator@TryBlockMap@__FrameHandler3@@V123@@std@@AAVTryBlockMap@1@HPAXPBU_s_FuncInfo@@H@Z 10019c6d f   libvcruntime:trnsctrl.obj
 0001:00018cdd       ?_CallCatchBlock2@@YAPAXPAUEHRegistrationNode@@PBU_s_FuncInfo@@PAXHK@Z 10019cdd f   libvcruntime:trnsctrl.obj
 0001:00018d3a       ?_CallSETranslator@@YAHPAUEHExceptionRecord@@PAUEHRegistrationNode@@PAX2PBU_s_FuncInfo@@H1@Z 10019d3a f   libvcruntime:trnsctrl.obj
 0001:00018e30       ?_JumpToContinuation@@YGXPAXPAUEHRegistrationNode@@@Z 10019e30 f   libvcruntime:trnsctrl.obj
 0001:00018e60       ?_UnwindNestedFrames@@YGXPAUEHRegistrationNode@@PAUEHExceptionRecord@@@Z 10019e60 f   libvcruntime:trnsctrl.obj
 0001:00018eb3       __CatchGuardHandler        10019eb3 f   libvcruntime:trnsctrl.obj
 0001:00018ee4       __CreateFrameInfo          10019ee4 f   libvcruntime:trnsctrl.obj
 0001:00018f08       __FindAndUnlinkFrame       10019f08 f   libvcruntime:trnsctrl.obj
 0001:00018f50       __TranslatorGuardHandler   10019f50 f   libvcruntime:trnsctrl.obj
 0001:00018fed       ___CxxFrameHandler         10019fed f   libvcruntime:trnsctrl.obj
 0001:00019023       ___CxxFrameHandler2        1001a023 f   libvcruntime:trnsctrl.obj
 0001:00019059       ___CxxFrameHandler3        1001a059 f   libvcruntime:trnsctrl.obj
 0001:0001908f       ___CxxLongjmpUnwind@4      1001a08f f   libvcruntime:trnsctrl.obj
 0001:000190c0       _memcpy                    1001a0c0 f   libvcruntime:memcpy.obj
 0001:00019634       ??$__crt_interlocked_exchange_pointer@UHINSTANCE__@@PAU1@@@YAPAUHINSTANCE__@@PDSAU0@QAU0@@Z 1001a634 f i libvcruntime:winapi_downlevel.obj
 0001:00019641       ??$__crt_interlocked_exchange_pointer@UHINSTANCE__@@PAX@@YAPAUHINSTANCE__@@PDSAU0@QAX@Z 1001a641 f i libvcruntime:winapi_downlevel.obj
 0001:0001964e       ??$__crt_interlocked_exchange_pointer@XPAX@@YAPAXPDSAXQAX@Z 1001a64e f i libvcruntime:winapi_downlevel.obj
 0001:0001965b       ??$__crt_interlocked_read_pointer@UHINSTANCE__@@@@YAPAUHINSTANCE__@@PDSAU0@@Z 1001a65b f i libvcruntime:winapi_downlevel.obj
 0001:00019666       ??$__crt_interlocked_read_pointer@X@@YAPAXPDSAX@Z 1001a666 f i libvcruntime:winapi_downlevel.obj
 0001:000198f2       ___vcrt_FlsAlloc           1001a8f2 f   libvcruntime:winapi_downlevel.obj
 0001:0001992d       ___vcrt_FlsFree            1001a92d f   libvcruntime:winapi_downlevel.obj
 0001:00019968       ___vcrt_FlsGetValue        1001a968 f   libvcruntime:winapi_downlevel.obj
 0001:000199a3       ___vcrt_FlsSetValue        1001a9a3 f   libvcruntime:winapi_downlevel.obj
 0001:000199e1       ___vcrt_InitializeCriticalSectionEx 1001a9e1 f   libvcruntime:winapi_downlevel.obj
 0001:0001a15a       ??$TypeMatchHelper@V__FrameHandler3@@@@YAHPBU_s_HandlerType@@PBU_s_CatchableType@@PBU_s_ThrowInfo@@@Z 1001b15a f i libvcruntime:frame.obj
 0001:0001a1e8       ??$__InternalCxxFrameHandler@V__FrameHandler3@@@@YA?AW4_EXCEPTION_DISPOSITION@@PAUEHExceptionRecord@@PAUEHRegistrationNode@@PAU_CONTEXT@@PAXPBU_s_FuncInfo@@H1E@Z 1001b1e8 f i libvcruntime:frame.obj
 0001:0001a2ea       ??$__InternalCxxFrameHandlerWrapper@V__FrameHandler3@@@@YA?AW4_EXCEPTION_DISPOSITION@@PAUEHExceptionRecord@@PAUEHRegistrationNode@@PAU_CONTEXT@@PAXPBU_s_FuncInfo@@H1E@Z 1001b2ea f i libvcruntime:frame.obj
 0001:0001a2f3       ??0HandlerMap@__FrameHandler3@@QAE@PBU_s_TryBlockMapEntry@@II@Z 1001b2f3 f i libvcruntime:frame.obj
 0001:0001a30a       ??0TryBlockMap@__FrameHandler3@@QAE@PBU_s_FuncInfo@@I@Z 1001b30a f i libvcruntime:frame.obj
 0001:0001a31e       ??0bad_exception@std@@QAE@ABV01@@Z 1001b31e f i libvcruntime:frame.obj
 0001:0001a339       ??0bad_exception@std@@QAE@XZ 1001b339 f i libvcruntime:frame.obj
 0001:0001a351       ??0exception@std@@QAE@ABV01@@Z 1001b351 f i libvcruntime:frame.obj
 0001:0001a37d       ??0exception@std@@QAE@QBDH@Z 1001b37d f i libvcruntime:frame.obj
 0001:0001a39a       ??0iterator@HandlerMap@__FrameHandler3@@QAE@AAV12@I@Z 1001b39a f i libvcruntime:frame.obj
 0001:0001a3ae       ??1bad_exception@std@@UAE@XZ 1001b3ae f i libvcruntime:frame.obj
 0001:0001a3bf       ??1exception@std@@UAE@XZ   1001b3bf f i libvcruntime:frame.obj
 0001:0001a3d0       ??8iterator@HandlerMap@__FrameHandler3@@QBE_NABV012@@Z 1001b3d0 f i libvcruntime:frame.obj
 0001:0001a3e3       ??8type_info@@QBE_NABV0@@Z 1001b3e3 f i libvcruntime:frame.obj
 0001:0001a402       ??9iterator@HandlerMap@__FrameHandler3@@QBE_NABV012@@Z 1001b402 f i libvcruntime:frame.obj
 0001:0001a415       ??Diterator@HandlerMap@__FrameHandler3@@QAE?BU_s_HandlerType@@XZ 1001b415 f i libvcruntime:frame.obj
 0001:0001a434       ??Diterator@TryBlockMap@__FrameHandler3@@QAE?BU_s_TryBlockMapEntry@@XZ 1001b434 f i libvcruntime:frame.obj
 0001:0001a456       ??Eiterator@HandlerMap@__FrameHandler3@@QAEAAV012@XZ 1001b456 f i libvcruntime:frame.obj
 0001:0001a45c       ??Eiterator@TryBlockMap@__FrameHandler3@@QAEAAV012@XZ 1001b45c f i libvcruntime:frame.obj
 0001:0001a462       ??Miterator@TryBlockMap@__FrameHandler3@@QBE_NABV012@@Z 1001b462 f i libvcruntime:frame.obj
 0001:0001a475       ??_Ebad_exception@std@@UAEPAXI@Z 1001b475 f i libvcruntime:frame.obj
 0001:0001a475       ??_Gbad_exception@std@@UAEPAXI@Z 1001b475 f i libvcruntime:frame.obj
 0001:0001a4a2       ??_Eexception@std@@UAEPAXI@Z 1001b4a2 f i libvcruntime:frame.obj
 0001:0001a4a2       ??_Gexception@std@@UAEPAXI@Z 1001b4a2 f i libvcruntime:frame.obj
 0001:0001a4cf       ?BuildCatchObject@__FrameHandler3@@SAXPAUEHExceptionRecord@@PAXPBU_s_HandlerType@@PBU_s_CatchableType@@@Z 1001b4cf f   libvcruntime:frame.obj
 0001:0001a4d4       ?BuildCatchObjectHelper@__FrameHandler3@@SAHPAUEHExceptionRecord@@PAXPBU_s_HandlerType@@PBU_s_CatchableType@@@Z 1001b4d4 f   libvcruntime:frame.obj
 0001:0001a735       ?FrameUnwindToEmptyState@__FrameHandler3@@SAXPAUEHRegistrationNode@@PAXPBU_s_FuncInfo@@@Z 1001b735 f   libvcruntime:frame.obj
 0001:0001a74d       ?FrameUnwindToState@__FrameHandler3@@SAXPAUEHRegistrationNode@@PAXPBU_s_FuncInfo@@H@Z 1001b74d f   libvcruntime:frame.obj
 0001:0001a835       ?GetMaxState@__FrameHandler3@@SAHPAXPBU_s_FuncInfo@@@Z 1001b835 f i libvcruntime:frame.obj
 0001:0001a913       ?TypeMatch@__FrameHandler3@@SAHPBU_s_HandlerType@@PBU_s_CatchableType@@PBU_s_ThrowInfo@@@Z 1001b913 f   libvcruntime:frame.obj
 0001:0001a91c       ?_CallMemberFunction1@@YGXQAX00@Z 1001b91c f i libvcruntime:frame.obj
 0001:0001a92c       ?_CallMemberFunction2@@YGXQAX00H@Z 1001b92c f i libvcruntime:frame.obj
 0001:0001a93f       ?begin@HandlerMap@__FrameHandler3@@QAE?AViterator@12@XZ 1001b93f f i libvcruntime:frame.obj
 0001:0001a94f       ?end@HandlerMap@__FrameHandler3@@QAE?AViterator@12@XZ 1001b94f f i libvcruntime:frame.obj
 0001:0001a960       ?getESTypes@__FrameHandler3@@SAPBU_s_ESTypeList@@PBU_s_FuncInfo@@@Z 1001b960 f i libvcruntime:frame.obj
 0001:0001a96b       ?getLastEntry@HandlerMap@__FrameHandler3@@QAEPBU_s_HandlerType@@XZ 1001b96b f i libvcruntime:frame.obj
 0001:0001a979       ?getMagicNum@__FrameHandler3@@SAIPBU_s_FuncInfo@@@Z 1001b979 f i libvcruntime:frame.obj
 0001:0001a988       ?getNumTryBlocks@TryBlockMap@__FrameHandler3@@QAEIXZ 1001b988 f i libvcruntime:frame.obj
 0001:0001a98e       ?isEHs@__FrameHandler3@@SA_NPBU_s_FuncInfo@@@Z 1001b98e f i libvcruntime:frame.obj
 0001:0001a99b       ?isNoExcept@__FrameHandler3@@SA_NPBU_s_FuncInfo@@@Z 1001b99b f i libvcruntime:frame.obj
 0001:0001a9ab       ?what@exception@std@@UBEPBDXZ 1001b9ab f i libvcruntime:frame.obj
 0001:0001a9b8       ___BuildCatchObject        1001b9b8 f   libvcruntime:frame.obj
 0001:0001a9bd       ___BuildCatchObjectHelper  1001b9bd f   libvcruntime:frame.obj
 0001:0001a9c6       ___TypeMatch               1001b9c6 f   libvcruntime:frame.obj
 0001:0001a9cf       ___vcrt_EncodePointer      1001b9cf f i libvcruntime:frame.obj
 0001:0001a9e0       __CallSettingFrame@12      1001b9e0 f   libvcruntime:lowhelpr.obj
 0001:0001aa07       __NLG_Return               1001ba07     libvcruntime:lowhelpr.obj
 0001:0001aa40       __get_unexpected           1001ba40 f   libvcruntime:unexpected.obj
 0001:0001aa52       _set_unexpected            1001ba52 f   libvcruntime:unexpected.obj
 0001:0001aa70       _unexpected                1001ba70 f   libvcruntime:unexpected.obj
 0001:0001aa8d       ?GetCurrentState@__FrameHandler3@@SAHPAUEHRegistrationNode@@PAXPBU_s_FuncInfo@@@Z 1001ba8d f   libvcruntime:ehstate.obj
 0001:0001aaaa       ?SetState@__FrameHandler3@@SAXPAUEHRegistrationNode@@PBU_s_FuncInfo@@H@Z 1001baaa f   libvcruntime:ehstate.obj
 0001:0001aab8       ??$?RD@__crt_public_free_policy@@QBEXQBD@Z 1001bab8 f i libvcruntime:std_exception.obj
 0001:0001aac8       ??0?$__crt_unique_heap_ptr@DU__crt_public_free_policy@@@@QAE@QAD@Z 1001bac8 f i libvcruntime:std_exception.obj
 0001:0001aad6       ??1?$__crt_unique_heap_ptr@DU__crt_public_free_policy@@@@QAE@XZ 1001bad6 f i libvcruntime:std_exception.obj
 0001:0001aae6       ??B?$__crt_unique_heap_ptr@DU__crt_public_free_policy@@@@QBE_NXZ 1001bae6 f i libvcruntime:std_exception.obj
 0001:0001aaed       ?detach@?$__crt_unique_heap_ptr@DU__crt_public_free_policy@@@@QAEPADXZ 1001baed f i libvcruntime:std_exception.obj
 0001:0001aaf3       ?get@?$__crt_unique_heap_ptr@DU__crt_public_free_policy@@@@QBEPADXZ 1001baf3 f i libvcruntime:std_exception.obj
 0001:0001aaf6       ?is_valid@?$__crt_unique_heap_ptr@DU__crt_public_free_policy@@@@QBE_NXZ 1001baf6 f i libvcruntime:std_exception.obj
 0001:0001aafd       ?release@?$__crt_unique_heap_ptr@DU__crt_public_free_policy@@@@QAEXXZ 1001bafd f i libvcruntime:std_exception.obj
 0001:0001ab0d       ___std_exception_copy      1001bb0d f   libvcruntime:std_exception.obj
 0001:0001ab70       ___std_exception_destroy   1001bb70 f   libvcruntime:std_exception.obj
 0001:0001ab8f       __CxxThrowException@8      1001bb8f f   libvcruntime:throw.obj
 0001:0001ac00       _memmove                   1001bc00 f   libvcruntime:memmove.obj
 0001:0001b48a       ??0?$cached@H@__crt_cached_ptd_host@@QAE@XZ 1001c48a f i libucrt:lseek.obj
 0001:0001b491       ??0?$cached@K@__crt_cached_ptd_host@@QAE@XZ 1001c491 f i libucrt:lseek.obj
 0001:0001b498       ??0__crt_cached_ptd_host@@QAE@QAU__crt_locale_pointers@@@Z 1001c498 f i libucrt:lseek.obj
 0001:0001b4e0       ??0__crt_scoped_get_last_error_reset@@QAE@XZ 1001c4e0 f i libucrt:lseek.obj
 0001:0001b4f1       ??1__crt_cached_ptd_host@@QAE@XZ 1001c4f1 f i libucrt:lseek.obj
 0001:0001b52d       ??1__crt_scoped_get_last_error_reset@@QAE@XZ 1001c52d f i libucrt:lseek.obj
 0001:0001b536       ?check_synchronize_global_state_index@__crt_cached_ptd_host@@AAEIABV__crt_scoped_get_last_error_reset@@@Z 1001c536 f i libucrt:lseek.obj
 0001:0001b54e       ?check_synchronize_per_thread_data@__crt_cached_ptd_host@@AAEPAU__acrt_ptd@@XZ 1001c54e f i libucrt:lseek.obj
 0001:0001b635       ?force_synchronize_global_state_index@__crt_cached_ptd_host@@AAEIABV__crt_scoped_get_last_error_reset@@@Z 1001c635 f i libucrt:lseek.obj
 0001:0001b642       ?force_synchronize_per_thread_data@__crt_cached_ptd_host@@AAEPAU__acrt_ptd@@XZ 1001c642 f i libucrt:lseek.obj
 0001:0001b688       ?get_current_state_index@__crt_state_management@@YAIABV__crt_scoped_get_last_error_reset@@@Z 1001c688 f i libucrt:lseek.obj
 0001:0001b68b       ?get_doserrno@__crt_cached_ptd_host@@QAE@XZ 1001c68b f i libucrt:lseek.obj
 0001:0001b68f       ?get_errno@__crt_cached_ptd_host@@QAE@XZ 1001c68f f i libucrt:lseek.obj
 0001:0001b693       ?get_raw_ptd@__crt_cached_ptd_host@@QAEPAU__acrt_ptd@@XZ 1001c693 f i libucrt:lseek.obj
 0001:0001b6b0       ?set@?$cached@H@__crt_cached_ptd_host@@QAEHH@Z 1001c6b0 f i libucrt:lseek.obj
 0001:0001b6c2       ?set@?$cached@K@__crt_cached_ptd_host@@QAEKK@Z 1001c6c2 f i libucrt:lseek.obj
 0001:0001b6d4       ?unsafe_value@?$cached@H@__crt_cached_ptd_host@@QAEHXZ 1001c6d4 f i libucrt:lseek.obj
 0001:0001b6d7       ?unsafe_value@?$cached@K@__crt_cached_ptd_host@@QAEKXZ 1001c6d7 f i libucrt:lseek.obj
 0001:0001b6da       ?valid@?$cached@H@__crt_cached_ptd_host@@QBE_NXZ 1001c6da f i libucrt:lseek.obj
 0001:0001b6de       ?valid@?$cached@K@__crt_cached_ptd_host@@QBE_NXZ 1001c6de f i libucrt:lseek.obj
 0001:0001b6e2       ___acrt_enable_global_locale_sync 1001c6e2 f i libucrt:lseek.obj
 0001:0001b6f7       ___acrt_locale_changed     1001c6f7 f i libucrt:lseek.obj
 0001:0001b702       __lseek                    1001c702 f   libucrt:lseek.obj
 0001:0001b739       __lseek_internal           1001c739 f   libucrt:lseek.obj
 0001:0001b744       __lseek_nolock             1001c744 f   libucrt:lseek.obj
 0001:0001b77b       __lseek_nolock_internal    1001c77b f   libucrt:lseek.obj
 0001:0001b786       __lseeki64                 1001c786 f   libucrt:lseek.obj
 0001:0001b7c6       __lseeki64_internal        1001c7c6 f   libucrt:lseek.obj
 0001:0001b7e4       __lseeki64_nolock          1001c7e4 f   libucrt:lseek.obj
 0001:0001b824       __lseeki64_nolock_internal 1001c824 f   libucrt:lseek.obj
 0001:0001b842       ??$__acrt_convert_wcs_mbs_cp@D_WV<lambda_62f6974d9771e494a5ea317cc32e971c>@@U__crt_win32_buffer_internal_dynamic_resizing@@@@YAHQBDAAV?$__crt_win32_buffer@_WU__crt_win32_buffer_internal_dynamic_resizing@@@@ABV<lambda_62f6974d9771e494a5ea317cc32e971c>@@I@Z 1001c842 f i libucrt:open.obj
 0001:0001b8f4       ??$__acrt_mbs_to_wcs_cp@U__crt_win32_buffer_internal_dynamic_resizing@@@@YAHQBDAAV?$__crt_win32_buffer@_WU__crt_win32_buffer_internal_dynamic_resizing@@@@I@Z 1001c8f4 f i libucrt:open.obj
 0001:0001bc69       ??$tsopen_nolock@PAHABQAHABQBDABHABHABHABH@?$__crt_char_traits@D@@SAH$$QAPAHABQAHABQBDABH333@Z 1001cc69 f i libucrt:open.obj
 0001:0001bc9b       ??$tsopen_nolock@PAHABQAHABQB_WABHABHABHABH@?$__crt_char_traits@_W@@SAH$$QAPAHABQAHABQB_WABH333@Z 1001cc9b f i libucrt:open.obj
 0001:0001bccd       ??$tsopen_nolock@PAHPAHABQBDABHHABHH@?$__crt_char_traits@D@@SAH$$QAPAH0ABQBDABH$$QAH23@Z 1001cccd f i libucrt:open.obj
 0001:0001bcff       ??$tsopen_nolock@PAHPAHABQB_WABHHABHH@?$__crt_char_traits@_W@@SAH$$QAPAH0ABQB_WABH$$QAH23@Z 1001ccff f i libucrt:open.obj
 0001:0001bd31       ??0?$__crt_win32_buffer@_WU__crt_win32_buffer_internal_dynamic_resizing@@@@QAE@XZ 1001cd31 f i libucrt:open.obj
 0001:0001bd47       ??0_LocaleUpdate@@QAE@QAU__crt_locale_pointers@@@Z 1001cd47 f i libucrt:open.obj
 0001:0001bdc9       ??1?$__crt_win32_buffer@_WU__crt_win32_buffer_internal_dynamic_resizing@@@@QAE@XZ 1001cdc9 f i libucrt:open.obj
 0001:0001bdce       ??1_LocaleUpdate@@QAE@XZ   1001cdce f i libucrt:open.obj
 0001:0001bdde       ??R<lambda_62f6974d9771e494a5ea317cc32e971c>@@QBE@IQBDQA_WI@Z 1001cdde f i libucrt:open.obj
 0001:0001bdff       ?GetLocaleT@_LocaleUpdate@@QAEPAU__crt_locale_pointers@@XZ 1001cdff f i libucrt:open.obj
 0001:0001be03       ?__acrt_get_utf8_acp_compatibility_codepage@@YAIXZ 1001ce03 f i libucrt:open.obj
 0001:0001be42       ?_deallocate@?$__crt_win32_buffer@_WU__crt_win32_buffer_internal_dynamic_resizing@@@@AAEXXZ 1001ce42 f i libucrt:open.obj
 0001:0001be5c       ?allocate@?$__crt_win32_buffer@_WU__crt_win32_buffer_internal_dynamic_resizing@@@@QAEHI@Z 1001ce5c f i libucrt:open.obj
 0001:0001be9b       ?allocate@__crt_win32_buffer_internal_dynamic_resizing@@SAHQAPAXIABV__crt_win32_buffer_empty_debug_info@@@Z 1001ce9b f i libucrt:open.obj
 0001:0001beba       ?capacity@?$__crt_win32_buffer@_WU__crt_win32_buffer_internal_dynamic_resizing@@@@QBEIXZ 1001ceba f i libucrt:open.obj
 0001:0001c139       ?data@?$__crt_win32_buffer@_WU__crt_win32_buffer_internal_dynamic_resizing@@@@QAEPA_WXZ 1001d139 f i libucrt:open.obj
 0001:0001c13d       ?deallocate@__crt_win32_buffer_internal_dynamic_resizing@@SAXQAXABV__crt_win32_buffer_empty_debug_info@@@Z 1001d13d f i libucrt:open.obj
 0001:0001c14d       ?debug_info@?$__crt_win32_buffer@_WU__crt_win32_buffer_internal_dynamic_resizing@@@@QBEABV__crt_win32_buffer_empty_debug_info@@XZ 1001d14d f i libucrt:open.obj
 0001:0001c433       ?set_to_nullptr@?$__crt_win32_buffer@_WU__crt_win32_buffer_internal_dynamic_resizing@@@@QAEXXZ 1001d433 f i libucrt:open.obj
 0001:0001c44a       ?size@?$__crt_win32_buffer@_WU__crt_win32_buffer_internal_dynamic_resizing@@@@QAEXI@Z 1001d44a f i libucrt:open.obj
 0001:0001c503       ___acrt_disable_global_locale_sync 1001d503 f i libucrt:open.obj
 0001:0001c516       __invoke_watson_if_error   1001d516 f i libucrt:open.obj
 0001:0001c538       __open                     1001d538 f   libucrt:open.obj
 0001:0001c550       __sopen                    1001d550 f   libucrt:open.obj
 0001:0001c583       __sopen_dispatch           1001d583 f   libucrt:open.obj
 0001:0001c58e       __sopen_nolock             1001d58e f   libucrt:open.obj
 0001:0001c5fc       __sopen_s                  1001d5fc f   libucrt:open.obj
 0001:0001c61c       __wopen                    1001d61c f   libucrt:open.obj
 0001:0001c634       __wsopen                   1001d634 f   libucrt:open.obj
 0001:0001c667       __wsopen_dispatch          1001d667 f   libucrt:open.obj
 0001:0001c672       __wsopen_nolock            1001d672 f   libucrt:open.obj
 0001:0001c99c       __wsopen_s                 1001d99c f   libucrt:open.obj
 0001:0001cd38       ?get_locale@__crt_cached_ptd_host@@QAEPAU__crt_locale_pointers@@XZ 1001dd38 f i libucrt:wcstombs.obj
 0001:0001cd4d       ?update_locale@__crt_cached_ptd_host@@AAEXXZ 1001dd4d f i libucrt:wcstombs.obj
 0001:0001cd58       ?update_locale_slow@__crt_cached_ptd_host@@AAEXXZ 1001dd58 f i libucrt:wcstombs.obj
 0001:0001cdb1       ?value_or@?$cached@H@__crt_cached_ptd_host@@QBEHH@Z 1001ddb1 f i libucrt:wcstombs.obj
 0001:0001cdf2       __wcstombs_l               1001ddf2 f   libucrt:wcstombs.obj
 0001:0001ce2a       __wcstombs_s_l             1001de2a f   libucrt:wcstombs.obj
 0001:0001ce68       _wcstombs                  1001de68 f   libucrt:wcstombs.obj
 0001:0001ce9f       _wcstombs_s                1001de9f f   libucrt:wcstombs.obj
 0001:0001cedc       ??$?0ABV?$stream_output_adapter@D@__crt_stdio_output@@AB_KABQBDAAV__crt_cached_ptd_host@@ABQAD@?$format_validation_base@DV?$stream_output_adapter@D@__crt_stdio_output@@@__crt_stdio_output@@IAE@ABV?$stream_output_adapter@D@1@AB_KABQBDAAV__crt_cached_ptd_host@@ABQAD@Z 1001dedc f i libucrt:output.obj
 0001:0001ceff       ??$?0ABV?$stream_output_adapter@D@__crt_stdio_output@@AB_KABQBDAAV__crt_cached_ptd_host@@ABQAD@?$positional_parameter_base@DV?$stream_output_adapter@D@__crt_stdio_output@@@__crt_stdio_output@@IAE@ABV?$stream_output_adapter@D@1@AB_KABQBDAAV__crt_cached_ptd_host@@ABQAD@Z 1001deff f i libucrt:output.obj
 0001:0001cf47       ??$?0ABV?$stream_output_adapter@D@__crt_stdio_output@@AB_KABQBDAAV__crt_cached_ptd_host@@ABQAD@?$standard_base@DV?$stream_output_adapter@D@__crt_stdio_output@@@__crt_stdio_output@@IAE@ABV?$stream_output_adapter@D@1@AB_KABQBDAAV__crt_cached_ptd_host@@ABQAD@Z 1001df47 f i libucrt:output.obj
 0001:0001cf7a       ??$?0ABV?$stream_output_adapter@_W@__crt_stdio_output@@AB_KABQB_WAAV__crt_cached_ptd_host@@ABQAD@?$format_validation_base@_WV?$stream_output_adapter@_W@__crt_stdio_output@@@__crt_stdio_output@@IAE@ABV?$stream_output_adapter@_W@1@AB_KABQB_WAAV__crt_cached_ptd_host@@ABQAD@Z 1001df7a f i libucrt:output.obj
 0001:0001cf9d       ??$?0ABV?$stream_output_adapter@_W@__crt_stdio_output@@AB_KABQB_WAAV__crt_cached_ptd_host@@ABQAD@?$positional_parameter_base@_WV?$stream_output_adapter@_W@__crt_stdio_output@@@__crt_stdio_output@@IAE@ABV?$stream_output_adapter@_W@1@AB_KABQB_WAAV__crt_cached_ptd_host@@ABQAD@Z 1001df9d f i libucrt:output.obj
 0001:0001cfe5       ??$?0ABV?$stream_output_adapter@_W@__crt_stdio_output@@AB_KABQB_WAAV__crt_cached_ptd_host@@ABQAD@?$standard_base@_WV?$stream_output_adapter@_W@__crt_stdio_output@@@__crt_stdio_output@@IAE@ABV?$stream_output_adapter@_W@1@AB_KABQB_WAAV__crt_cached_ptd_host@@ABQAD@Z 1001dfe5 f i libucrt:output.obj
 0001:0001d018       ??$?0ABV?$string_output_adapter@D@__crt_stdio_output@@AB_KABQBDAAV__crt_cached_ptd_host@@ABQAD@?$format_validation_base@DV?$string_output_adapter@D@__crt_stdio_output@@@__crt_stdio_output@@IAE@ABV?$string_output_adapter@D@1@AB_KABQBDAAV__crt_cached_ptd_host@@ABQAD@Z 1001e018 f i libucrt:output.obj
 0001:0001d03b       ??$?0ABV?$string_output_adapter@D@__crt_stdio_output@@AB_KABQBDAAV__crt_cached_ptd_host@@ABQAD@?$positional_parameter_base@DV?$string_output_adapter@D@__crt_stdio_output@@@__crt_stdio_output@@IAE@ABV?$string_output_adapter@D@1@AB_KABQBDAAV__crt_cached_ptd_host@@ABQAD@Z 1001e03b f i libucrt:output.obj
 0001:0001d083       ??$?0ABV?$string_output_adapter@D@__crt_stdio_output@@AB_KABQBDAAV__crt_cached_ptd_host@@ABQAD@?$standard_base@DV?$string_output_adapter@D@__crt_stdio_output@@@__crt_stdio_output@@IAE@ABV?$string_output_adapter@D@1@AB_KABQBDAAV__crt_cached_ptd_host@@ABQAD@Z 1001e083 f i libucrt:output.obj
 0001:0001d0b6       ??$?0ABV?$string_output_adapter@_W@__crt_stdio_output@@AB_KABQB_WAAV__crt_cached_ptd_host@@ABQAD@?$format_validation_base@_WV?$string_output_adapter@_W@__crt_stdio_output@@@__crt_stdio_output@@IAE@ABV?$string_output_adapter@_W@1@AB_KABQB_WAAV__crt_cached_ptd_host@@ABQAD@Z 1001e0b6 f i libucrt:output.obj
 0001:0001d0d9       ??$?0ABV?$string_output_adapter@_W@__crt_stdio_output@@AB_KABQB_WAAV__crt_cached_ptd_host@@ABQAD@?$positional_parameter_base@_WV?$string_output_adapter@_W@__crt_stdio_output@@@__crt_stdio_output@@IAE@ABV?$string_output_adapter@_W@1@AB_KABQB_WAAV__crt_cached_ptd_host@@ABQAD@Z 1001e0d9 f i libucrt:output.obj
 0001:0001d121       ??$?0ABV?$string_output_adapter@_W@__crt_stdio_output@@AB_KABQB_WAAV__crt_cached_ptd_host@@ABQAD@?$standard_base@_WV?$string_output_adapter@_W@__crt_stdio_output@@@__crt_stdio_output@@IAE@ABV?$string_output_adapter@_W@1@AB_KABQB_WAAV__crt_cached_ptd_host@@ABQAD@Z 1001e121 f i libucrt:output.obj
 0001:0001d45a       ??$__crt_interlocked_read@J@@YAJPDJ@Z 1001e45a f i libucrt:output.obj
 0001:0001d467       ??$_tcstol_internal@DPAPAD$0A@@@YAJAAV__crt_cached_ptd_host@@QBDQAPADH@Z 1001e467 f i libucrt:output.obj
 0001:0001d492       ??$_tcstol_internal@_WPAPA_W$0A@@@YAJAAV__crt_cached_ptd_host@@QB_WQAPA_WH@Z 1001e492 f i libucrt:output.obj
 0001:0001e3ec       ??$count@D@formatting_buffer@__crt_stdio_output@@QBEIXZ 1001f3ec f i libucrt:output.obj
 0001:0001e404       ??$count@_W@formatting_buffer@__crt_stdio_output@@QBEIXZ 1001f404 f i libucrt:output.obj
 0001:0001e41d       ??$data@D@formatting_buffer@__crt_stdio_output@@QAEPADXZ 1001f41d f i libucrt:output.obj
 0001:0001e42a       ??$data@_W@formatting_buffer@__crt_stdio_output@@QAEPA_WXZ 1001f42a f i libucrt:output.obj
 0001:0001e437       ??$ensure_buffer_is_big_enough@D@formatting_buffer@__crt_stdio_output@@QAE_NIAAV__crt_cached_ptd_host@@@Z 1001f437 f i libucrt:output.obj
 0001:0001e4b8       ??$ensure_buffer_is_big_enough@_W@formatting_buffer@__crt_stdio_output@@QAE_NIAAV__crt_cached_ptd_host@@@Z 1001f4b8 f i libucrt:output.obj
 0001:0001e53a       ??$extract_argument_from_va_list@C_J@?$positional_parameter_base@DV?$stream_output_adapter@D@__crt_stdio_output@@@__crt_stdio_output@@IAE_NAA_J@Z 1001f53a f i libucrt:output.obj
 0001:0001e5c9       ??$extract_argument_from_va_list@C_J@?$positional_parameter_base@DV?$string_output_adapter@D@__crt_stdio_output@@@__crt_stdio_output@@IAE_NAA_J@Z 1001f5c9 f i libucrt:output.obj
 0001:0001e658       ??$extract_argument_from_va_list@C_J@?$positional_parameter_base@_WV?$stream_output_adapter@_W@__crt_stdio_output@@@__crt_stdio_output@@IAE_NAA_J@Z 1001f658 f i libucrt:output.obj
 0001:0001e6e8       ??$extract_argument_from_va_list@C_J@?$positional_parameter_base@_WV?$string_output_adapter@_W@__crt_stdio_output@@@__crt_stdio_output@@IAE_NAA_J@Z 1001f6e8 f i libucrt:output.obj
 0001:0001e778       ??$extract_argument_from_va_list@C_J@?$standard_base@DV?$stream_output_adapter@D@__crt_stdio_output@@@__crt_stdio_output@@IAE_NAA_J@Z 1001f778 f i libucrt:output.obj
 0001:0001e798       ??$extract_argument_from_va_list@C_J@?$standard_base@DV?$string_output_adapter@D@__crt_stdio_output@@@__crt_stdio_output@@IAE_NAA_J@Z 1001f798 f i libucrt:output.obj
 0001:0001e7b8       ??$extract_argument_from_va_list@C_J@?$standard_base@_WV?$stream_output_adapter@_W@__crt_stdio_output@@@__crt_stdio_output@@IAE_NAA_J@Z 1001f7b8 f i libucrt:output.obj
 0001:0001e7d8       ??$extract_argument_from_va_list@C_J@?$standard_base@_WV?$string_output_adapter@_W@__crt_stdio_output@@@__crt_stdio_output@@IAE_NAA_J@Z 1001f7d8 f i libucrt:output.obj
 0001:0001e7f8       ??$extract_argument_from_va_list@E_J@?$positional_parameter_base@DV?$stream_output_adapter@D@__crt_stdio_output@@@__crt_stdio_output@@IAE_NAA_J@Z 1001f7f8 f i libucrt:output.obj
 0001:0001e887       ??$extract_argument_from_va_list@E_J@?$positional_parameter_base@DV?$string_output_adapter@D@__crt_stdio_output@@@__crt_stdio_output@@IAE_NAA_J@Z 1001f887 f i libucrt:output.obj
 0001:0001e916       ??$extract_argument_from_va_list@E_J@?$positional_parameter_base@_WV?$stream_output_adapter@_W@__crt_stdio_output@@@__crt_stdio_output@@IAE_NAA_J@Z 1001f916 f i libucrt:output.obj
 0001:0001e9a6       ??$extract_argument_from_va_list@E_J@?$positional_parameter_base@_WV?$string_output_adapter@_W@__crt_stdio_output@@@__crt_stdio_output@@IAE_NAA_J@Z 1001f9a6 f i libucrt:output.obj
 0001:0001ea36       ??$extract_argument_from_va_list@E_J@?$standard_base@DV?$stream_output_adapter@D@__crt_stdio_output@@@__crt_stdio_output@@IAE_NAA_J@Z 1001fa36 f i libucrt:output.obj
 0001:0001ea56       ??$extract_argument_from_va_list@E_J@?$standard_base@DV?$string_output_adapter@D@__crt_stdio_output@@@__crt_stdio_output@@IAE_NAA_J@Z 1001fa56 f i libucrt:output.obj
 0001:0001ea76       ??$extract_argument_from_va_list@E_J@?$standard_base@_WV?$stream_output_adapter@_W@__crt_stdio_output@@@__crt_stdio_output@@IAE_NAA_J@Z 1001fa76 f i libucrt:output.obj
 0001:0001ea96       ??$extract_argument_from_va_list@E_J@?$standard_base@_WV?$string_output_adapter@_W@__crt_stdio_output@@@__crt_stdio_output@@IAE_NAA_J@Z 1001fa96 f i libucrt:output.obj
 0001:0001eab6       ??$extract_argument_from_va_list@F_J@?$positional_parameter_base@DV?$stream_output_adapter@D@__crt_stdio_output@@@__crt_stdio_output@@IAE_NAA_J@Z 1001fab6 f i libucrt:output.obj
 0001:0001eb45       ??$extract_argument_from_va_list@F_J@?$positional_parameter_base@DV?$string_output_adapter@D@__crt_stdio_output@@@__crt_stdio_output@@IAE_NAA_J@Z 1001fb45 f i libucrt:output.obj
 0001:0001ebd4       ??$extract_argument_from_va_list@F_J@?$positional_parameter_base@_WV?$stream_output_adapter@_W@__crt_stdio_output@@@__crt_stdio_output@@IAE_NAA_J@Z 1001fbd4 f i libucrt:output.obj
 0001:0001ec64       ??$extract_argument_from_va_list@F_J@?$positional_parameter_base@_WV?$string_output_adapter@_W@__crt_stdio_output@@@__crt_stdio_output@@IAE_NAA_J@Z 1001fc64 f i libucrt:output.obj
 0001:0001ecf4       ??$extract_argument_from_va_list@F_J@?$standard_base@DV?$stream_output_adapter@D@__crt_stdio_output@@@__crt_stdio_output@@IAE_NAA_J@Z 1001fcf4 f i libucrt:output.obj
 0001:0001ed14       ??$extract_argument_from_va_list@F_J@?$standard_base@DV?$string_output_adapter@D@__crt_stdio_output@@@__crt_stdio_output@@IAE_NAA_J@Z 1001fd14 f i libucrt:output.obj
[...]
 0002:0000e070       __sehtable$??$?RV<lambda_6d20deecaf4856105ebacbad442d1079>@@AAV<lambda_9a32fed5bf61b6b509b2d3f6003082a1>@@V<lambda_63ea2239ed67c638ddbae41947fdf875>@@@?$__crt_seh_guarded_call@H@@QAEH$$QAV<lambda_6d20deecaf4856105ebacbad442d1079>@@AAV<lambda_9a32fed5bf61b6b509b2d3f6003082a1>@@$$QAV<lambda_63ea2239ed67c638ddbae41947fdf875>@@@Z 1006d070     libucrt:fflush.obj
 0002:0000e090       __sehtable$?update_thread_multibyte_data_internal@@YAPAU__crt_multibyte_data@@QAU__acrt_ptd@@QAPAU1@@Z 1006d090     libucrt:mbctype.obj
 0002:0000e0b0       __sehtable$??$?RV<lambda_ceb1ee4838e85a9d631eb091e2fbe199>@@AAV<lambda_ae742caa10f662c28703da3d2ea5e57e>@@V<lambda_cd08b5d6af4937fe54fc07d0c9bf6b37>@@@?$__crt_seh_guarded_call@X@@QAEX$$QAV<lambda_ceb1ee4838e85a9d631eb091e2fbe199>@@AAV<lambda_ae742caa10f662c28703da3d2ea5e57e>@@$$QAV<lambda_cd08b5d6af4937fe54fc07d0c9bf6b37>@@@Z 1006d0b0     libucrt:mbctype.obj
 0002:0000e0d0       __sehtable$__query_new_handler 1006d0d0     libucrt:new_handler.obj
 0002:0000e0f0       __sehtable$__set_new_handler 1006d0f0     libucrt:new_handler.obj
 0002:0000e110       __sehtable$_signal         1006d110     libucrt:signal.obj
 0002:0000e130       __sehtable$_raise          1006d130     libucrt:signal.obj
 0002:0000e150       __sehtable$?ctrlevent_capture@@YGHK@Z 1006d150     libucrt:signal.obj
 0002:0000e170       __sehtable$??$?RV<lambda_cbab9ec6f41b0180b23cc171c22676b0>@@AAV<lambda_44731a7d0e6d81c3e6aa82d741081786>@@V<lambda_4b292cb8dd18144e164572427af410ab>@@@?$__crt_seh_guarded_call@P6AXH@Z@@QAEP6AXH@Z$$QAV<lambda_cbab9ec6f41b0180b23cc171c22676b0>@@AAV<lambda_44731a7d0e6d81c3e6aa82d741081786>@@$$QAV<lambda_4b292cb8dd18144e164572427af410ab>@@@Z 1006d170     libucrt:signal.obj
 0002:0000e190       __sehtable$___acrt_update_thread_locale_data 1006d190     libucrt:locale_refcounting.obj
 0002:0000e1b0       __sehtable$__fcloseall     1006d1b0     libucrt:closeall.obj
 0002:0000e1d0       __sehtable$??$?RV<lambda_9e9de3de5fa147e2223d7db92bc10aa6>@@AAV<lambda_38ce7e780aa69e748d6df282ebc68efe>@@V<lambda_8ca6da459f0f6780f1cff60fdc3d00e5>@@@?$__crt_seh_guarded_call@H@@QAEH$$QAV<lambda_9e9de3de5fa147e2223d7db92bc10aa6>@@AAV<lambda_38ce7e780aa69e748d6df282ebc68efe>@@$$QAV<lambda_8ca6da459f0f6780f1cff60fdc3d00e5>@@@Z 1006d1d0     libucrt:commit.obj
 0002:0000e1f0       __sehtable$___set_fpsr_sse2 1006d1f0     libucrt:fpctrl.obj
 0002:0000e210       __sehtable$__IsNonwritableInCurrentImage 1006d210     LIBCMT:pesect.obj
 0002:0000e230       .edata                     1006d230     zlibwapi.exp
 0002:0000e258       rgpv                       1006d258     zlibwapi.exp
 0002:0000e520       rgszName                   1006d520     zlibwapi.exp
 0002:0000e730       rgwOrd                     1006d730     zlibwapi.exp
 0002:0000e838       szName                     1006d838     zlibwapi.exp
 0002:0000e845       $N00001                    1006d845     zlibwapi.exp
 0002:0000e84d       $N00140                    1006d84d     zlibwapi.exp
 0002:0000e85d       $N00174                    1006d85d     zlibwapi.exp
 0002:0000e867       $N00039                    1006d867     zlibwapi.exp
 0002:0000e871       $N00002                    1006d871     zlibwapi.exp
 0002:0000e87a       $N00046                    1006d87a     zlibwapi.exp
 0002:0000e888       $N00003                    1006d888     zlibwapi.exp
 0002:0000e88e       $N00142                    1006d88e     zlibwapi.exp
 0002:0000e89c       $N00177                    1006d89c     zlibwapi.exp
 0002:0000e8b0       $N00176                    1006d8b0     zlibwapi.exp
 0002:0000e8c2       $N00178                    1006d8c2     zlibwapi.exp
 0002:0000e8d3       $N00175                    1006d8d3     zlibwapi.exp
 0002:0000e8db       $N00004                    1006d8db     zlibwapi.exp
 0002:0000e8e3       $N00047                    1006d8e3     zlibwapi.exp
 0002:0000e8f0       $N00005                    1006d8f0     zlibwapi.exp
 0002:0000e8fc       $N00006                    1006d8fc     zlibwapi.exp
 0002:0000e907       $N00173                    1006d907     zlibwapi.exp
 0002:0000e91c       $N00007                    1006d91c     zlibwapi.exp
 0002:0000e92a       $N00008                    1006d92a     zlibwapi.exp
 0002:0000e937       $N00009                    1006d937     zlibwapi.exp
 0002:0000e945       $N00052                    1006d945     zlibwapi.exp
 0002:0000e954       $N00051                    1006d954     zlibwapi.exp
 0002:0000e961       $N00010                    1006d961     zlibwapi.exp
 0002:0000e96e       $N00164                    1006d96e     zlibwapi.exp
 0002:0000e97f       $N00011                    1006d97f     zlibwapi.exp
 0002:0000e994       $N00144                    1006d994     zlibwapi.exp
 0002:0000e9a5       $N00145                    1006d9a5     zlibwapi.exp
 0002:0000e9b1       $N00110                    1006d9b1     zlibwapi.exp
 0002:0000e9c5       $N00111                    1006d9c5     zlibwapi.exp
 0002:0000e9db       $N00112                    1006d9db     zlibwapi.exp
 0002:0000e9f2       $N00113                    1006d9f2     zlibwapi.exp
 0002:0000ea09       $N00038                    1006da09     zlibwapi.exp
 0002:0000ea17       $N00146                    1006da17     zlibwapi.exp
 0002:0000ea20       $N00048                    1006da20     zlibwapi.exp
 0002:0000ea2b       $N00012                    1006da2b     zlibwapi.exp
 0002:0000ea33       $N00147                    1006da33     zlibwapi.exp
 0002:0000ea3d       $N00148                    1006da3d     zlibwapi.exp
 0002:0000ea47       $N00149                    1006da47     zlibwapi.exp
 0002:0000ea50       $N00013                    1006da50     zlibwapi.exp
 0002:0000ea58       $N00034                    1006da58     zlibwapi.exp
 0002:0000ea5e       $N00014                    1006da5e     zlibwapi.exp
 0002:0000ea66       $N00015                    1006da66     zlibwapi.exp
 0002:0000ea6e       $N00171                    1006da6e     zlibwapi.exp
 0002:0000ea76       $N00172                    1006da76     zlibwapi.exp
 0002:0000ea7f       $N00030                    1006da7f     zlibwapi.exp
 0002:0000ea86       $N00161                    1006da86     zlibwapi.exp
 0002:0000ea8e       $N00041                    1006da8e     zlibwapi.exp
 0002:0000ea95       $N00150                    1006da95     zlibwapi.exp
 0002:0000ea9e       $N00016                    1006da9e     zlibwapi.exp
 0002:0000eaa5       $N00165                    1006daa5     zlibwapi.exp
 0002:0000eaae       $N00028                    1006daae     zlibwapi.exp
 0002:0000eab7       $N00029                    1006dab7     zlibwapi.exp
 0002:0000eabe       $N00040                    1006dabe     zlibwapi.exp
 0002:0000eac5       $N00017                    1006dac5     zlibwapi.exp
 0002:0000eacc       $N00032                    1006dacc     zlibwapi.exp
 0002:0000ead5       $N00031                    1006dad5     zlibwapi.exp
 0002:0000eadc       $N00035                    1006dadc     zlibwapi.exp
 0002:0000eae8       $N00033                    1006dae8     zlibwapi.exp
 0002:0000eaef       $N00049                    1006daef     zlibwapi.exp
 0002:0000eaf8       $N00167                    1006daf8     zlibwapi.exp
 0002:0000eb02       $N00018                    1006db02     zlibwapi.exp
 0002:0000eb0a       $N00019                    1006db0a     zlibwapi.exp
 0002:0000eb12       $N00044                    1006db12     zlibwapi.exp
 0002:0000eb1e       $N00045                    1006db1e     zlibwapi.exp
 0002:0000eb2d       $N00043                    1006db2d     zlibwapi.exp
 0002:0000eb3e       $N00168                    1006db3e     zlibwapi.exp
 0002:0000eb4f       $N00042                    1006db4f     zlibwapi.exp
 0002:0000eb5b       $N00020                    1006db5b     zlibwapi.exp
 0002:0000eb66       $N00166                    1006db66     zlibwapi.exp
 0002:0000eb7b       $N00156                    1006db7b     zlibwapi.exp
 0002:0000eb8c       $N00021                    1006db8c     zlibwapi.exp
 0002:0000eb9a       $N00022                    1006db9a     zlibwapi.exp
 0002:0000eba7       $N00157                    1006dba7     zlibwapi.exp
 0002:0000ebb3       $N00158                    1006dbb3     zlibwapi.exp
 0002:0000ebc0       $N00159                    1006dbc0     zlibwapi.exp
 0002:0000ebce       $N00023                    1006dbce     zlibwapi.exp
 0002:0000ebdb       $N00163                    1006dbdb     zlibwapi.exp
 0002:0000ebec       $N00024                    1006dbec     zlibwapi.exp
 0002:0000ec01       $N00025                    1006dc01     zlibwapi.exp
 0002:0000ec0d       $N00037                    1006dc0d     zlibwapi.exp
 0002:0000ec1e       $N00160                    1006dc1e     zlibwapi.exp
 0002:0000ec2f       $N00169                    1006dc2f     zlibwapi.exp
 0002:0000ec3f       $N00170                    1006dc3f     zlibwapi.exp
 0002:0000ec4b       $N00026                    1006dc4b     zlibwapi.exp
 0002:0000ec56       $N00062                    1006dc56     zlibwapi.exp
 0002:0000ec5f       $N00072                    1006dc5f     zlibwapi.exp
 0002:0000ec73       $N00124                    1006dc73     zlibwapi.exp
 0002:0000ec8b       $N00064                    1006dc8b     zlibwapi.exp
 0002:0000eca1       $N00125                    1006dca1     zlibwapi.exp
 0002:0000ecbf       $N00127                    1006dcbf     zlibwapi.exp
 0002:0000eccf       $N00100                    1006dccf     zlibwapi.exp
 0002:0000ecdd       $N00073                    1006dcdd     zlibwapi.exp
 0002:0000ecf1       $N00122                    1006dcf1     zlibwapi.exp
 0002:0000ed04       $N00063                    1006dd04     zlibwapi.exp
 0002:0000ed15       $N00076                    1006dd15     zlibwapi.exp
 0002:0000ed2b       $N00128                    1006dd2b     zlibwapi.exp
 0002:0000ed3c       $N00101                    1006dd3c     zlibwapi.exp
 0002:0000ed4b       $N00065                    1006dd4b     zlibwapi.exp
 0002:0000ed5c       $N00066                    1006dd5c     zlibwapi.exp
 0002:0000ed6c       $N00075                    1006dd6c     zlibwapi.exp
 0002:0000ed7a       $N00077                    1006dd7a     zlibwapi.exp
 0002:0000ed83       $N00121                    1006dd83     zlibwapi.exp
 0002:0000ed8f       $N00120                    1006dd8f     zlibwapi.exp
 0002:0000ed99       $N00061                    1006dd99     zlibwapi.exp
 0002:0000eda1       $N00078                    1006dda1     zlibwapi.exp
 0002:0000edb5       $N00069                    1006ddb5     zlibwapi.exp
 0002:0000edc9       $N00067                    1006ddc9     zlibwapi.exp
 0002:0000eddc       $N00079                    1006dddc     zlibwapi.exp
 0002:0000edf7       $N00068                    1006ddf7     zlibwapi.exp
 0002:0000ee0a       $N00074                    1006de0a     zlibwapi.exp
 0002:0000ee23       $N00071                    1006de23     zlibwapi.exp
 0002:0000ee2a       $N00126                    1006de2a     zlibwapi.exp
 0002:0000ee34       $N00070                    1006de34     zlibwapi.exp
 0002:0000ee3c       $N00036                    1006de3c     zlibwapi.exp
 0002:0000ee43       $N00084                    1006de43     zlibwapi.exp
 0002:0000ee4c       $N00083                    1006de4c     zlibwapi.exp
 0002:0000ee5e       $N00136                    1006de5e     zlibwapi.exp
 0002:0000ee75       $N00087                    1006de75     zlibwapi.exp
 0002:0000ee8a       $N00088                    1006de8a     zlibwapi.exp
 0002:0000ee93       $N00131                    1006de93     zlibwapi.exp
 0002:0000ee9f       $N00130                    1006de9f     zlibwapi.exp
 0002:0000eea9       $N00080                    1006dea9     zlibwapi.exp
 0002:0000eeb1       $N00086                    1006deb1     zlibwapi.exp
 0002:0000eec6       $N00133                    1006dec6     zlibwapi.exp
 0002:0000eede       $N00089                    1006dede     zlibwapi.exp
 0002:0000eef3       $N00134                    1006def3     zlibwapi.exp
 0002:0000ef0b       $N00135                    1006df0b     zlibwapi.exp
 0002:0000ef23       $N00132                    1006df23     zlibwapi.exp
 0002:0000ef39       $N00081                    1006df39     zlibwapi.exp
 0002:0000ef4d       $N00082                    1006df4d     zlibwapi.exp
 0002:0000ef61       $N00050                    1006df61     zlibwapi.exp
 0002:0000ef72       $N00027                    1006df72     zlibwapi.exp
 0002:0000f160       .idata$6                   1006e160     kernel32:KERNEL32.dll
 0003:00000020       ?prefix@?1??getDimension@UnDecorator@@CA?AVDName@@_N@Z@4UStringLiteral@@A 1006f020     libvcruntime:undname.obj
 0003:00000028       ?__vcrt_flsindex@@3KA      1006f028     libvcruntime:per_thread_data.obj
 0003:00000140       ?errno_no_memory@@3HA      1006f140     libucrt:errno.obj
 0003:00000144       ?doserrno_no_memory@@3KA   1006f144     libucrt:errno.obj
 0003:00000150       ?__acrt_flsindex@@3KA      1006f150     libucrt:per_thread_data.obj
 0003:00000154       __ctype_loc_style          1006f154     libucrt:wsetlocale.obj
 0003:00000520       __mbctypes                 1006f520     libucrt:mbctype.obj
 0003:00000628       __mbcasemaps               1006f628     libucrt:mbctype.obj
 0003:00000728       ?__rgctypeflag@@3PADA      1006f728     libucrt:mbctype.obj
 0003:00000730       ?__rgcode_page_info@@3PAUcode_page_info@@A 1006f730     libucrt:mbctype.obj
 0003:00000888       ?__dcrt_lowio_console_output_handle@@3PAXA 1006f888     libucrt:initcon.obj
 0003:00000890       ?__DAZ_ENABLED@?1??__set_fpsr_sse2@@9@9 1006f890     libucrt:fpctrl.obj
 0003:000009c0       ?__proc_attached@@3HA      1006f9c0     LIBCMT:dll_dllmain.obj
 0003:000009e8       ?is_initialized_as_dll@@3_NA 1006f9e8     LIBCMT:utility.obj
 0003:000009e9       ?module_local_atexit_table_initialized@@3_NA 1006f9e9     LIBCMT:utility.obj
 0003:000009ec       ?module_local_atexit_table@@3U_onexit_table_t@@A 1006f9ec     LIBCMT:utility.obj
 0003:000009f8       ?module_local_at_quick_exit_table@@3U_onexit_table_t@@A 1006f9f8     LIBCMT:utility.obj
 0003:00000a18       _GS_ExceptionRecord        1006fa18     LIBCMT:gs_report.obj
 0003:00000a68       _GS_ContextRecord          1006fa68     LIBCMT:gs_report.obj
 0003:00000d60       ?heap@@3V_HeapManager@@A   1006fd60     libvcruntime:undname.obj
 0003:00000d74       ?__vcrt_startup_thread_ptd@@3U__vcrt_ptd@@A 1006fd74     libvcruntime:per_thread_data.obj
 0003:00000d9c       ___vcrt_lock_table         1006fd9c     libvcruntime:locks.obj
 0003:00000db4       ___vcrt_locks_initialized  1006fdb4     libvcruntime:locks.obj
 0003:00000db8       ?module_handles@@3PAPAUHINSTANCE__@@A 1006fdb8     libvcruntime:winapi_downlevel.obj
 0003:00000dc4       ?function_pointers@@3PAPAXA 1006fdc4     libvcruntime:winapi_downlevel.obj
 0003:00000ddc       ?c_termination_complete@@3JA 1006fddc     libucrt:exit.obj
 0003:00000de0       ?thread_local_exit_callback_func@@3P6GXPAXK0@ZA 1006fde0     libucrt:exit.obj
 0003:00000de4       ?c_exit_complete@?1???R<lambda_6e4b09c48022b2350581041d5f6b0c4c>@@QBE@XZ@4_NA 1006fde4     libucrt:exit.obj
 0003:00000de8       ?program_name@?1???$common_configure_argv@D@@YAHW4_crt_argv_mode@@@Z@4PADA 1006fde8     libucrt:argv_parsing.obj
 0003:00000ef0       ?program_name@?1???$common_configure_argv@_W@@YAHW4_crt_argv_mode@@@Z@4PA_WA 1006fef0     libucrt:argv_parsing.obj
 0003:00001124       ?__acrt_invalid_parameter_handler@@3V?$dual_state_global@P6AXPB_W00II@Z@__crt_state_management@@A 10070124     libucrt:invalid_parameter.obj
 0003:00001338       ?module_handles@@3PAPAUHINSTANCE__@@A 10070338     libucrt:winapi_thunks.obj
 0003:00001390       ?encoded_function_pointers@@3PAPAXA 10070390     libucrt:winapi_thunks.obj
 0003:0000141c       ?static_enum_proc@?1??enum_system_locales_ex_nolock@@YAHQ6GHPA_WKJ@Z@Z@4P6GH0KJ@ZA 1007041c     libucrt:winapi_thunks.obj
 0003:00001424       ?local_state@?7??_wcrtomb_internal@@YAHQAHQADI_WQAU_Mbstatet@@AAV__crt_cached_ptd_host@@@Z@4U2@A 10070424     libucrt:wcrtomb.obj
 0003:0000142c       ?internal_state@?1??_mbtowc_internal@@9@4U_Mbstatet@@A 1007042c     libucrt:mbtowc.obj
 0003:00001440       ?enable_percent_n@@3IA     10070440     libucrt:printf_count_output.obj
 0003:0000144c       ?mbst@?1??mbrlen@@9@4U_Mbstatet@@A 1007044c     libucrt:mbrtowc.obj
 0003:00001454       ?mbst@?1??mbrtowc@@9@4U_Mbstatet@@A 10070454     libucrt:mbrtowc.obj
 0003:0000145c       ?mbst@?1??_mbsrtowcs_helper@@YAIPA_WPAPBDIPAU_Mbstatet@@AAV__crt_cached_ptd_host@@@Z@4U2@A 1007045c     libucrt:mbrtowc.obj
 0003:00001468       ?__acrt_lock_table@@3PAU_RTL_CRITICAL_SECTION@@A 10070468     libucrt:locks.obj
 0003:000015b8       ?__acrt_locks_initialized@@3IA 100705b8     libucrt:locks.obj
 0003:000015bc       ?state_cache@?1???$get_cached_win_policy@Ubegin_thread_init_policy_properties@?1??__acrt_get_begin_thread_init_policy@@YA?AW4begin_thread_init_policy@@XZ@@@YA?AW4begin_thread_init_policy@@W4AppPolicyThreadInitializationType@@@Z@4JA 100705bc     libucrt:win_policies.obj
 0003:000015c0       ?state_cache@?1???$get_cached_win_policy@Udeveloper_information_policy_properties@?1??__acrt_get_developer_information_policy@@YA?AW4developer_information_policy@@XZ@@@YA?AW4developer_information_policy@@W4AppPolicyShowDeveloperDiagnostic@@@Z@4JA 100705c0     libucrt:win_policies.obj
 0003:000015c4       ?state_cache@?1???$get_cached_win_policy@Uwindowing_model_policy_properties@?1??__acrt_get_windowing_model_policy@@YA?AW4windowing_model_policy@@XZ@@@YA?AW4windowing_model_policy@@W4AppPolicyWindowingModel@@@Z@4JA 100705c4     libucrt:win_policies.obj
 0003:000015d4       ?fSystemSet@@3HA           100705d4     libucrt:mbctype.obj
 0003:000015d8       ?initialized@?1??__acrt_initialize_multibyte@@9@4_NA 100705d8     libucrt:mbctype.obj
 0003:000015fc       ?__acrt_new_handler@@3V?$dual_state_global@P6AHI@Z@__crt_state_management@@A 100705fc     libucrt:new_handler.obj
 0003:00001600       ?console_ctrl_handler_installed@@3_NA 10070600     libucrt:signal.obj
 0003:00001604       ?ctrlc_action@@3V?$dual_state_global@P6AXH@Z@__crt_state_management@@A 10070604     libucrt:signal.obj
 0003:00001608       ?ctrlbreak_action@@3V?$dual_state_global@P6AXH@Z@__crt_state_management@@A 10070608     libucrt:signal.obj
 0003:0000160c       ?abort_action@@3V?$dual_state_global@P6AXH@Z@__crt_state_management@@A 1007060c     libucrt:signal.obj
 0003:00001610       ?term_action@@3V?$dual_state_global@P6AXH@Z@__crt_state_management@@A 10070610     libucrt:signal.obj
 0003:00001614       ?user_matherr@@3V?$dual_state_global@P6AHPAU_exception@@@Z@__crt_state_management@@A 10070614     libucrt:matherr.obj
 0003:00001618       ?__acrt_app_type@@3W4_crt_app_type@@A 10070618     libucrt:report_runtime_error.obj
 0003:00001620       ?outmsg@?9??__acrt_report_runtime_error@@9@4PA_WA 10070620     libucrt:report_runtime_error.obj
 0003:00001c50       ?__acrt_global_new_mode@@3V?$dual_state_global@J@__crt_state_management@@A 10070c50     libucrt:new_mode.obj
 0003:00001c58       ?internal_pst@?1??__c16rtomb_utf8@__crt_mbstring@@YAIPAD_SPAU_Mbstatet@@AAV__crt_cached_ptd_host@@@Z@4U3@A 10070c58     libucrt:c16rtomb.obj
 0003:00001c60       ?internal_pst@?1??__mbrtoc32_utf8@__crt_mbstring@@YAIPA_UPBDIPAU_Mbstatet@@AAV__crt_cached_ptd_host@@@Z@4U3@A 10070c60     libucrt:mbrtoc32.obj
 0003:00001c6c       ___acrt_error_mode         10070c6c     libucrt:set_error_mode.obj
 0003:00001c74       __pmatherr_set             10070c74     libucrt:libm_error.obj
 0003:00001c78       ?calls@?1??crypthead@@9@9  10070c78     zip.obj
 0004:00000060       $R000000                   10071060     zlib.res
